******************************************************************************
            TI ARM Clang Linker PC v4.0.2                      
******************************************************************************
>> Linked Sun Jul 13 13:47:31 2025

OUTPUT FILE NAME:   <2_OLED_Dispaly_Float.out>
ENTRY POINT SYMBOL: "_c_int00_noargs"  address: 00000e11


MEMORY CONFIGURATION

         name            origin    length      used     unused   attr    fill
----------------------  --------  ---------  --------  --------  ----  --------
  FLASH                 00000000   00008000  00001568  00006a98  R  X
  SRAM                  20200000   00004000  000002f1  00003d0f  RW X
  BCR_CONFIG            41c00000   000000ff  00000000  000000ff  R   
  BSL_CONFIG            41c00100   00000080  00000000  00000080  R   


SEGMENT ALLOCATION MAP

run origin  load origin   length   init length attrs members
----------  ----------- ---------- ----------- ----- -------
00000000    00000000    00001568   00001568    r-x
  00000000    00000000    000000c0   000000c0    r-- .intvecs
  000000c0    000000c0    00001410   00001410    r-x .text
  000014d0    000014d0    00000068   00000068    r-- .rodata
  00001538    00001538    00000030   00000030    r-- .cinit
20200000    20200000    000000f1   00000000    rw-
  20200000    20200000    000000f0   00000000    rw- .bss
  202000f0    202000f0    00000001   00000000    rw- .data
20203e00    20203e00    00000200   00000000    rw-
  20203e00    20203e00    00000200   00000000    rw- .stack


SECTION ALLOCATION MAP

 output                                  attributes/
section   page    origin      length       input sections
--------  ----  ----------  ----------   ----------------
.intvecs   0    00000000    000000c0     
                  00000000    000000c0     startup_mspm0g350x_ticlang.o (.intvecs)

.text      0    000000c0    00001410     
                  000000c0    00000168     ti_msp_dl_config.o (.text.SYSCFG_DL_GPIO_init)
                  00000228    0000010c     libclang_rt.builtins.a : divdf3.S.obj (.text.__divdf3)
                  00000334    00000104     driverlib.a : dl_timer.o (.text.DL_Timer_initFourCCPWMMode)
                  00000438    000000e4     libclang_rt.builtins.a : muldf3.S.obj (.text.__muldf3)
                  0000051c    00000094     ti_msp_dl_config.o (.text.SYSCFG_DL_PWM_0_init)
                  000005b0    0000008c     ti_msp_dl_config.o (.text.SYSCFG_DL_initPower)
                  0000063c    0000007c     libc.a : copy_decompress_lzss.c.obj (.text:decompress:lzss)
                  000006b8    00000070     SPI_AD7606.o (.text.GROUP1_IRQHandler)
                  00000728    00000060     main.o (.text.main)
                  00000788    00000058     ti_msp_dl_config.o (.text.SYSCFG_DL_I2C_1_init)
                  000007e0    00000058     ti_msp_dl_config.o (.text.SYSCFG_DL_SPI_0_init)
                  00000838    00000050     AD9834.o (.text.AD9834_Init)
                  00000888    0000004c     driverlib.a : dl_dma.o (.text.DL_DMA_initChannel)
                  000008d4    0000004c     ti_msp_dl_config.o (.text.DL_UART_setBaudRateDivisor)
                  00000920    00000048     driverlib.a : dl_uart.o (.text.DL_UART_init)
                  00000968    00000048     ti_msp_dl_config.o (.text.SYSCFG_DL_UART_0_init)
                  000009b0    00000048     ti_msp_dl_config.o (.text.SYSCFG_DL_init)
                  000009f8    00000044     AD9834.o (.text.AD9834_Set_Frequency)
                  00000a3c    00000044     AD9834.o (.text.AD9834_Set_Register)
                  00000a80    00000044     driverlib.a : dl_spi.o (.text.DL_SPI_init)
                  00000ac4    00000042     libclang_rt.builtins.a : fixunsdfsi.S.obj (.text.__fixunsdfsi)
                  00000b06    00000002     --HOLE-- [fill = 0]
                  00000b08    00000040     ti_msp_dl_config.o (.text.SYSCFG_DL_SPI_1_init)
                  00000b48    0000003c     ti_msp_dl_config.o (.text.DL_GPIO_initPeripheralInputFunctionFeatures)
                  00000b84    0000003c     ti_msp_dl_config.o (.text.DL_Timer_setCounterControl)
                  00000bc0    0000003c     libc.a : autoinit.c.obj (.text:__TI_auto_init_nobinit_nopinit)
                  00000bfc    0000003a     libclang_rt.builtins.a : muldsi3.S.obj (.text.__muldsi3)
                  00000c36    00000002     --HOLE-- [fill = 0]
                  00000c38    00000038     ti_msp_dl_config.o (.text.DL_GPIO_initPeripheralOutputFunctionFeatures)
                  00000c70    00000038     SPI_AD7606.o (.text.SPI1_IRQHandler)
                  00000ca8    00000034     ti_msp_dl_config.o (.text.DL_GPIO_initDigitalInputFeatures)
                  00000cdc    00000030     SPI_AD7606.o (.text.DL_DMA_setTransferSize)
                  00000d0c    00000030     ti_msp_dl_config.o (.text.DL_GPIO_initDigitalOutputFeatures)
                  00000d3c    00000030     ti_msp_dl_config.o (.text.DL_SPI_setFIFOThreshold)
                  00000d6c    0000002c     Delay.o (.text.Delay_ms)
                  00000d98    00000028     ti_msp_dl_config.o (.text.DL_Common_updateReg)
                  00000dc0    00000028     ti_msp_dl_config.o (.text.DL_I2C_setControllerRXFIFOThreshold)
                  00000de8    00000028     ti_msp_dl_config.o (.text.DL_I2C_setControllerTXFIFOThreshold)
                  00000e10    00000028     libc.a : boot_cortex_m.c.obj (.text:_c_int00_noargs)
                  00000e38    00000026     SPI_AD7606.o (.text.DL_DMA_enableChannel)
                  00000e5e    00000026     ti_msp_dl_config.o (.text.DL_I2C_setAnalogGlitchFilterPulseWidth)
                  00000e84    00000026     driverlib.a : dl_i2c.o (.text.DL_I2C_setClockConfig)
                  00000eaa    00000002     --HOLE-- [fill = 0]
                  00000eac    00000024     ti_msp_dl_config.o (.text.DL_SPI_setBitRateSerialClockDivider)
                  00000ed0    00000024     libclang_rt.builtins.a : floatunsidf.S.obj (.text.__floatunsidf)
                  00000ef4    00000020     ti_msp_dl_config.o (.text.DL_GPIO_initPeripheralInputFunction)
                  00000f14    0000001e     ti_msp_dl_config.o (.text.DL_UART_setOversampling)
                  00000f32    0000001e     ti_msp_dl_config.o (.text.SYSCFG_DL_SYSCTL_init)
                  00000f50    0000001c     ti_msp_dl_config.o (.text.DL_GPIO_clearInterruptStatus)
                  00000f6c    0000001c     ti_msp_dl_config.o (.text.DL_GPIO_enableHiZ)
                  00000f88    0000001c     ti_msp_dl_config.o (.text.DL_GPIO_enableInterrupt)
                  00000fa4    0000001c     ti_msp_dl_config.o (.text.DL_GPIO_initPeripheralOutputFunction)
                  00000fc0    0000001c     ti_msp_dl_config.o (.text.DL_GPIO_setLowerPinsPolarity)
                  00000fdc    0000001c     SPI_AD7606.o (.text.DL_Interrupt_getPendingGroup)
                  00000ff8    0000001c     ti_msp_dl_config.o (.text.DL_SPI_enableInterrupt)
                  00001014    0000001c     ti_msp_dl_config.o (.text.DL_SYSCTL_setSYSOSCFreq)
                  00001030    0000001c     driverlib.a : dl_timer.o (.text.DL_Timer_setCaptCompUpdateMethod)
                  0000104c    0000001c                 : dl_timer.o (.text.DL_Timer_setClockConfig)
                  00001068    0000001c     ti_msp_dl_config.o (.text.DL_UART_enableInterrupt)
                  00001084    00000018     ti_msp_dl_config.o (.text.DL_GPIO_enableOutput)
                  0000109c    00000018     ti_msp_dl_config.o (.text.DL_GPIO_enablePower)
                  000010b4    00000018     ti_msp_dl_config.o (.text.DL_GPIO_initDigitalOutput)
                  000010cc    00000018     ti_msp_dl_config.o (.text.DL_GPIO_reset)
                  000010e4    00000018     AD9834.o (.text.DL_GPIO_setPins)
                  000010fc    00000018     SPI_AD7606.o (.text.DL_GPIO_setPins)
                  00001114    00000018     ti_msp_dl_config.o (.text.DL_I2C_enableAnalogGlitchFilter)
                  0000112c    00000018     ti_msp_dl_config.o (.text.DL_I2C_enableController)
                  00001144    00000018     ti_msp_dl_config.o (.text.DL_I2C_enableControllerClockStretching)
                  0000115c    00000018     ti_msp_dl_config.o (.text.DL_I2C_enablePower)
                  00001174    00000018     ti_msp_dl_config.o (.text.DL_I2C_reset)
                  0000118c    00000018     ti_msp_dl_config.o (.text.DL_I2C_setTimerPeriod)
                  000011a4    00000018     ti_msp_dl_config.o (.text.DL_SPI_enable)
                  000011bc    00000018     ti_msp_dl_config.o (.text.DL_SPI_enableDMAReceiveEvent)
                  000011d4    00000018     ti_msp_dl_config.o (.text.DL_SPI_enablePower)
                  000011ec    00000018     AD9834.o (.text.DL_SPI_isBusy)
                  00001204    00000018     SPI_AD7606.o (.text.DL_SPI_isRXFIFOEmpty)
                  0000121c    00000018     ti_msp_dl_config.o (.text.DL_SPI_reset)
                  00001234    00000018     ti_msp_dl_config.o (.text.DL_SYSCTL_setBORThreshold)
                  0000124c    00000018     ti_msp_dl_config.o (.text.DL_Timer_enablePower)
                  00001264    00000018     ti_msp_dl_config.o (.text.DL_Timer_reset)
                  0000127c    00000018     driverlib.a : dl_timer.o (.text.DL_Timer_setCaptureCompareOutCtl)
                  00001294    00000018     main.o (.text.DL_Timer_startCounter)
                  000012ac    00000018     ti_msp_dl_config.o (.text.DL_UART_enablePower)
                  000012c4    00000018     ti_msp_dl_config.o (.text.DL_UART_reset)
                  000012dc    00000018     ti_msp_dl_config.o (.text.SYSCFG_DL_DMA_CH0_init)
                  000012f4    00000018     ti_msp_dl_config.o (.text.SYSCFG_DL_DMA_CH1_init)
                  0000130c    00000016     AD9834.o (.text.DL_SPI_transmitData16)
                  00001322    00000016     ti_msp_dl_config.o (.text.DL_UART_enable)
                  00001338    00000016     libc.a : copy_zero_init.c.obj (.text:decompress:ZI:__TI_zero_init_nomemset)
                  0000134e    00000014     AD9834.o (.text.AD9834_Set_Wave)
                  00001362    00000014     AD9834.o (.text.DL_GPIO_clearPins)
                  00001376    00000014     SPI_AD7606.o (.text.DL_GPIO_clearPins)
                  0000138a    00000014     ti_msp_dl_config.o (.text.DL_GPIO_clearPins)
                  0000139e    00000002     --HOLE-- [fill = 0]
                  000013a0    00000014     ti_msp_dl_config.o (.text.DL_I2C_resetControllerTransfer)
                  000013b4    00000014     ti_msp_dl_config.o (.text.DL_SPI_enableDMATransmitEvent)
                  000013c8    00000014     SPI_AD7606.o (.text.DL_SPI_receiveData16)
                  000013dc    00000014     ti_msp_dl_config.o (.text.DL_SYSCTL_disableSYSPLL)
                  000013f0    00000014     ti_msp_dl_config.o (.text.DL_Timer_enableClock)
                  00001404    00000014     ti_msp_dl_config.o (.text.DL_Timer_setCCPDirection)
                  00001418    00000012     SPI_AD7606.o (.text.DL_SPI_getPendingInterrupt)
                  0000142a    00000012     driverlib.a : dl_spi.o (.text.DL_SPI_setClockConfig)
                  0000143c    00000012                 : dl_uart.o (.text.DL_UART_setClockConfig)
                  0000144e    00000012     libc.a : memcpy16.S.obj (.text:TI_memcpy_small)
                  00001460    00000012            : copy_decompress_none.c.obj (.text:decompress:none)
                  00001472    00000002     --HOLE-- [fill = 0]
                  00001474    00000010     ti_msp_dl_config.o (.text.DL_SYSCTL_disableHFXT)
                  00001484    00000010     driverlib.a : dl_timer.o (.text.DL_Timer_setCaptureCompareValue)
                  00001494    0000000c     ti_msp_dl_config.o (.text.SYSCFG_DL_DMA_init)
                  000014a0    0000000a     driverlib.a : dl_common.o (.text.DL_Common_delayCycles)
                  000014aa    00000002     --HOLE-- [fill = 0]
                  000014ac    00000008     libclang_rt.builtins.a : aeabi_memcpy.S.obj (.text.__aeabi_memcpy)
                  000014b4    00000006     libc.a : exit.c.obj (.text:abort)
                  000014ba    00000004     startup_mspm0g350x_ticlang.o (.text.Default_Handler)
                  000014be    00000004     libsysbm.a : hostexit.c.obj (.text.HOSTexit)
                  000014c2    00000004     startup_mspm0g350x_ticlang.o (.text.Reset_Handler)
                  000014c6    00000004     libc.a : pre_init.c.obj (.text._system_pre_init)
                  000014ca    00000006     --HOLE-- [fill = 0]

.cinit     0    00001538    00000030     
                  00001538    0000000c     (__TI_handler_table)
                  00001544    00000008     (.cinit..bss.load) [load image, compression = zero_init]
                  0000154c    00000005     (.cinit..data.load) [load image, compression = lzss]
                  00001551    00000003     --HOLE-- [fill = 0]
                  00001554    00000010     (__TI_cinit_table)
                  00001564    00000004     --HOLE-- [fill = 0]

.rodata    0    000014d0    00000068     
                  000014d0    00000018     ti_msp_dl_config.o (.rodata.gDMA_CH0Config)
                  000014e8    00000018     ti_msp_dl_config.o (.rodata.gDMA_CH1Config)
                  00001500    0000000a     ti_msp_dl_config.o (.rodata.gSPI_0_config)
                  0000150a    0000000a     ti_msp_dl_config.o (.rodata.gSPI_1_config)
                  00001514    0000000a     ti_msp_dl_config.o (.rodata.gUART_0Config)
                  0000151e    00000002     ti_msp_dl_config.o (.rodata.gI2C_1ClockConfig)
                  00001520    00000008     ti_msp_dl_config.o (.rodata.gPWM_0Config)
                  00001528    00000003     ti_msp_dl_config.o (.rodata.gPWM_0ClockConfig)
                  0000152b    00000002     ti_msp_dl_config.o (.rodata.gSPI_0_clockConfig)
                  0000152d    00000002     ti_msp_dl_config.o (.rodata.gSPI_1_clockConfig)
                  0000152f    00000002     ti_msp_dl_config.o (.rodata.gUART_0ClockConfig)
                  00001531    00000007     --HOLE-- [fill = 0]

.init_array 
*          0    00000000    00000000     UNINITIALIZED

.binit     0    00000000    00000000     

.bss       0    20200000    000000f0     UNINITIALIZED
                  20200000    000000a0     (.common:gPWM_0Backup)
                  202000a0    00000028     (.common:gSPI_0Backup)
                  202000c8    00000028     (.common:gSPI_1Backup)

.data      0    202000f0    00000001     UNINITIALIZED
                  202000f0    00000001     SPI_AD7606.o (.data.AD7606_RX_flag)

.stack     0    20203e00    00000200     UNINITIALIZED
                  20203e00    00000004     libc.a : boot_cortex_m.c.obj (.stack)
                  20203e04    000001fc     --HOLE--

__llvm_prf_cnts 
*          0    20200000    00000000     UNINITIALIZED

__llvm_prf_bits 
*          0    20200000    00000000     UNINITIALIZED

MODULE SUMMARY

       Module                         code   ro data   rw data
       ------                         ----   -------   -------
    .\
       ti_msp_dl_config.o             2616   97        240    
       startup_mspm0g350x_ticlang.o   8      192       0      
       main.o                         120    0         0      
    +--+------------------------------+------+---------+---------+
       Total:                         2744   289       240    
                                                              
    .\AD7606\
       SPI_AD7606.o                   388    0         1      
    +--+------------------------------+------+---------+---------+
       Total:                         388    0         1      
                                                              
    .\AD9834\
       AD9834.o                       326    0         0      
    +--+------------------------------+------+---------+---------+
       Total:                         326    0         0      
                                                              
    .\Delay\
       Delay.o                        44     0         0      
    +--+------------------------------+------+---------+---------+
       Total:                         44     0         0      
                                                              
    E:/Program/TI/SDK/mspm0_sdk_2_04_00_06/source/ti/driverlib/lib/ticlang/m0p/mspm0g1x0x_g3x0x/driverlib.a
       dl_timer.o                     356    0         0      
       dl_uart.o                      90     0         0      
       dl_spi.o                       86     0         0      
       dl_dma.o                       76     0         0      
       dl_i2c.o                       38     0         0      
       dl_common.o                    10     0         0      
    +--+------------------------------+------+---------+---------+
       Total:                         656    0         0      
                                                              
    E:\Program\TI\CCS\CCS_software\ccs\tools\compiler\ti-cgt-armllvm_4.0.2.LTS\lib\armv6m-ti-none-eabi/c/libc.a
       copy_decompress_lzss.c.obj     124    0         0      
       autoinit.c.obj                 60     0         0      
       boot_cortex_m.c.obj            40     0         0      
       copy_zero_init.c.obj           22     0         0      
       copy_decompress_none.c.obj     18     0         0      
       memcpy16.S.obj                 18     0         0      
       exit.c.obj                     6      0         0      
       pre_init.c.obj                 4      0         0      
    +--+------------------------------+------+---------+---------+
       Total:                         292    0         0      
                                                              
    E:\Program\TI\CCS\CCS_software\ccs\tools\compiler\ti-cgt-armllvm_4.0.2.LTS\lib\armv6m-ti-none-eabi/c/libsysbm.a
       hostexit.c.obj                 4      0         0      
    +--+------------------------------+------+---------+---------+
       Total:                         4      0         0      
                                                              
    E:\Program\TI\CCS\CCS_software\ccs\tools\compiler\ti-cgt-armllvm_4.0.2.LTS\lib\armv6m-ti-none-eabi/libclang_rt.builtins.a
       divdf3.S.obj                   268    0         0      
       muldf3.S.obj                   228    0         0      
       fixunsdfsi.S.obj               66     0         0      
       muldsi3.S.obj                  58     0         0      
       floatunsidf.S.obj              36     0         0      
       aeabi_memcpy.S.obj             8      0         0      
    +--+------------------------------+------+---------+---------+
       Total:                         664    0         0      
                                                              
       Stack:                         0      0         512    
       Linker Generated:              0      41        0      
    +--+------------------------------+------+---------+---------+
       Grand Total:                   5118   330       753    


LINKER GENERATED COPY TABLES

__TI_cinit_table @ 00001554 records: 2, size/record: 8, table size: 16
	.bss: load addr=00001544, load size=00000008 bytes, run addr=20200000, run size=000000f0 bytes, compression=zero_init
	.data: load addr=0000154c, load size=00000005 bytes, run addr=202000f0, run size=00000001 bytes, compression=lzss


LINKER GENERATED HANDLER TABLE

__TI_handler_table @ 00001538 records: 3, size/record: 4, table size: 12
	index: 0, handler: __TI_decompress_lzss
	index: 1, handler: __TI_decompress_none
	index: 2, handler: __TI_zero_init


GLOBAL SYMBOLS: SORTED ALPHABETICALLY BY Name 

address   name                            
-------   ----                            
202000f0  AD7606_RX_flag                  
00000839  AD9834_Init                     
000009f9  AD9834_Set_Frequency            
00000a3d  AD9834_Set_Register             
0000134f  AD9834_Set_Wave                 
000014bb  ADC0_IRQHandler                 
000014bb  ADC1_IRQHandler                 
000014bb  AES_IRQHandler                  
000014be  C$$EXIT                         
000014bb  CANFD0_IRQHandler               
000014bb  DAC0_IRQHandler                 
000014a1  DL_Common_delayCycles           
00000889  DL_DMA_initChannel              
00000e85  DL_I2C_setClockConfig           
00000a81  DL_SPI_init                     
0000142b  DL_SPI_setClockConfig           
00000335  DL_Timer_initFourCCPWMMode      
00001031  DL_Timer_setCaptCompUpdateMethod
0000127d  DL_Timer_setCaptureCompareOutCtl
00001485  DL_Timer_setCaptureCompareValue 
0000104d  DL_Timer_setClockConfig         
00000921  DL_UART_init                    
0000143d  DL_UART_setClockConfig          
000014bb  DMA_IRQHandler                  
000014bb  Default_Handler                 
00000d6d  Delay_ms                        
000014bb  GROUP0_IRQHandler               
000006b9  GROUP1_IRQHandler               
000014bf  HOSTexit                        
000014bb  HardFault_Handler               
000014bb  I2C0_IRQHandler                 
000014bb  I2C1_IRQHandler                 
000014bb  NMI_Handler                     
000014bb  PendSV_Handler                  
000014bb  RTC_IRQHandler                  
000014c3  Reset_Handler                   
000014bb  SPI0_IRQHandler                 
00000c71  SPI1_IRQHandler                 
000014bb  SVC_Handler                     
000012dd  SYSCFG_DL_DMA_CH0_init          
000012f5  SYSCFG_DL_DMA_CH1_init          
00001495  SYSCFG_DL_DMA_init              
000000c1  SYSCFG_DL_GPIO_init             
00000789  SYSCFG_DL_I2C_1_init            
0000051d  SYSCFG_DL_PWM_0_init            
000007e1  SYSCFG_DL_SPI_0_init            
00000b09  SYSCFG_DL_SPI_1_init            
00000f33  SYSCFG_DL_SYSCTL_init           
00000969  SYSCFG_DL_UART_0_init           
000009b1  SYSCFG_DL_init                  
000005b1  SYSCFG_DL_initPower             
000014bb  SysTick_Handler                 
000014bb  TIMA0_IRQHandler                
000014bb  TIMA1_IRQHandler                
000014bb  TIMG0_IRQHandler                
000014bb  TIMG12_IRQHandler               
000014bb  TIMG6_IRQHandler                
000014bb  TIMG7_IRQHandler                
000014bb  TIMG8_IRQHandler                
0000144f  TI_memcpy_small                 
000014bb  UART0_IRQHandler                
000014bb  UART1_IRQHandler                
000014bb  UART2_IRQHandler                
000014bb  UART3_IRQHandler                
20204000  __STACK_END                     
00000200  __STACK_SIZE                    
00000000  __TI_ATRegion0_region_sz        
00000000  __TI_ATRegion0_src_addr         
00000000  __TI_ATRegion0_trg_addr         
00000000  __TI_ATRegion1_region_sz        
00000000  __TI_ATRegion1_src_addr         
00000000  __TI_ATRegion1_trg_addr         
00000000  __TI_ATRegion2_region_sz        
00000000  __TI_ATRegion2_src_addr         
00000000  __TI_ATRegion2_trg_addr         
00001554  __TI_CINIT_Base                 
00001564  __TI_CINIT_Limit                
00001564  __TI_CINIT_Warm                 
00001538  __TI_Handler_Table_Base         
00001544  __TI_Handler_Table_Limit        
00000bc1  __TI_auto_init_nobinit_nopinit  
0000063d  __TI_decompress_lzss            
00001461  __TI_decompress_none            
ffffffff  __TI_pprof_out_hndl             
ffffffff  __TI_prof_data_size             
ffffffff  __TI_prof_data_start            
00000000  __TI_static_base__              
00001339  __TI_zero_init_nomemset         
00000ac5  __aeabi_d2uiz                   
00000229  __aeabi_ddiv                    
00000439  __aeabi_dmul                    
000014ad  __aeabi_memcpy                  
000014ad  __aeabi_memcpy4                 
000014ad  __aeabi_memcpy8                 
00000ed1  __aeabi_ui2d                    
ffffffff  __binit__                       
00000229  __divdf3                        
00000ac5  __fixunsdfsi                    
00000ed1  __floatunsidf                   
UNDEFED   __mpu_init                      
00000439  __muldf3                        
00000bfd  __muldsi3                       
20203e00  __stack                         
20200000  __start___llvm_prf_bits         
20200000  __start___llvm_prf_cnts         
20200000  __stop___llvm_prf_bits          
20200000  __stop___llvm_prf_cnts          
00000e11  _c_int00_noargs                 
UNDEFED   _system_post_cinit              
000014c7  _system_pre_init                
000014b5  abort                           
ffffffff  binit                           
20200000  gPWM_0Backup                    
202000a0  gSPI_0Backup                    
202000c8  gSPI_1Backup                    
00000000  interruptVectors                
00000729  main                            


GLOBAL SYMBOLS: SORTED BY Symbol Address 

address   name                            
-------   ----                            
00000000  __TI_ATRegion0_region_sz        
00000000  __TI_ATRegion0_src_addr         
00000000  __TI_ATRegion0_trg_addr         
00000000  __TI_ATRegion1_region_sz        
00000000  __TI_ATRegion1_src_addr         
00000000  __TI_ATRegion1_trg_addr         
00000000  __TI_ATRegion2_region_sz        
00000000  __TI_ATRegion2_src_addr         
00000000  __TI_ATRegion2_trg_addr         
00000000  __TI_static_base__              
00000000  interruptVectors                
000000c1  SYSCFG_DL_GPIO_init             
00000200  __STACK_SIZE                    
00000229  __aeabi_ddiv                    
00000229  __divdf3                        
00000335  DL_Timer_initFourCCPWMMode      
00000439  __aeabi_dmul                    
00000439  __muldf3                        
0000051d  SYSCFG_DL_PWM_0_init            
000005b1  SYSCFG_DL_initPower             
0000063d  __TI_decompress_lzss            
000006b9  GROUP1_IRQHandler               
00000729  main                            
00000789  SYSCFG_DL_I2C_1_init            
000007e1  SYSCFG_DL_SPI_0_init            
00000839  AD9834_Init                     
00000889  DL_DMA_initChannel              
00000921  DL_UART_init                    
00000969  SYSCFG_DL_UART_0_init           
000009b1  SYSCFG_DL_init                  
000009f9  AD9834_Set_Frequency            
00000a3d  AD9834_Set_Register             
00000a81  DL_SPI_init                     
00000ac5  __aeabi_d2uiz                   
00000ac5  __fixunsdfsi                    
00000b09  SYSCFG_DL_SPI_1_init            
00000bc1  __TI_auto_init_nobinit_nopinit  
00000bfd  __muldsi3                       
00000c71  SPI1_IRQHandler                 
00000d6d  Delay_ms                        
00000e11  _c_int00_noargs                 
00000e85  DL_I2C_setClockConfig           
00000ed1  __aeabi_ui2d                    
00000ed1  __floatunsidf                   
00000f33  SYSCFG_DL_SYSCTL_init           
00001031  DL_Timer_setCaptCompUpdateMethod
0000104d  DL_Timer_setClockConfig         
0000127d  DL_Timer_setCaptureCompareOutCtl
000012dd  SYSCFG_DL_DMA_CH0_init          
000012f5  SYSCFG_DL_DMA_CH1_init          
00001339  __TI_zero_init_nomemset         
0000134f  AD9834_Set_Wave                 
0000142b  DL_SPI_setClockConfig           
0000143d  DL_UART_setClockConfig          
0000144f  TI_memcpy_small                 
00001461  __TI_decompress_none            
00001485  DL_Timer_setCaptureCompareValue 
00001495  SYSCFG_DL_DMA_init              
000014a1  DL_Common_delayCycles           
000014ad  __aeabi_memcpy                  
000014ad  __aeabi_memcpy4                 
000014ad  __aeabi_memcpy8                 
000014b5  abort                           
000014bb  ADC0_IRQHandler                 
000014bb  ADC1_IRQHandler                 
000014bb  AES_IRQHandler                  
000014bb  CANFD0_IRQHandler               
000014bb  DAC0_IRQHandler                 
000014bb  DMA_IRQHandler                  
000014bb  Default_Handler                 
000014bb  GROUP0_IRQHandler               
000014bb  HardFault_Handler               
000014bb  I2C0_IRQHandler                 
000014bb  I2C1_IRQHandler                 
000014bb  NMI_Handler                     
000014bb  PendSV_Handler                  
000014bb  RTC_IRQHandler                  
000014bb  SPI0_IRQHandler                 
000014bb  SVC_Handler                     
000014bb  SysTick_Handler                 
000014bb  TIMA0_IRQHandler                
000014bb  TIMA1_IRQHandler                
000014bb  TIMG0_IRQHandler                
000014bb  TIMG12_IRQHandler               
000014bb  TIMG6_IRQHandler                
000014bb  TIMG7_IRQHandler                
000014bb  TIMG8_IRQHandler                
000014bb  UART0_IRQHandler                
000014bb  UART1_IRQHandler                
000014bb  UART2_IRQHandler                
000014bb  UART3_IRQHandler                
000014be  C$$EXIT                         
000014bf  HOSTexit                        
000014c3  Reset_Handler                   
000014c7  _system_pre_init                
00001538  __TI_Handler_Table_Base         
00001544  __TI_Handler_Table_Limit        
00001554  __TI_CINIT_Base                 
00001564  __TI_CINIT_Limit                
00001564  __TI_CINIT_Warm                 
20200000  __start___llvm_prf_bits         
20200000  __start___llvm_prf_cnts         
20200000  __stop___llvm_prf_bits          
20200000  __stop___llvm_prf_cnts          
20200000  gPWM_0Backup                    
202000a0  gSPI_0Backup                    
202000c8  gSPI_1Backup                    
202000f0  AD7606_RX_flag                  
20203e00  __stack                         
20204000  __STACK_END                     
ffffffff  __TI_pprof_out_hndl             
ffffffff  __TI_prof_data_size             
ffffffff  __TI_prof_data_start            
ffffffff  __binit__                       
ffffffff  binit                           
UNDEFED   __mpu_init                      
UNDEFED   _system_post_cinit              

[117 symbols]
