******************************************************************************
            TI ARM Clang Linker PC v4.0.3                      
******************************************************************************
>> Linked Sun Apr 26 18:17:23 2026

OUTPUT FILE NAME:   <signal.out>
ENTRY POINT SYMBOL: "_c_int00_noargs"  address: 000017e5


MEMORY CONFIGURATION

         name            origin    length      used     unused   attr    fill
----------------------  --------  ---------  --------  --------  ----  --------
  FLASH                 00000000   00008000  00002180  00005e80  R  X
  SRAM                  20200000   00004000  000002fd  00003d03  RW X
  BCR_CONFIG            41c00000   000000ff  00000000  000000ff  R   
  BSL_CONFIG            41c00100   00000080  00000000  00000080  R   


SEGMENT ALLOCATION MAP

run origin  load origin   length   init length attrs members
----------  ----------- ---------- ----------- ----- -------
00000000    00000000    00002180   00002180    r-x
  00000000    00000000    000000c0   000000c0    r-- .intvecs
  000000c0    000000c0    00001ff8   00001ff8    r-x .text
  000020b8    000020b8    00000090   00000090    r-- .rodata
  00002148    00002148    00000038   00000038    r-- .cinit
20200000    20200000    000000fd   00000000    rw-
  20200000    20200000    000000f0   00000000    rw- .bss
  202000f0    202000f0    0000000d   00000000    rw- .data
20203e00    20203e00    00000200   00000000    rw-
  20203e00    20203e00    00000200   00000000    rw- .stack


SECTION ALLOCATION MAP

 output                                  attributes/
section   page    origin      length       input sections
--------  ----  ----------  ----------   ----------------
.intvecs   0    00000000    000000c0     
                  00000000    000000c0     startup_mspm0g350x_ticlang.o (.intvecs)

.text      0    000000c0    00001ff8     
                  000000c0    000001e8     ti_msp_dl_config.o (.text.SYSCFG_DL_GPIO_init)
                  000002a8    00000194     libc.a : e_log10f.c.obj (.text.log10f)
                  0000043c    00000188     main.o (.text.GROUP1_IRQHandler)
                  000005c4    0000010c     libclang_rt.builtins.a : divdf3.S.obj (.text.__divdf3)
                  000006d0    00000104     driverlib.a : dl_timer.o (.text.DL_Timer_initFourCCPWMMode)
                  000007d4    000000e4     libclang_rt.builtins.a : muldf3.S.obj (.text.__muldf3)
                  000008b8    000000d8                            : addsf3.S.obj (.text)
                  00000990    000000cc     AmplitudeControl.o (.text.AmplitudeControl_SetVoltage)
                  00000a5c    000000c4     ti_msp_dl_config.o (.text.SYSCFG_DL_initPower)
                  00000b20    0000008c     ti_msp_dl_config.o (.text.SYSCFG_DL_PWM_0_init)
                  00000bac    0000008c     libclang_rt.builtins.a : mulsf3.S.obj (.text.__mulsf3)
                  00000c38    00000088     driverlib.a : dl_dac12.o (.text.DL_DAC12_init)
                  00000cc0    00000082     libclang_rt.builtins.a : divsf3.S.obj (.text.__divsf3)
                  00000d42    00000002     ti_msp_dl_config.o (.text.SYSCFG_DL_SYSTICK_init)
                  00000d44    0000007c     libc.a : copy_decompress_lzss.c.obj (.text:decompress:lzss)
                  00000dc0    00000062     libclang_rt.builtins.a : aeabi_fcmp.S.obj (.text.__aeabi_fcmp)
                  00000e22    00000002                            : aeabi_div0.c.obj (.text.__aeabi_idiv0)
                  00000e24    00000058     ti_msp_dl_config.o (.text.SYSCFG_DL_I2C_1_init)
                  00000e7c    00000058     ti_msp_dl_config.o (.text.SYSCFG_DL_SPI_0_init)
                  00000ed4    00000058     ti_msp_dl_config.o (.text.SYSCFG_DL_init)
                  00000f2c    00000050     AD9834.o (.text.AD9834_Init)
                  00000f7c    0000004c     driverlib.a : dl_dma.o (.text.DL_DMA_initChannel)
                  00000fc8    0000004c     ti_msp_dl_config.o (.text.DL_UART_setBaudRateDivisor)
                  00001014    00000048     driverlib.a : dl_uart.o (.text.DL_UART_init)
                  0000105c    00000048     ti_msp_dl_config.o (.text.SYSCFG_DL_UART_0_init)
                  000010a4    00000048     main.o (.text.main)
                  000010ec    00000044     AD9834.o (.text.AD9834_SetOutput)
                  00001130    00000044     AD9834.o (.text.AD9834_Set_Frequency)
                  00001174    00000044     AD9834.o (.text.AD9834_Set_Register)
                  000011b8    00000044     driverlib.a : dl_spi.o (.text.DL_SPI_init)
                  000011fc    00000042     libclang_rt.builtins.a : fixunsdfsi.S.obj (.text.__fixunsdfsi)
                  0000123e    00000002     --HOLE-- [fill = 0]
                  00001240    00000040     FreqControl.o (.text.FreqControl_DecreaseFreq)
                  00001280    00000040     ti_msp_dl_config.o (.text.SYSCFG_DL_SPI_1_init)
                  000012c0    00000040     libclang_rt.builtins.a : aeabi_uidivmod.S.obj (.text.__aeabi_uidivmod)
                  00001300    0000003c     ti_msp_dl_config.o (.text.DL_GPIO_initPeripheralInputFunctionFeatures)
                  0000133c    0000003c     ti_msp_dl_config.o (.text.DL_Timer_setCounterControl)
                  00001378    0000003c     libclang_rt.builtins.a : floatsisf.S.obj (.text.__floatsisf)
                  000013b4    0000003c                            : comparesf2.S.obj (.text.__gtsf2)
                  000013f0    0000003c     libc.a : autoinit.c.obj (.text:__TI_auto_init_nobinit_nopinit)
                  0000142c    0000003a     libclang_rt.builtins.a : comparesf2.S.obj (.text.__eqsf2)
                  00001466    00000002     --HOLE-- [fill = 0]
                  00001468    0000003a                            : muldsi3.S.obj (.text.__muldsi3)
                  000014a2    00000002     --HOLE-- [fill = 0]
                  000014a4    00000038     AmplitudeControl.o (.text.AmplitudeControl_Decrease)
                  000014dc    00000038     AmplitudeControl.o (.text.AmplitudeControl_Increase)
                  00001514    00000038     ti_msp_dl_config.o (.text.SYSCFG_DL_SYSCTL_init)
                  0000154c    00000038     libclang_rt.builtins.a : fixsfsi.S.obj (.text.__fixsfsi)
                  00001584    00000034     AmplitudeControl.o (.text.AmplitudeControl_SetDirectVoltage)
                  000015b8    00000034     ti_msp_dl_config.o (.text.DL_GPIO_initDigitalInputFeatures)
                  000015ec    00000034     SPI_AD7606.o (.text.SPI1_IRQHandler)
                  00001620    00000032     libclang_rt.builtins.a : fixunssfsi.S.obj (.text.__fixunssfsi)
                  00001652    00000002     --HOLE-- [fill = 0]
                  00001654    00000030     ti_msp_dl_config.o (.text.DL_GPIO_initDigitalOutputFeatures)
                  00001684    00000030     ti_msp_dl_config.o (.text.DL_SPI_setFIFOThreshold)
                  000016b4    00000030     FreqControl.o (.text.FreqControl_IncreaseFreq)
                  000016e4    00000030     FreqControl.o (.text.update_frequency_and_hardware)
                  00001714    0000002c     Delay.o (.text.Delay_ms)
                  00001740    0000002c     main.o (.text.__NVIC_EnableIRQ)
                  0000176c    00000028     ti_msp_dl_config.o (.text.DL_Common_updateReg)
                  00001794    00000028     ti_msp_dl_config.o (.text.DL_I2C_setControllerRXFIFOThreshold)
                  000017bc    00000028     ti_msp_dl_config.o (.text.DL_I2C_setControllerTXFIFOThreshold)
                  000017e4    00000028     libc.a : boot_cortex_m.c.obj (.text:_c_int00_noargs)
                  0000180c    00000026     ti_msp_dl_config.o (.text.DL_I2C_setAnalogGlitchFilterPulseWidth)
                  00001832    00000026     driverlib.a : dl_i2c.o (.text.DL_I2C_setClockConfig)
                  00001858    00000024     ti_msp_dl_config.o (.text.DL_SPI_setBitRateSerialClockDivider)
                  0000187c    00000024     libclang_rt.builtins.a : floatunsidf.S.obj (.text.__floatunsidf)
                  000018a0    00000022     driverlib.a : dl_vref.o (.text.DL_VREF_configReference)
                  000018c2    00000002     --HOLE-- [fill = 0]
                  000018c4    00000020     ti_msp_dl_config.o (.text.DL_GPIO_initPeripheralInputFunction)
                  000018e4    00000020     ti_msp_dl_config.o (.text.DL_GPIO_setAnalogInternalResistor)
                  00001904    00000020     ti_msp_dl_config.o (.text.DL_SYSCTL_setMFPCLKSource)
                  00001924    00000020     ti_msp_dl_config.o (.text.SYSCFG_DL_DAC12_init)
                  00001944    0000001e     ti_msp_dl_config.o (.text.DL_UART_setOversampling)
                  00001962    00000002     --HOLE-- [fill = 0]
                  00001964    0000001c     AmplitudeControl.o (.text.DL_DAC12_output12)
                  00001980    0000001c     main.o (.text.DL_GPIO_clearInterruptStatus)
                  0000199c    0000001c     ti_msp_dl_config.o (.text.DL_GPIO_clearInterruptStatus)
                  000019b8    0000001c     ti_msp_dl_config.o (.text.DL_GPIO_enableHiZ)
                  000019d4    0000001c     ti_msp_dl_config.o (.text.DL_GPIO_enableInterrupt)
                  000019f0    0000001c     ti_msp_dl_config.o (.text.DL_GPIO_initPeripheralOutputFunction)
                  00001a0c    0000001c     ti_msp_dl_config.o (.text.DL_GPIO_setLowerPinsPolarity)
                  00001a28    0000001c     ti_msp_dl_config.o (.text.DL_SPI_enableInterrupt)
                  00001a44    0000001c     ti_msp_dl_config.o (.text.DL_SYSCTL_setMCLKDivider)
                  00001a60    0000001c     ti_msp_dl_config.o (.text.DL_SYSCTL_setSYSOSCFreq)
                  00001a7c    0000001c     ti_msp_dl_config.o (.text.DL_SYSCTL_setULPCLKDivider)
                  00001a98    0000001c     driverlib.a : dl_timer.o (.text.DL_Timer_setCaptCompUpdateMethod)
                  00001ab4    0000001c                 : dl_timer.o (.text.DL_Timer_setClockConfig)
                  00001ad0    0000001c     ti_msp_dl_config.o (.text.DL_UART_enableInterrupt)
                  00001aec    00000018     ti_msp_dl_config.o (.text.DL_DAC12_enablePower)
                  00001b04    00000018     ti_msp_dl_config.o (.text.DL_DAC12_reset)
                  00001b1c    00000018     ti_msp_dl_config.o (.text.DL_GPIO_enableOutput)
                  00001b34    00000018     ti_msp_dl_config.o (.text.DL_GPIO_enablePower)
                  00001b4c    00000018     main.o (.text.DL_GPIO_getEnabledInterruptStatus)
                  00001b64    00000018     ti_msp_dl_config.o (.text.DL_GPIO_initDigitalOutput)
                  00001b7c    00000018     ti_msp_dl_config.o (.text.DL_GPIO_reset)
                  00001b94    00000018     AD9834.o (.text.DL_GPIO_setPins)
                  00001bac    00000018     SPI_AD7606.o (.text.DL_GPIO_setPins)
                  00001bc4    00000018     main.o (.text.DL_GPIO_setPins)
                  00001bdc    00000018     ti_msp_dl_config.o (.text.DL_GPIO_setUpperPinsPolarity)
                  00001bf4    00000018     FreqControl.o (.text.DL_GPIO_togglePins)
                  00001c0c    00000018     ti_msp_dl_config.o (.text.DL_I2C_enableAnalogGlitchFilter)
                  00001c24    00000018     ti_msp_dl_config.o (.text.DL_I2C_enableController)
                  00001c3c    00000018     ti_msp_dl_config.o (.text.DL_I2C_enableControllerClockStretching)
                  00001c54    00000018     ti_msp_dl_config.o (.text.DL_I2C_enablePower)
                  00001c6c    00000018     ti_msp_dl_config.o (.text.DL_I2C_reset)
                  00001c84    00000018     ti_msp_dl_config.o (.text.DL_I2C_setTimerPeriod)
                  00001c9c    00000018     ti_msp_dl_config.o (.text.DL_MathACL_enablePower)
                  00001cb4    00000018     ti_msp_dl_config.o (.text.DL_MathACL_reset)
                  00001ccc    00000018     ti_msp_dl_config.o (.text.DL_SPI_enable)
                  00001ce4    00000018     ti_msp_dl_config.o (.text.DL_SPI_enableDMAReceiveEvent)
                  00001cfc    00000018     ti_msp_dl_config.o (.text.DL_SPI_enablePower)
                  00001d14    00000018     AD9834.o (.text.DL_SPI_isBusy)
                  00001d2c    00000018     ti_msp_dl_config.o (.text.DL_SPI_reset)
                  00001d44    00000018     ti_msp_dl_config.o (.text.DL_SYSCTL_setBORThreshold)
                  00001d5c    00000018     ti_msp_dl_config.o (.text.DL_Timer_enablePower)
                  00001d74    00000018     ti_msp_dl_config.o (.text.DL_Timer_reset)
                  00001d8c    00000018     driverlib.a : dl_timer.o (.text.DL_Timer_setCaptureCompareOutCtl)
                  00001da4    00000018     ti_msp_dl_config.o (.text.DL_UART_enablePower)
                  00001dbc    00000018     ti_msp_dl_config.o (.text.DL_UART_reset)
                  00001dd4    00000018     ti_msp_dl_config.o (.text.DL_VREF_enablePower)
                  00001dec    00000018     ti_msp_dl_config.o (.text.DL_VREF_reset)
                  00001e04    00000018     ti_msp_dl_config.o (.text.SYSCFG_DL_DMA_CH0_init)
                  00001e1c    00000018     ti_msp_dl_config.o (.text.SYSCFG_DL_DMA_CH1_init)
                  00001e34    00000018     ti_msp_dl_config.o (.text.SYSCFG_DL_SYSCTL_CLK_init)
                  00001e4c    00000016     AmplitudeControl.o (.text.DL_DAC12_enable)
                  00001e62    00000016     ti_msp_dl_config.o (.text.DL_DAC12_enable)
                  00001e78    00000016     main.o (.text.DL_GPIO_readPins)
                  00001e8e    00000016     AD9834.o (.text.DL_SPI_transmitData16)
                  00001ea4    00000016     ti_msp_dl_config.o (.text.DL_UART_enable)
                  00001eba    00000016     libc.a : copy_zero_init.c.obj (.text:decompress:ZI:__TI_zero_init_nomemset)
                  00001ed0    00000014     AD9834.o (.text.AD9834_Set_Wave)
                  00001ee4    00000014     AD9834.o (.text.DL_GPIO_clearPins)
                  00001ef8    00000014     main.o (.text.DL_GPIO_clearPins)
                  00001f0c    00000014     ti_msp_dl_config.o (.text.DL_GPIO_clearPins)
                  00001f20    00000014     ti_msp_dl_config.o (.text.DL_I2C_resetControllerTransfer)
                  00001f34    00000014     ti_msp_dl_config.o (.text.DL_SPI_enableDMATransmitEvent)
                  00001f48    00000014     ti_msp_dl_config.o (.text.DL_SYSCTL_disableSYSPLL)
                  00001f5c    00000014     ti_msp_dl_config.o (.text.DL_SYSCTL_enableMFCLK)
                  00001f70    00000014     ti_msp_dl_config.o (.text.DL_Timer_enableClock)
                  00001f84    00000014     ti_msp_dl_config.o (.text.DL_Timer_setCCPDirection)
                  00001f98    00000014     ti_msp_dl_config.o (.text.SYSCFG_DL_VREF_init)
                  00001fac    00000012     SPI_AD7606.o (.text.DL_SPI_getPendingInterrupt)
                  00001fbe    00000012     driverlib.a : dl_spi.o (.text.DL_SPI_setClockConfig)
                  00001fd0    00000012                 : dl_uart.o (.text.DL_UART_setClockConfig)
                  00001fe2    00000012     libc.a : memcpy16.S.obj (.text:TI_memcpy_small)
                  00001ff4    00000012            : copy_decompress_none.c.obj (.text:decompress:none)
                  00002006    00000002     --HOLE-- [fill = 0]
                  00002008    00000010     AmplitudeControl.o (.text.AmplitudeControl_Init)
                  00002018    00000010     ti_msp_dl_config.o (.text.DL_SYSCTL_disableHFXT)
                  00002028    00000010     ti_msp_dl_config.o (.text.DL_SYSCTL_enableMFPCLK)
                  00002038    00000010     driverlib.a : dl_timer.o (.text.DL_Timer_setCaptureCompareValue)
                  00002048    0000000c     ti_msp_dl_config.o (.text.DL_SYSCTL_getClockStatus)
                  00002054    0000000c     ti_msp_dl_config.o (.text.SYSCFG_DL_DMA_init)
                  00002060    0000000a     driverlib.a : dl_common.o (.text.DL_Common_delayCycles)
                  0000206a    00000002     --HOLE-- [fill = 0]
                  0000206c    00000008     libc.a : aeabi_portable.c.obj (.text.__aeabi_errno_addr)
                  00002074    00000008     libclang_rt.builtins.a : aeabi_memcpy.S.obj (.text.__aeabi_memcpy)
                  0000207c    00000006     libc.a : exit.c.obj (.text:abort)
                  00002082    00000004     startup_mspm0g350x_ticlang.o (.text.Default_Handler)
                  00002086    00000004     libsysbm.a : hostexit.c.obj (.text.HOSTexit)
                  0000208a    00000004     libc.a : e_log10f.c.obj (.text.OUTLINED_FUNCTION_0)
                  0000208e    00000002     --HOLE-- [fill = 0]
                  00002090    00000010     libclang_rt.builtins.a : mulsf3.S.obj (.tramp.__aeabi_fmul.1)
                  000020a0    00000004     startup_mspm0g350x_ticlang.o (.text.Reset_Handler)
                  000020a4    00000010     libc.a : boot_cortex_m.c.obj (.tramp._c_int00_noargs.1)
                  000020b4    00000004            : pre_init.c.obj (.text._system_pre_init)

.cinit     0    00002148    00000038     
                  00002148    0000000f     (.cinit..data.load) [load image, compression = lzss]
                  00002157    00000001     --HOLE-- [fill = 0]
                  00002158    0000000c     (__TI_handler_table)
                  00002164    00000008     (.cinit..bss.load) [load image, compression = zero_init]
                  0000216c    00000010     (__TI_cinit_table)
                  0000217c    00000004     --HOLE-- [fill = 0]

.rodata    0    000020b8    00000090     
                  000020b8    00000020     ti_msp_dl_config.o (.rodata.gDAC12Config)
                  000020d8    00000018     ti_msp_dl_config.o (.rodata.gDMA_CH0Config)
                  000020f0    00000018     ti_msp_dl_config.o (.rodata.gDMA_CH1Config)
                  00002108    0000000c     ti_msp_dl_config.o (.rodata.gVREFConfig)
                  00002114    0000000a     ti_msp_dl_config.o (.rodata.gSPI_0_config)
                  0000211e    0000000a     ti_msp_dl_config.o (.rodata.gSPI_1_config)
                  00002128    0000000a     ti_msp_dl_config.o (.rodata.gUART_0Config)
                  00002132    00000002     ti_msp_dl_config.o (.rodata.gI2C_1ClockConfig)
                  00002134    00000008     ti_msp_dl_config.o (.rodata.gPWM_0Config)
                  0000213c    00000003     ti_msp_dl_config.o (.rodata.gPWM_0ClockConfig)
                  0000213f    00000002     ti_msp_dl_config.o (.rodata.gSPI_0_clockConfig)
                  00002141    00000002     ti_msp_dl_config.o (.rodata.gSPI_1_clockConfig)
                  00002143    00000002     ti_msp_dl_config.o (.rodata.gUART_0ClockConfig)
                  00002145    00000003     --HOLE-- [fill = 0]

.init_array 
*          0    00000000    00000000     UNINITIALIZED

.binit     0    00000000    00000000     

.bss       0    20200000    000000f0     UNINITIALIZED
                  20200000    000000a0     (.common:gPWM_0Backup)
                  202000a0    00000028     (.common:gSPI_0Backup)
                  202000c8    00000028     (.common:gSPI_1Backup)

.data      0    202000f0    0000000d     UNINITIALIZED
                  202000f0    00000004     libc.a : aeabi_portable.c.obj (.data.__aeabi_errno)
                  202000f4    00000004     FreqControl.o (.data.currentFreqHz)
                  202000f8    00000004     AmplitudeControl.o (.data.currentVoutVpp)
                  202000fc    00000001     SPI_AD7606.o (.data.AD7606_RX_flag)

.stack     0    20203e00    00000200     UNINITIALIZED
                  20203e00    00000004     libc.a : boot_cortex_m.c.obj (.stack)
                  20203e04    000001fc     --HOLE--

__llvm_prf_cnts 
*          0    20200000    00000000     UNINITIALIZED

__llvm_prf_bits 
*          0    20200000    00000000     UNINITIALIZED

MODULE SUMMARY

       Module                         code   ro data   rw data
       ------                         ----   -------   -------
    .\
       ti_msp_dl_config.o             3214   141       240    
       main.o                         626    0         0      
       startup_mspm0g350x_ticlang.o   8      192       0      
    +--+------------------------------+------+---------+---------+
       Total:                         3848   333       240    
                                                              
    .\AD7606\
       SPI_AD7606.o                   94     0         1      
    +--+------------------------------+------+---------+---------+
       Total:                         94     0         1      
                                                              
    .\AD9834\
       AD9834.o                       394    0         0      
    +--+------------------------------+------+---------+---------+
       Total:                         394    0         0      
                                                              
    .\AmplitudeControl\
       AmplitudeControl.o             434    0         4      
    +--+------------------------------+------+---------+---------+
       Total:                         434    0         4      
                                                              
    .\Delay\
       Delay.o                        44     0         0      
    +--+------------------------------+------+---------+---------+
       Total:                         44     0         0      
                                                              
    .\FreqControl\
       FreqControl.o                  184    0         4      
    +--+------------------------------+------+---------+---------+
       Total:                         184    0         4      
                                                              
    E:/Program/TI/SDK/mspm0_sdk_2_04_00_06/source/ti/driverlib/lib/ticlang/m0p/mspm0g1x0x_g3x0x/driverlib.a
       dl_timer.o                     356    0         0      
       dl_dac12.o                     136    0         0      
       dl_uart.o                      90     0         0      
       dl_spi.o                       86     0         0      
       dl_dma.o                       76     0         0      
       dl_i2c.o                       38     0         0      
       dl_vref.o                      34     0         0      
       dl_common.o                    10     0         0      
    +--+------------------------------+------+---------+---------+
       Total:                         826    0         0      
                                                              
    E:\Program\TI\ccs\tools\compiler\ti-cgt-armllvm_4.0.3.LTS\lib\armv6m-ti-none-eabi/c/libc.a
       e_log10f.c.obj                 408    0         0      
       copy_decompress_lzss.c.obj     124    0         0      
       autoinit.c.obj                 60     0         0      
       boot_cortex_m.c.obj            56     0         0      
       copy_zero_init.c.obj           22     0         0      
       copy_decompress_none.c.obj     18     0         0      
       memcpy16.S.obj                 18     0         0      
       aeabi_portable.c.obj           8      0         4      
       exit.c.obj                     6      0         0      
       pre_init.c.obj                 4      0         0      
    +--+------------------------------+------+---------+---------+
       Total:                         724    0         4      
                                                              
    E:\Program\TI\ccs\tools\compiler\ti-cgt-armllvm_4.0.3.LTS\lib\armv6m-ti-none-eabi/c/libsysbm.a
       hostexit.c.obj                 4      0         0      
    +--+------------------------------+------+---------+---------+
       Total:                         4      0         0      
                                                              
    E:\Program\TI\ccs\tools\compiler\ti-cgt-armllvm_4.0.3.LTS\lib\armv6m-ti-none-eabi/libclang_rt.builtins.a
       divdf3.S.obj                   268    0         0      
       muldf3.S.obj                   228    0         0      
       addsf3.S.obj                   216    0         0      
       mulsf3.S.obj                   156    0         0      
       divsf3.S.obj                   130    0         0      
       comparesf2.S.obj               118    0         0      
       aeabi_fcmp.S.obj               98     0         0      
       fixunsdfsi.S.obj               66     0         0      
       aeabi_uidivmod.S.obj           64     0         0      
       floatsisf.S.obj                60     0         0      
       muldsi3.S.obj                  58     0         0      
       fixsfsi.S.obj                  56     0         0      
       fixunssfsi.S.obj               50     0         0      
       floatunsidf.S.obj              36     0         0      
       aeabi_memcpy.S.obj             8      0         0      
       aeabi_div0.c.obj               2      0         0      
    +--+------------------------------+------+---------+---------+
       Total:                         1614   0         0      
                                                              
       Stack:                         0      0         512    
       Linker Generated:              0      51        0      
    +--+------------------------------+------+---------+---------+
       Grand Total:                   8166   384       765    


LINKER GENERATED COPY TABLES

__TI_cinit_table @ 0000216c records: 2, size/record: 8, table size: 16
	.data: load addr=00002148, load size=0000000f bytes, run addr=202000f0, run size=0000000d bytes, compression=lzss
	.bss: load addr=00002164, load size=00000008 bytes, run addr=20200000, run size=000000f0 bytes, compression=zero_init


LINKER GENERATED HANDLER TABLE

__TI_handler_table @ 00002158 records: 3, size/record: 4, table size: 12
	index: 0, handler: __TI_decompress_lzss
	index: 1, handler: __TI_decompress_none
	index: 2, handler: __TI_zero_init


FAR CALL TRAMPOLINES

callee name               trampoline name
   callee addr  tramp addr   call addr  call info
--------------  -----------  ---------  ----------------
__aeabi_fmul              $Tramp$TT$L$PI$$__aeabi_fmul
   00000bad     00002090     0000208c   libc.a : e_log10f.c.obj (.text.OUTLINED_FUNCTION_0)
_c_int00_noargs           $Tramp$TT$L$PI$$_c_int00_noargs
   000017e5     000020a4     000020a0   startup_mspm0g350x_ticlang.o (.text.Reset_Handler)

[2 trampolines]
[2 trampoline calls]


GLOBAL SYMBOLS: SORTED ALPHABETICALLY BY Name 

address   name                             
-------   ----                             
202000fc  AD7606_RX_flag                   
00000f2d  AD9834_Init                      
000010ed  AD9834_SetOutput                 
00001131  AD9834_Set_Frequency             
00001175  AD9834_Set_Register              
00001ed1  AD9834_Set_Wave                  
00002083  ADC0_IRQHandler                  
00002083  ADC1_IRQHandler                  
00002083  AES_IRQHandler                   
000014a5  AmplitudeControl_Decrease        
000014dd  AmplitudeControl_Increase        
00002009  AmplitudeControl_Init            
00001585  AmplitudeControl_SetDirectVoltage
00000991  AmplitudeControl_SetVoltage      
00002086  C$$EXIT                          
00002083  CANFD0_IRQHandler                
00002083  DAC0_IRQHandler                  
00002061  DL_Common_delayCycles            
00000c39  DL_DAC12_init                    
00000f7d  DL_DMA_initChannel               
00001833  DL_I2C_setClockConfig            
000011b9  DL_SPI_init                      
00001fbf  DL_SPI_setClockConfig            
000006d1  DL_Timer_initFourCCPWMMode       
00001a99  DL_Timer_setCaptCompUpdateMethod 
00001d8d  DL_Timer_setCaptureCompareOutCtl 
00002039  DL_Timer_setCaptureCompareValue  
00001ab5  DL_Timer_setClockConfig          
00001015  DL_UART_init                     
00001fd1  DL_UART_setClockConfig           
000018a1  DL_VREF_configReference          
00002083  DMA_IRQHandler                   
00002083  Default_Handler                  
00001715  Delay_ms                         
00001241  FreqControl_DecreaseFreq         
000016b5  FreqControl_IncreaseFreq         
00002083  GROUP0_IRQHandler                
0000043d  GROUP1_IRQHandler                
00002087  HOSTexit                         
00002083  HardFault_Handler                
00002083  I2C0_IRQHandler                  
00002083  I2C1_IRQHandler                  
00002083  NMI_Handler                      
00002083  PendSV_Handler                   
00002083  RTC_IRQHandler                   
000020a1  Reset_Handler                    
00002083  SPI0_IRQHandler                  
000015ed  SPI1_IRQHandler                  
00002083  SVC_Handler                      
00001925  SYSCFG_DL_DAC12_init             
00001e05  SYSCFG_DL_DMA_CH0_init           
00001e1d  SYSCFG_DL_DMA_CH1_init           
00002055  SYSCFG_DL_DMA_init               
000000c1  SYSCFG_DL_GPIO_init              
00000e25  SYSCFG_DL_I2C_1_init             
00000b21  SYSCFG_DL_PWM_0_init             
00000e7d  SYSCFG_DL_SPI_0_init             
00001281  SYSCFG_DL_SPI_1_init             
00001e35  SYSCFG_DL_SYSCTL_CLK_init        
00001515  SYSCFG_DL_SYSCTL_init            
00000d43  SYSCFG_DL_SYSTICK_init           
0000105d  SYSCFG_DL_UART_0_init            
00001f99  SYSCFG_DL_VREF_init              
00000ed5  SYSCFG_DL_init                   
00000a5d  SYSCFG_DL_initPower              
00002083  SysTick_Handler                  
00002083  TIMA0_IRQHandler                 
00002083  TIMA1_IRQHandler                 
00002083  TIMG0_IRQHandler                 
00002083  TIMG12_IRQHandler                
00002083  TIMG6_IRQHandler                 
00002083  TIMG7_IRQHandler                 
00002083  TIMG8_IRQHandler                 
00001fe3  TI_memcpy_small                  
00002083  UART0_IRQHandler                 
00002083  UART1_IRQHandler                 
00002083  UART2_IRQHandler                 
00002083  UART3_IRQHandler                 
20204000  __STACK_END                      
00000200  __STACK_SIZE                     
00000000  __TI_ATRegion0_region_sz         
00000000  __TI_ATRegion0_src_addr          
00000000  __TI_ATRegion0_trg_addr          
00000000  __TI_ATRegion1_region_sz         
00000000  __TI_ATRegion1_src_addr          
00000000  __TI_ATRegion1_trg_addr          
00000000  __TI_ATRegion2_region_sz         
00000000  __TI_ATRegion2_src_addr          
00000000  __TI_ATRegion2_trg_addr          
0000216c  __TI_CINIT_Base                  
0000217c  __TI_CINIT_Limit                 
0000217c  __TI_CINIT_Warm                  
00002158  __TI_Handler_Table_Base          
00002164  __TI_Handler_Table_Limit         
000013f1  __TI_auto_init_nobinit_nopinit   
00000d45  __TI_decompress_lzss             
00001ff5  __TI_decompress_none             
ffffffff  __TI_pprof_out_hndl              
ffffffff  __TI_prof_data_size              
ffffffff  __TI_prof_data_start             
00000000  __TI_static_base__               
00001ebb  __TI_zero_init_nomemset          
000008c3  __addsf3                         
000011fd  __aeabi_d2uiz                    
000005c5  __aeabi_ddiv                     
000007d5  __aeabi_dmul                     
202000f0  __aeabi_errno                    
0000206d  __aeabi_errno_addr               
0000154d  __aeabi_f2iz                     
00001621  __aeabi_f2uiz                    
000008c3  __aeabi_fadd                     
00000dc1  __aeabi_fcmpeq                   
00000dfd  __aeabi_fcmpge                   
00000e11  __aeabi_fcmpgt                   
00000de9  __aeabi_fcmple                   
00000dd5  __aeabi_fcmplt                   
00000cc1  __aeabi_fdiv                     
00000bad  __aeabi_fmul                     
000008b9  __aeabi_fsub                     
00001379  __aeabi_i2f                      
00000e23  __aeabi_idiv0                    
00002075  __aeabi_memcpy                   
00002075  __aeabi_memcpy4                  
00002075  __aeabi_memcpy8                  
0000187d  __aeabi_ui2d                     
000012c1  __aeabi_uidiv                    
000012c1  __aeabi_uidivmod                 
ffffffff  __binit__                        
0000142d  __cmpsf2                         
000005c5  __divdf3                         
00000cc1  __divsf3                         
0000142d  __eqsf2                          
0000154d  __fixsfsi                        
000011fd  __fixunsdfsi                     
00001621  __fixunssfsi                     
00001379  __floatsisf                      
0000187d  __floatunsidf                    
000013b5  __gesf2                          
000013b5  __gtsf2                          
0000142d  __lesf2                          
0000142d  __ltsf2                          
UNDEFED   __mpu_init                       
000007d5  __muldf3                         
00001469  __muldsi3                        
00000bad  __mulsf3                         
0000142d  __nesf2                          
20203e00  __stack                          
20200000  __start___llvm_prf_bits          
20200000  __start___llvm_prf_cnts          
20200000  __stop___llvm_prf_bits           
20200000  __stop___llvm_prf_cnts           
000008b9  __subsf3                         
000017e5  _c_int00_noargs                  
UNDEFED   _system_post_cinit               
000020b5  _system_pre_init                 
0000207d  abort                            
ffffffff  binit                            
20200000  gPWM_0Backup                     
202000a0  gSPI_0Backup                     
202000c8  gSPI_1Backup                     
00000000  interruptVectors                 
000002a9  log10f                           
000010a5  main                             


GLOBAL SYMBOLS: SORTED BY Symbol Address 

address   name                             
-------   ----                             
00000000  __TI_ATRegion0_region_sz         
00000000  __TI_ATRegion0_src_addr          
00000000  __TI_ATRegion0_trg_addr          
00000000  __TI_ATRegion1_region_sz         
00000000  __TI_ATRegion1_src_addr          
00000000  __TI_ATRegion1_trg_addr          
00000000  __TI_ATRegion2_region_sz         
00000000  __TI_ATRegion2_src_addr          
00000000  __TI_ATRegion2_trg_addr          
00000000  __TI_static_base__               
00000000  interruptVectors                 
000000c1  SYSCFG_DL_GPIO_init              
00000200  __STACK_SIZE                     
000002a9  log10f                           
0000043d  GROUP1_IRQHandler                
000005c5  __aeabi_ddiv                     
000005c5  __divdf3                         
000006d1  DL_Timer_initFourCCPWMMode       
000007d5  __aeabi_dmul                     
000007d5  __muldf3                         
000008b9  __aeabi_fsub                     
000008b9  __subsf3                         
000008c3  __addsf3                         
000008c3  __aeabi_fadd                     
00000991  AmplitudeControl_SetVoltage      
00000a5d  SYSCFG_DL_initPower              
00000b21  SYSCFG_DL_PWM_0_init             
00000bad  __aeabi_fmul                     
00000bad  __mulsf3                         
00000c39  DL_DAC12_init                    
00000cc1  __aeabi_fdiv                     
00000cc1  __divsf3                         
00000d43  SYSCFG_DL_SYSTICK_init           
00000d45  __TI_decompress_lzss             
00000dc1  __aeabi_fcmpeq                   
00000dd5  __aeabi_fcmplt                   
00000de9  __aeabi_fcmple                   
00000dfd  __aeabi_fcmpge                   
00000e11  __aeabi_fcmpgt                   
00000e23  __aeabi_idiv0                    
00000e25  SYSCFG_DL_I2C_1_init             
00000e7d  SYSCFG_DL_SPI_0_init             
00000ed5  SYSCFG_DL_init                   
00000f2d  AD9834_Init                      
00000f7d  DL_DMA_initChannel               
00001015  DL_UART_init                     
0000105d  SYSCFG_DL_UART_0_init            
000010a5  main                             
000010ed  AD9834_SetOutput                 
00001131  AD9834_Set_Frequency             
00001175  AD9834_Set_Register              
000011b9  DL_SPI_init                      
000011fd  __aeabi_d2uiz                    
000011fd  __fixunsdfsi                     
00001241  FreqControl_DecreaseFreq         
00001281  SYSCFG_DL_SPI_1_init             
000012c1  __aeabi_uidiv                    
000012c1  __aeabi_uidivmod                 
00001379  __aeabi_i2f                      
00001379  __floatsisf                      
000013b5  __gesf2                          
000013b5  __gtsf2                          
000013f1  __TI_auto_init_nobinit_nopinit   
0000142d  __cmpsf2                         
0000142d  __eqsf2                          
0000142d  __lesf2                          
0000142d  __ltsf2                          
0000142d  __nesf2                          
00001469  __muldsi3                        
000014a5  AmplitudeControl_Decrease        
000014dd  AmplitudeControl_Increase        
00001515  SYSCFG_DL_SYSCTL_init            
0000154d  __aeabi_f2iz                     
0000154d  __fixsfsi                        
00001585  AmplitudeControl_SetDirectVoltage
000015ed  SPI1_IRQHandler                  
00001621  __aeabi_f2uiz                    
00001621  __fixunssfsi                     
000016b5  FreqControl_IncreaseFreq         
00001715  Delay_ms                         
000017e5  _c_int00_noargs                  
00001833  DL_I2C_setClockConfig            
0000187d  __aeabi_ui2d                     
0000187d  __floatunsidf                    
000018a1  DL_VREF_configReference          
00001925  SYSCFG_DL_DAC12_init             
00001a99  DL_Timer_setCaptCompUpdateMethod 
00001ab5  DL_Timer_setClockConfig          
00001d8d  DL_Timer_setCaptureCompareOutCtl 
00001e05  SYSCFG_DL_DMA_CH0_init           
00001e1d  SYSCFG_DL_DMA_CH1_init           
00001e35  SYSCFG_DL_SYSCTL_CLK_init        
00001ebb  __TI_zero_init_nomemset          
00001ed1  AD9834_Set_Wave                  
00001f99  SYSCFG_DL_VREF_init              
00001fbf  DL_SPI_setClockConfig            
00001fd1  DL_UART_setClockConfig           
00001fe3  TI_memcpy_small                  
00001ff5  __TI_decompress_none             
00002009  AmplitudeControl_Init            
00002039  DL_Timer_setCaptureCompareValue  
00002055  SYSCFG_DL_DMA_init               
00002061  DL_Common_delayCycles            
0000206d  __aeabi_errno_addr               
00002075  __aeabi_memcpy                   
00002075  __aeabi_memcpy4                  
00002075  __aeabi_memcpy8                  
0000207d  abort                            
00002083  ADC0_IRQHandler                  
00002083  ADC1_IRQHandler                  
00002083  AES_IRQHandler                   
00002083  CANFD0_IRQHandler                
00002083  DAC0_IRQHandler                  
00002083  DMA_IRQHandler                   
00002083  Default_Handler                  
00002083  GROUP0_IRQHandler                
00002083  HardFault_Handler                
00002083  I2C0_IRQHandler                  
00002083  I2C1_IRQHandler                  
00002083  NMI_Handler                      
00002083  PendSV_Handler                   
00002083  RTC_IRQHandler                   
00002083  SPI0_IRQHandler                  
00002083  SVC_Handler                      
00002083  SysTick_Handler                  
00002083  TIMA0_IRQHandler                 
00002083  TIMA1_IRQHandler                 
00002083  TIMG0_IRQHandler                 
00002083  TIMG12_IRQHandler                
00002083  TIMG6_IRQHandler                 
00002083  TIMG7_IRQHandler                 
00002083  TIMG8_IRQHandler                 
00002083  UART0_IRQHandler                 
00002083  UART1_IRQHandler                 
00002083  UART2_IRQHandler                 
00002083  UART3_IRQHandler                 
00002086  C$$EXIT                          
00002087  HOSTexit                         
000020a1  Reset_Handler                    
000020b5  _system_pre_init                 
00002158  __TI_Handler_Table_Base          
00002164  __TI_Handler_Table_Limit         
0000216c  __TI_CINIT_Base                  
0000217c  __TI_CINIT_Limit                 
0000217c  __TI_CINIT_Warm                  
20200000  __start___llvm_prf_bits          
20200000  __start___llvm_prf_cnts          
20200000  __stop___llvm_prf_bits           
20200000  __stop___llvm_prf_cnts           
20200000  gPWM_0Backup                     
202000a0  gSPI_0Backup                     
202000c8  gSPI_1Backup                     
202000f0  __aeabi_errno                    
202000fc  AD7606_RX_flag                   
20203e00  __stack                          
20204000  __STACK_END                      
ffffffff  __TI_pprof_out_hndl              
ffffffff  __TI_prof_data_size              
ffffffff  __TI_prof_data_start             
ffffffff  __binit__                        
ffffffff  binit                            
UNDEFED   __mpu_init                       
UNDEFED   _system_post_cinit               

[163 symbols]
