<?xml version="1.0" encoding="ISO-8859-1" ?>
<link_info>
   <banner>TI ARM Clang Linker PC v4.0.3.LTS</banner>
   <copyright>Copyright (c) 1996-2018 Texas Instruments Incorporated</copyright>
   <command_line>E:\Program\TI\ccs\tools\compiler\ti-cgt-armllvm_4.0.3.LTS\bin\tiarmlnk -IE:\Program\TI\ccs\tools\compiler\ti-cgt-armllvm_4.0.3.LTS\lib -o signal.out -msignal.map -iE:/Program/TI/SDK/mspm0_sdk_2_04_00_06/source -iF:/Gao/Desktop/Hzz/signal -iF:/Gao/Desktop/Hzz/signal/Debug/syscfg -iE:/Program/TI/SDK/mspm0_sdk_2_04_00_06/source/third_party/CMSIS/DSP/lib/ticlang/m0p/arm_cortexM0l_math.a -iE:/Program/TI/ccs/tools/compiler/ti-cgt-armllvm_4.0.3.LTS/lib --diag_wrap=off --display_error_number --warn_sections --xml_link_info=signal_linkInfo.xml --rom_model ./ADC_Internal.o ./Sweep.o ./clock_config.o ./main.o ./ti_msp_dl_config.o ./startup_mspm0g350x_ticlang.o ./AD7606/SPI_AD7606.o ./AD9834/AD9834.o ./AmplitudeControl/AmplitudeControl.o ./Delay/Delay.o ./FIR/FIR.o ./FreqControl/FreqControl.o ./Key/key.o ./OLED/oled.o ./USART/USART.o ./fft/FFT.o -l./device_linker.cmd -ldevice.cmd.genlibs -llibc.a --start-group -llibc++.a -llibc++abi.a -llibc.a -llibsys.a -llibsysbm.a -llibclang_rt.builtins.a -llibclang_rt.profile.a --end-group --cg_opt_level=0</command_line>
   <link_time>0x69fa3271</link_time>
   <link_errors>0x0</link_errors>
   <output_file>F:\Gao\Desktop\Hzz\signal\Debug\signal.out</output_file>
   <entry_point>
      <name>_c_int00_noargs</name>
      <address>0x4989</address>
   </entry_point>
   <input_file_list>
      <input_file id="fl-1">
         <path>F:\Gao\Desktop\Hzz\signal\Debug\.\</path>
         <kind>object</kind>
         <file>ADC_Internal.o</file>
         <name>ADC_Internal.o</name>
      </input_file>
      <input_file id="fl-2">
         <path>F:\Gao\Desktop\Hzz\signal\Debug\.\</path>
         <kind>object</kind>
         <file>Sweep.o</file>
         <name>Sweep.o</name>
      </input_file>
      <input_file id="fl-3">
         <path>F:\Gao\Desktop\Hzz\signal\Debug\.\</path>
         <kind>object</kind>
         <file>clock_config.o</file>
         <name>clock_config.o</name>
      </input_file>
      <input_file id="fl-4">
         <path>F:\Gao\Desktop\Hzz\signal\Debug\.\</path>
         <kind>object</kind>
         <file>main.o</file>
         <name>main.o</name>
      </input_file>
      <input_file id="fl-5">
         <path>F:\Gao\Desktop\Hzz\signal\Debug\.\</path>
         <kind>object</kind>
         <file>ti_msp_dl_config.o</file>
         <name>ti_msp_dl_config.o</name>
      </input_file>
      <input_file id="fl-6">
         <path>F:\Gao\Desktop\Hzz\signal\Debug\.\</path>
         <kind>object</kind>
         <file>startup_mspm0g350x_ticlang.o</file>
         <name>startup_mspm0g350x_ticlang.o</name>
      </input_file>
      <input_file id="fl-7">
         <path>F:\Gao\Desktop\Hzz\signal\Debug\.\AD7606\</path>
         <kind>object</kind>
         <file>SPI_AD7606.o</file>
         <name>SPI_AD7606.o</name>
      </input_file>
      <input_file id="fl-8">
         <path>F:\Gao\Desktop\Hzz\signal\Debug\.\AD9834\</path>
         <kind>object</kind>
         <file>AD9834.o</file>
         <name>AD9834.o</name>
      </input_file>
      <input_file id="fl-9">
         <path>F:\Gao\Desktop\Hzz\signal\Debug\.\AmplitudeControl\</path>
         <kind>object</kind>
         <file>AmplitudeControl.o</file>
         <name>AmplitudeControl.o</name>
      </input_file>
      <input_file id="fl-a">
         <path>F:\Gao\Desktop\Hzz\signal\Debug\.\Delay\</path>
         <kind>object</kind>
         <file>Delay.o</file>
         <name>Delay.o</name>
      </input_file>
      <input_file id="fl-b">
         <path>F:\Gao\Desktop\Hzz\signal\Debug\.\FIR\</path>
         <kind>object</kind>
         <file>FIR.o</file>
         <name>FIR.o</name>
      </input_file>
      <input_file id="fl-c">
         <path>F:\Gao\Desktop\Hzz\signal\Debug\.\FreqControl\</path>
         <kind>object</kind>
         <file>FreqControl.o</file>
         <name>FreqControl.o</name>
      </input_file>
      <input_file id="fl-d">
         <path>F:\Gao\Desktop\Hzz\signal\Debug\.\Key\</path>
         <kind>object</kind>
         <file>key.o</file>
         <name>key.o</name>
      </input_file>
      <input_file id="fl-e">
         <path>F:\Gao\Desktop\Hzz\signal\Debug\.\OLED\</path>
         <kind>object</kind>
         <file>oled.o</file>
         <name>oled.o</name>
      </input_file>
      <input_file id="fl-f">
         <path>F:\Gao\Desktop\Hzz\signal\Debug\.\USART\</path>
         <kind>object</kind>
         <file>USART.o</file>
         <name>USART.o</name>
      </input_file>
      <input_file id="fl-10">
         <path>F:\Gao\Desktop\Hzz\signal\Debug\.\fft\</path>
         <kind>object</kind>
         <file>FFT.o</file>
         <name>FFT.o</name>
      </input_file>
      <input_file id="fl-1f">
         <path>F:\Gao\Desktop\Hzz\signal\Debug\</path>
         <kind>object</kind>
         <file>&lt;internal&gt;</file>
         <name>&lt;internal&gt;</name>
      </input_file>
      <input_file id="fl-20">
         <path>E:\Program\TI\SDK\mspm0_sdk_2_04_00_06\source\third_party\CMSIS\DSP\lib\ticlang\m0p\</path>
         <kind>archive</kind>
         <file>arm_cortexM0l_math.a</file>
         <name>arm_const_structs.o</name>
      </input_file>
      <input_file id="fl-21">
         <path>E:\Program\TI\SDK\mspm0_sdk_2_04_00_06\source\third_party\CMSIS\DSP\lib\ticlang\m0p\</path>
         <kind>archive</kind>
         <file>arm_cortexM0l_math.a</file>
         <name>arm_cmplx_mag_q15.o</name>
      </input_file>
      <input_file id="fl-22">
         <path>E:\Program\TI\SDK\mspm0_sdk_2_04_00_06\source\third_party\CMSIS\DSP\lib\ticlang\m0p\</path>
         <kind>archive</kind>
         <file>arm_cortexM0l_math.a</file>
         <name>arm_sqrt_q15.o</name>
      </input_file>
      <input_file id="fl-23">
         <path>E:\Program\TI\SDK\mspm0_sdk_2_04_00_06\source\third_party\CMSIS\DSP\lib\ticlang\m0p\</path>
         <kind>archive</kind>
         <file>arm_cortexM0l_math.a</file>
         <name>arm_cfft_q15.o</name>
      </input_file>
      <input_file id="fl-24">
         <path>E:\Program\TI\SDK\mspm0_sdk_2_04_00_06\source\third_party\CMSIS\DSP\lib\ticlang\m0p\</path>
         <kind>archive</kind>
         <file>arm_cortexM0l_math.a</file>
         <name>arm_cfft_radix4_q15.o</name>
      </input_file>
      <input_file id="fl-25">
         <path>E:\Program\TI\SDK\mspm0_sdk_2_04_00_06\source\third_party\CMSIS\DSP\lib\ticlang\m0p\</path>
         <kind>archive</kind>
         <file>arm_cortexM0l_math.a</file>
         <name>arm_common_tables.o</name>
      </input_file>
      <input_file id="fl-26">
         <path>E:\Program\TI\SDK\mspm0_sdk_2_04_00_06\source\third_party\CMSIS\DSP\lib\ticlang\m0p\</path>
         <kind>archive</kind>
         <file>arm_cortexM0l_math.a</file>
         <name>arm_bitreversal.o</name>
      </input_file>
      <input_file id="fl-27">
         <path>E:\Program\TI\SDK\mspm0_sdk_2_04_00_06\source\third_party\CMSIS\DSP\lib\ticlang\m0p\</path>
         <kind>archive</kind>
         <file>arm_cortexM0l_math.a</file>
         <name>arm_bitreversal2.o</name>
      </input_file>
      <input_file id="fl-28">
         <path>E:\Program\TI\SDK\mspm0_sdk_2_04_00_06\source\ti\driverlib\lib\ticlang\m0p\mspm0g1x0x_g3x0x\</path>
         <kind>archive</kind>
         <file>driverlib.a</file>
         <name>dl_adc12.o</name>
      </input_file>
      <input_file id="fl-29">
         <path>E:\Program\TI\SDK\mspm0_sdk_2_04_00_06\source\ti\driverlib\lib\ticlang\m0p\mspm0g1x0x_g3x0x\</path>
         <kind>archive</kind>
         <file>driverlib.a</file>
         <name>dl_common.o</name>
      </input_file>
      <input_file id="fl-2a">
         <path>E:\Program\TI\SDK\mspm0_sdk_2_04_00_06\source\ti\driverlib\lib\ticlang\m0p\mspm0g1x0x_g3x0x\</path>
         <kind>archive</kind>
         <file>driverlib.a</file>
         <name>dl_dac12.o</name>
      </input_file>
      <input_file id="fl-2b">
         <path>E:\Program\TI\SDK\mspm0_sdk_2_04_00_06\source\ti\driverlib\lib\ticlang\m0p\mspm0g1x0x_g3x0x\</path>
         <kind>archive</kind>
         <file>driverlib.a</file>
         <name>dl_dma.o</name>
      </input_file>
      <input_file id="fl-2c">
         <path>E:\Program\TI\SDK\mspm0_sdk_2_04_00_06\source\ti\driverlib\lib\ticlang\m0p\mspm0g1x0x_g3x0x\</path>
         <kind>archive</kind>
         <file>driverlib.a</file>
         <name>dl_i2c.o</name>
      </input_file>
      <input_file id="fl-2d">
         <path>E:\Program\TI\SDK\mspm0_sdk_2_04_00_06\source\ti\driverlib\lib\ticlang\m0p\mspm0g1x0x_g3x0x\</path>
         <kind>archive</kind>
         <file>driverlib.a</file>
         <name>dl_mathacl.o</name>
      </input_file>
      <input_file id="fl-2e">
         <path>E:\Program\TI\SDK\mspm0_sdk_2_04_00_06\source\ti\driverlib\lib\ticlang\m0p\mspm0g1x0x_g3x0x\</path>
         <kind>archive</kind>
         <file>driverlib.a</file>
         <name>dl_spi.o</name>
      </input_file>
      <input_file id="fl-2f">
         <path>E:\Program\TI\SDK\mspm0_sdk_2_04_00_06\source\ti\driverlib\lib\ticlang\m0p\mspm0g1x0x_g3x0x\</path>
         <kind>archive</kind>
         <file>driverlib.a</file>
         <name>dl_timer.o</name>
      </input_file>
      <input_file id="fl-30">
         <path>E:\Program\TI\SDK\mspm0_sdk_2_04_00_06\source\ti\driverlib\lib\ticlang\m0p\mspm0g1x0x_g3x0x\</path>
         <kind>archive</kind>
         <file>driverlib.a</file>
         <name>dl_uart.o</name>
      </input_file>
      <input_file id="fl-31">
         <path>E:\Program\TI\SDK\mspm0_sdk_2_04_00_06\source\ti\driverlib\lib\ticlang\m0p\mspm0g1x0x_g3x0x\</path>
         <kind>archive</kind>
         <file>driverlib.a</file>
         <name>dl_vref.o</name>
      </input_file>
      <input_file id="fl-48">
         <path>E:\Program\TI\ccs\tools\compiler\ti-cgt-armllvm_4.0.3.LTS\lib\armv6m-ti-none-eabi\c\</path>
         <kind>archive</kind>
         <file>libc.a</file>
         <name>printf.c.obj</name>
      </input_file>
      <input_file id="fl-49">
         <path>E:\Program\TI\ccs\tools\compiler\ti-cgt-armllvm_4.0.3.LTS\lib\armv6m-ti-none-eabi\c\</path>
         <kind>archive</kind>
         <file>libc.a</file>
         <name>_printfi.c.obj</name>
      </input_file>
      <input_file id="fl-4a">
         <path>E:\Program\TI\ccs\tools\compiler\ti-cgt-armllvm_4.0.3.LTS\lib\armv6m-ti-none-eabi\c\</path>
         <kind>archive</kind>
         <file>libc.a</file>
         <name>sprintf.c.obj</name>
      </input_file>
      <input_file id="fl-4b">
         <path>E:\Program\TI\ccs\tools\compiler\ti-cgt-armllvm_4.0.3.LTS\lib\armv6m-ti-none-eabi\c\</path>
         <kind>archive</kind>
         <file>libc.a</file>
         <name>e_log10.c.obj</name>
      </input_file>
      <input_file id="fl-4c">
         <path>E:\Program\TI\ccs\tools\compiler\ti-cgt-armllvm_4.0.3.LTS\lib\armv6m-ti-none-eabi\c\</path>
         <kind>archive</kind>
         <file>libc.a</file>
         <name>e_pow.c.obj</name>
      </input_file>
      <input_file id="fl-4d">
         <path>E:\Program\TI\ccs\tools\compiler\ti-cgt-armllvm_4.0.3.LTS\lib\armv6m-ti-none-eabi\c\</path>
         <kind>archive</kind>
         <file>libc.a</file>
         <name>e_sqrt.c.obj</name>
      </input_file>
      <input_file id="fl-4e">
         <path>E:\Program\TI\ccs\tools\compiler\ti-cgt-armllvm_4.0.3.LTS\lib\armv6m-ti-none-eabi\c\</path>
         <kind>archive</kind>
         <file>libc.a</file>
         <name>s_frexp.c.obj</name>
      </input_file>
      <input_file id="fl-4f">
         <path>E:\Program\TI\ccs\tools\compiler\ti-cgt-armllvm_4.0.3.LTS\lib\armv6m-ti-none-eabi\c\</path>
         <kind>archive</kind>
         <file>libc.a</file>
         <name>s_scalbn.c.obj</name>
      </input_file>
      <input_file id="fl-50">
         <path>E:\Program\TI\ccs\tools\compiler\ti-cgt-armllvm_4.0.3.LTS\lib\armv6m-ti-none-eabi\c\</path>
         <kind>archive</kind>
         <file>libc.a</file>
         <name>e_log10f.c.obj</name>
      </input_file>
      <input_file id="fl-51">
         <path>E:\Program\TI\ccs\tools\compiler\ti-cgt-armllvm_4.0.3.LTS\lib\armv6m-ti-none-eabi\c\</path>
         <kind>archive</kind>
         <file>libc.a</file>
         <name>s_cosf.c.obj</name>
      </input_file>
      <input_file id="fl-52">
         <path>E:\Program\TI\ccs\tools\compiler\ti-cgt-armllvm_4.0.3.LTS\lib\armv6m-ti-none-eabi\c\</path>
         <kind>archive</kind>
         <file>libc.a</file>
         <name>wcslen.c.obj</name>
      </input_file>
      <input_file id="fl-53">
         <path>E:\Program\TI\ccs\tools\compiler\ti-cgt-armllvm_4.0.3.LTS\lib\armv6m-ti-none-eabi\c\</path>
         <kind>archive</kind>
         <file>libc.a</file>
         <name>aeabi_portable.c.obj</name>
      </input_file>
      <input_file id="fl-54">
         <path>E:\Program\TI\ccs\tools\compiler\ti-cgt-armllvm_4.0.3.LTS\lib\armv6m-ti-none-eabi\c\</path>
         <kind>archive</kind>
         <file>libc.a</file>
         <name>_lock.c.obj</name>
      </input_file>
      <input_file id="fl-55">
         <path>E:\Program\TI\ccs\tools\compiler\ti-cgt-armllvm_4.0.3.LTS\lib\armv6m-ti-none-eabi\c\</path>
         <kind>archive</kind>
         <file>libc.a</file>
         <name>_ltoa.c.obj</name>
      </input_file>
      <input_file id="fl-56">
         <path>E:\Program\TI\ccs\tools\compiler\ti-cgt-armllvm_4.0.3.LTS\lib\armv6m-ti-none-eabi\c\</path>
         <kind>archive</kind>
         <file>libc.a</file>
         <name>assert.c.obj</name>
      </input_file>
      <input_file id="fl-57">
         <path>E:\Program\TI\ccs\tools\compiler\ti-cgt-armllvm_4.0.3.LTS\lib\armv6m-ti-none-eabi\c\</path>
         <kind>archive</kind>
         <file>libc.a</file>
         <name>atoi.c.obj</name>
      </input_file>
      <input_file id="fl-58">
         <path>E:\Program\TI\ccs\tools\compiler\ti-cgt-armllvm_4.0.3.LTS\lib\armv6m-ti-none-eabi\c\</path>
         <kind>archive</kind>
         <file>libc.a</file>
         <name>defs.c.obj</name>
      </input_file>
      <input_file id="fl-59">
         <path>E:\Program\TI\ccs\tools\compiler\ti-cgt-armllvm_4.0.3.LTS\lib\armv6m-ti-none-eabi\c\</path>
         <kind>archive</kind>
         <file>libc.a</file>
         <name>memccpy.c.obj</name>
      </input_file>
      <input_file id="fl-5a">
         <path>E:\Program\TI\ccs\tools\compiler\ti-cgt-armllvm_4.0.3.LTS\lib\armv6m-ti-none-eabi\c\</path>
         <kind>archive</kind>
         <file>libc.a</file>
         <name>memory.c.obj</name>
      </input_file>
      <input_file id="fl-5b">
         <path>E:\Program\TI\ccs\tools\compiler\ti-cgt-armllvm_4.0.3.LTS\lib\armv6m-ti-none-eabi\c\</path>
         <kind>archive</kind>
         <file>libc.a</file>
         <name>strlen.c.obj</name>
      </input_file>
      <input_file id="fl-5c">
         <path>E:\Program\TI\ccs\tools\compiler\ti-cgt-armllvm_4.0.3.LTS\lib\armv6m-ti-none-eabi\c\</path>
         <kind>archive</kind>
         <file>libc.a</file>
         <name>k_rem_pio2.c.obj</name>
      </input_file>
      <input_file id="fl-5d">
         <path>E:\Program\TI\ccs\tools\compiler\ti-cgt-armllvm_4.0.3.LTS\lib\armv6m-ti-none-eabi\c\</path>
         <kind>archive</kind>
         <file>libc.a</file>
         <name>boot_cortex_m.c.obj</name>
      </input_file>
      <input_file id="fl-5e">
         <path>E:\Program\TI\ccs\tools\compiler\ti-cgt-armllvm_4.0.3.LTS\lib\armv6m-ti-none-eabi\c\</path>
         <kind>archive</kind>
         <file>libc.a</file>
         <name>mathacl_init.c.obj</name>
      </input_file>
      <input_file id="fl-5f">
         <path>E:\Program\TI\ccs\tools\compiler\ti-cgt-armllvm_4.0.3.LTS\lib\armv6m-ti-none-eabi\c\</path>
         <kind>archive</kind>
         <file>libc.a</file>
         <name>autoinit.c.obj</name>
      </input_file>
      <input_file id="fl-60">
         <path>E:\Program\TI\ccs\tools\compiler\ti-cgt-armllvm_4.0.3.LTS\lib\armv6m-ti-none-eabi\c\</path>
         <kind>archive</kind>
         <file>libc.a</file>
         <name>pre_init.c.obj</name>
      </input_file>
      <input_file id="fl-61">
         <path>E:\Program\TI\ccs\tools\compiler\ti-cgt-armllvm_4.0.3.LTS\lib\armv6m-ti-none-eabi\c\</path>
         <kind>archive</kind>
         <file>libc.a</file>
         <name>cpy_tbl.c.obj</name>
      </input_file>
      <input_file id="fl-62">
         <path>E:\Program\TI\ccs\tools\compiler\ti-cgt-armllvm_4.0.3.LTS\lib\armv6m-ti-none-eabi\c\</path>
         <kind>archive</kind>
         <file>libc.a</file>
         <name>copy_zero_init.c.obj</name>
      </input_file>
      <input_file id="fl-63">
         <path>E:\Program\TI\ccs\tools\compiler\ti-cgt-armllvm_4.0.3.LTS\lib\armv6m-ti-none-eabi\c\</path>
         <kind>archive</kind>
         <file>libc.a</file>
         <name>copy_decompress_none.c.obj</name>
      </input_file>
      <input_file id="fl-64">
         <path>E:\Program\TI\ccs\tools\compiler\ti-cgt-armllvm_4.0.3.LTS\lib\armv6m-ti-none-eabi\c\</path>
         <kind>archive</kind>
         <file>libc.a</file>
         <name>copy_decompress_lzss.c.obj</name>
      </input_file>
      <input_file id="fl-65">
         <path>E:\Program\TI\ccs\tools\compiler\ti-cgt-armllvm_4.0.3.LTS\lib\armv6m-ti-none-eabi\c\</path>
         <kind>archive</kind>
         <file>libc.a</file>
         <name>fflush.c.obj</name>
      </input_file>
      <input_file id="fl-66">
         <path>E:\Program\TI\ccs\tools\compiler\ti-cgt-armllvm_4.0.3.LTS\lib\armv6m-ti-none-eabi\c\</path>
         <kind>archive</kind>
         <file>libc.a</file>
         <name>s_floor.c.obj</name>
      </input_file>
      <input_file id="fl-67">
         <path>E:\Program\TI\ccs\tools\compiler\ti-cgt-armllvm_4.0.3.LTS\lib\armv6m-ti-none-eabi\c\</path>
         <kind>archive</kind>
         <file>libc.a</file>
         <name>aeabi_ctype.S.obj</name>
      </input_file>
      <input_file id="fl-68">
         <path>E:\Program\TI\ccs\tools\compiler\ti-cgt-armllvm_4.0.3.LTS\lib\armv6m-ti-none-eabi\c\</path>
         <kind>archive</kind>
         <file>libc.a</file>
         <name>exit.c.obj</name>
      </input_file>
      <input_file id="fl-69">
         <path>E:\Program\TI\ccs\tools\compiler\ti-cgt-armllvm_4.0.3.LTS\lib\armv6m-ti-none-eabi\c\</path>
         <kind>archive</kind>
         <file>libc.a</file>
         <name>args_main.c.obj</name>
      </input_file>
      <input_file id="fl-109">
         <path>E:\Program\TI\ccs\tools\compiler\ti-cgt-armllvm_4.0.3.LTS\lib\armv6m-ti-none-eabi\c\</path>
         <kind>archive</kind>
         <file>libsysbm.a</file>
         <name>hostexit.c.obj</name>
      </input_file>
      <input_file id="fl-10a">
         <path>E:\Program\TI\ccs\tools\compiler\ti-cgt-armllvm_4.0.3.LTS\lib\armv6m-ti-none-eabi\c\</path>
         <kind>archive</kind>
         <file>libsysbm.a</file>
         <name>write.c.obj</name>
      </input_file>
      <input_file id="fl-10b">
         <path>E:\Program\TI\ccs\tools\compiler\ti-cgt-armllvm_4.0.3.LTS\lib\armv6m-ti-none-eabi\c\</path>
         <kind>archive</kind>
         <file>libsysbm.a</file>
         <name>host_device.c.obj</name>
      </input_file>
      <input_file id="fl-10c">
         <path>E:\Program\TI\ccs\tools\compiler\ti-cgt-armllvm_4.0.3.LTS\lib\armv6m-ti-none-eabi\c\</path>
         <kind>archive</kind>
         <file>libsysbm.a</file>
         <name>hostclose.c.obj</name>
      </input_file>
      <input_file id="fl-10d">
         <path>E:\Program\TI\ccs\tools\compiler\ti-cgt-armllvm_4.0.3.LTS\lib\armv6m-ti-none-eabi\c\</path>
         <kind>archive</kind>
         <file>libsysbm.a</file>
         <name>hostlseek.c.obj</name>
      </input_file>
      <input_file id="fl-10e">
         <path>E:\Program\TI\ccs\tools\compiler\ti-cgt-armllvm_4.0.3.LTS\lib\armv6m-ti-none-eabi\c\</path>
         <kind>archive</kind>
         <file>libsysbm.a</file>
         <name>hostopen.c.obj</name>
      </input_file>
      <input_file id="fl-10f">
         <path>E:\Program\TI\ccs\tools\compiler\ti-cgt-armllvm_4.0.3.LTS\lib\armv6m-ti-none-eabi\c\</path>
         <kind>archive</kind>
         <file>libsysbm.a</file>
         <name>hostread.c.obj</name>
      </input_file>
      <input_file id="fl-110">
         <path>E:\Program\TI\ccs\tools\compiler\ti-cgt-armllvm_4.0.3.LTS\lib\armv6m-ti-none-eabi\c\</path>
         <kind>archive</kind>
         <file>libsysbm.a</file>
         <name>hostrename.c.obj</name>
      </input_file>
      <input_file id="fl-111">
         <path>E:\Program\TI\ccs\tools\compiler\ti-cgt-armllvm_4.0.3.LTS\lib\armv6m-ti-none-eabi\c\</path>
         <kind>archive</kind>
         <file>libsysbm.a</file>
         <name>hostunlink.c.obj</name>
      </input_file>
      <input_file id="fl-112">
         <path>E:\Program\TI\ccs\tools\compiler\ti-cgt-armllvm_4.0.3.LTS\lib\armv6m-ti-none-eabi\c\</path>
         <kind>archive</kind>
         <file>libsysbm.a</file>
         <name>hostwrite.c.obj</name>
      </input_file>
      <input_file id="fl-113">
         <path>E:\Program\TI\ccs\tools\compiler\ti-cgt-armllvm_4.0.3.LTS\lib\armv6m-ti-none-eabi\c\</path>
         <kind>archive</kind>
         <file>libsysbm.a</file>
         <name>trgmsg.c.obj</name>
      </input_file>
      <input_file id="fl-114">
         <path>E:\Program\TI\ccs\tools\compiler\ti-cgt-armllvm_4.0.3.LTS\lib\armv6m-ti-none-eabi\</path>
         <kind>archive</kind>
         <file>libclang_rt.builtins.a</file>
         <name>addsf3.S.obj</name>
      </input_file>
      <input_file id="fl-115">
         <path>E:\Program\TI\ccs\tools\compiler\ti-cgt-armllvm_4.0.3.LTS\lib\armv6m-ti-none-eabi\</path>
         <kind>archive</kind>
         <file>libclang_rt.builtins.a</file>
         <name>adddf3.S.obj</name>
      </input_file>
      <input_file id="fl-116">
         <path>E:\Program\TI\ccs\tools\compiler\ti-cgt-armllvm_4.0.3.LTS\lib\armv6m-ti-none-eabi\</path>
         <kind>archive</kind>
         <file>libclang_rt.builtins.a</file>
         <name>muldf3.S.obj</name>
      </input_file>
      <input_file id="fl-117">
         <path>E:\Program\TI\ccs\tools\compiler\ti-cgt-armllvm_4.0.3.LTS\lib\armv6m-ti-none-eabi\</path>
         <kind>archive</kind>
         <file>libclang_rt.builtins.a</file>
         <name>muldsi3.S.obj</name>
      </input_file>
      <input_file id="fl-118">
         <path>E:\Program\TI\ccs\tools\compiler\ti-cgt-armllvm_4.0.3.LTS\lib\armv6m-ti-none-eabi\</path>
         <kind>archive</kind>
         <file>libclang_rt.builtins.a</file>
         <name>mulsf3.S.obj</name>
      </input_file>
      <input_file id="fl-119">
         <path>E:\Program\TI\ccs\tools\compiler\ti-cgt-armllvm_4.0.3.LTS\lib\armv6m-ti-none-eabi\</path>
         <kind>archive</kind>
         <file>libclang_rt.builtins.a</file>
         <name>divsf3.S.obj</name>
      </input_file>
      <input_file id="fl-11a">
         <path>E:\Program\TI\ccs\tools\compiler\ti-cgt-armllvm_4.0.3.LTS\lib\armv6m-ti-none-eabi\</path>
         <kind>archive</kind>
         <file>libclang_rt.builtins.a</file>
         <name>divdf3.S.obj</name>
      </input_file>
      <input_file id="fl-11b">
         <path>E:\Program\TI\ccs\tools\compiler\ti-cgt-armllvm_4.0.3.LTS\lib\armv6m-ti-none-eabi\</path>
         <kind>archive</kind>
         <file>libclang_rt.builtins.a</file>
         <name>extendsfdf2.S.obj</name>
      </input_file>
      <input_file id="fl-11c">
         <path>E:\Program\TI\ccs\tools\compiler\ti-cgt-armllvm_4.0.3.LTS\lib\armv6m-ti-none-eabi\</path>
         <kind>archive</kind>
         <file>libclang_rt.builtins.a</file>
         <name>fixdfsi.S.obj</name>
      </input_file>
      <input_file id="fl-11d">
         <path>E:\Program\TI\ccs\tools\compiler\ti-cgt-armllvm_4.0.3.LTS\lib\armv6m-ti-none-eabi\</path>
         <kind>archive</kind>
         <file>libclang_rt.builtins.a</file>
         <name>fixsfsi.S.obj</name>
      </input_file>
      <input_file id="fl-11e">
         <path>E:\Program\TI\ccs\tools\compiler\ti-cgt-armllvm_4.0.3.LTS\lib\armv6m-ti-none-eabi\</path>
         <kind>archive</kind>
         <file>libclang_rt.builtins.a</file>
         <name>fixunsdfsi.S.obj</name>
      </input_file>
      <input_file id="fl-11f">
         <path>E:\Program\TI\ccs\tools\compiler\ti-cgt-armllvm_4.0.3.LTS\lib\armv6m-ti-none-eabi\</path>
         <kind>archive</kind>
         <file>libclang_rt.builtins.a</file>
         <name>fixunssfsi.S.obj</name>
      </input_file>
      <input_file id="fl-120">
         <path>E:\Program\TI\ccs\tools\compiler\ti-cgt-armllvm_4.0.3.LTS\lib\armv6m-ti-none-eabi\</path>
         <kind>archive</kind>
         <file>libclang_rt.builtins.a</file>
         <name>floatsidf.S.obj</name>
      </input_file>
      <input_file id="fl-121">
         <path>E:\Program\TI\ccs\tools\compiler\ti-cgt-armllvm_4.0.3.LTS\lib\armv6m-ti-none-eabi\</path>
         <kind>archive</kind>
         <file>libclang_rt.builtins.a</file>
         <name>floatsisf.S.obj</name>
      </input_file>
      <input_file id="fl-122">
         <path>E:\Program\TI\ccs\tools\compiler\ti-cgt-armllvm_4.0.3.LTS\lib\armv6m-ti-none-eabi\</path>
         <kind>archive</kind>
         <file>libclang_rt.builtins.a</file>
         <name>floatunsidf.S.obj</name>
      </input_file>
      <input_file id="fl-123">
         <path>E:\Program\TI\ccs\tools\compiler\ti-cgt-armllvm_4.0.3.LTS\lib\armv6m-ti-none-eabi\</path>
         <kind>archive</kind>
         <file>libclang_rt.builtins.a</file>
         <name>floatunsisf.S.obj</name>
      </input_file>
      <input_file id="fl-124">
         <path>E:\Program\TI\ccs\tools\compiler\ti-cgt-armllvm_4.0.3.LTS\lib\armv6m-ti-none-eabi\</path>
         <kind>archive</kind>
         <file>libclang_rt.builtins.a</file>
         <name>muldi3.S.obj</name>
      </input_file>
      <input_file id="fl-125">
         <path>E:\Program\TI\ccs\tools\compiler\ti-cgt-armllvm_4.0.3.LTS\lib\armv6m-ti-none-eabi\</path>
         <kind>archive</kind>
         <file>libclang_rt.builtins.a</file>
         <name>truncdfsf2.S.obj</name>
      </input_file>
      <input_file id="fl-126">
         <path>E:\Program\TI\ccs\tools\compiler\ti-cgt-armllvm_4.0.3.LTS\lib\armv6m-ti-none-eabi\</path>
         <kind>archive</kind>
         <file>libclang_rt.builtins.a</file>
         <name>clzsi2.c.obj</name>
      </input_file>
      <input_file id="fl-127">
         <path>E:\Program\TI\ccs\tools\compiler\ti-cgt-armllvm_4.0.3.LTS\lib\armv6m-ti-none-eabi\</path>
         <kind>archive</kind>
         <file>libclang_rt.builtins.a</file>
         <name>aeabi_dcmp.S.obj</name>
      </input_file>
      <input_file id="fl-128">
         <path>E:\Program\TI\ccs\tools\compiler\ti-cgt-armllvm_4.0.3.LTS\lib\armv6m-ti-none-eabi\</path>
         <kind>archive</kind>
         <file>libclang_rt.builtins.a</file>
         <name>aeabi_fcmp.S.obj</name>
      </input_file>
      <input_file id="fl-129">
         <path>E:\Program\TI\ccs\tools\compiler\ti-cgt-armllvm_4.0.3.LTS\lib\armv6m-ti-none-eabi\</path>
         <kind>archive</kind>
         <file>libclang_rt.builtins.a</file>
         <name>aeabi_idivmod.S.obj</name>
      </input_file>
      <input_file id="fl-12a">
         <path>E:\Program\TI\ccs\tools\compiler\ti-cgt-armllvm_4.0.3.LTS\lib\armv6m-ti-none-eabi\</path>
         <kind>archive</kind>
         <file>libclang_rt.builtins.a</file>
         <name>aeabi_memcpy.S.obj</name>
      </input_file>
      <input_file id="fl-12b">
         <path>E:\Program\TI\ccs\tools\compiler\ti-cgt-armllvm_4.0.3.LTS\lib\armv6m-ti-none-eabi\</path>
         <kind>archive</kind>
         <file>libclang_rt.builtins.a</file>
         <name>aeabi_memmove.S.obj</name>
      </input_file>
      <input_file id="fl-12c">
         <path>E:\Program\TI\ccs\tools\compiler\ti-cgt-armllvm_4.0.3.LTS\lib\armv6m-ti-none-eabi\</path>
         <kind>archive</kind>
         <file>libclang_rt.builtins.a</file>
         <name>aeabi_memset.S.obj</name>
      </input_file>
      <input_file id="fl-12d">
         <path>E:\Program\TI\ccs\tools\compiler\ti-cgt-armllvm_4.0.3.LTS\lib\armv6m-ti-none-eabi\</path>
         <kind>archive</kind>
         <file>libclang_rt.builtins.a</file>
         <name>aeabi_uidivmod.S.obj</name>
      </input_file>
      <input_file id="fl-12e">
         <path>E:\Program\TI\ccs\tools\compiler\ti-cgt-armllvm_4.0.3.LTS\lib\armv6m-ti-none-eabi\</path>
         <kind>archive</kind>
         <file>libclang_rt.builtins.a</file>
         <name>aeabi_uldivmod.S.obj</name>
      </input_file>
      <input_file id="fl-12f">
         <path>E:\Program\TI\ccs\tools\compiler\ti-cgt-armllvm_4.0.3.LTS\lib\armv6m-ti-none-eabi\</path>
         <kind>archive</kind>
         <file>libclang_rt.builtins.a</file>
         <name>comparesf2.S.obj</name>
      </input_file>
      <input_file id="fl-130">
         <path>E:\Program\TI\ccs\tools\compiler\ti-cgt-armllvm_4.0.3.LTS\lib\armv6m-ti-none-eabi\</path>
         <kind>archive</kind>
         <file>libclang_rt.builtins.a</file>
         <name>udivmoddi4.S.obj</name>
      </input_file>
      <input_file id="fl-131">
         <path>E:\Program\TI\ccs\tools\compiler\ti-cgt-armllvm_4.0.3.LTS\lib\armv6m-ti-none-eabi\</path>
         <kind>archive</kind>
         <file>libclang_rt.builtins.a</file>
         <name>ashldi3.S.obj</name>
      </input_file>
      <input_file id="fl-132">
         <path>E:\Program\TI\ccs\tools\compiler\ti-cgt-armllvm_4.0.3.LTS\lib\armv6m-ti-none-eabi\</path>
         <kind>archive</kind>
         <file>libclang_rt.builtins.a</file>
         <name>comparedf2.c.obj</name>
      </input_file>
      <input_file id="fl-133">
         <path>E:\Program\TI\ccs\tools\compiler\ti-cgt-armllvm_4.0.3.LTS\lib\armv6m-ti-none-eabi\</path>
         <kind>archive</kind>
         <file>libclang_rt.builtins.a</file>
         <name>aeabi_div0.c.obj</name>
      </input_file>
      <input_file id="fl-134">
         <path>E:\Program\TI\ccs\tools\compiler\ti-cgt-armllvm_4.0.3.LTS\lib\armv6m-ti-none-eabi\c\</path>
         <kind>archive</kind>
         <file>libc.a</file>
         <name>memcpy16.S.obj</name>
      </input_file>
      <input_file id="fl-135">
         <path>E:\Program\TI\ccs\tools\compiler\ti-cgt-armllvm_4.0.3.LTS\lib\armv6m-ti-none-eabi\c\</path>
         <kind>archive</kind>
         <file>libc.a</file>
         <name>memset16.S.obj</name>
      </input_file>
      <input_file id="fl-136">
         <path>E:\Program\TI\ccs\tools\compiler\ti-cgt-armllvm_4.0.3.LTS\lib\armv6m-ti-none-eabi\c\</path>
         <kind>archive</kind>
         <file>libc.a</file>
         <name>memmov.c.obj</name>
      </input_file>
   </input_file_list>
   <object_component_list>
      <object_component id="oc-18">
         <name>.intvecs</name>
         <load_address>0x0</load_address>
         <readonly>true</readonly>
         <run_address>0x0</run_address>
         <size>0xc0</size>
         <alignment>0x4</alignment>
         <input_file_ref idref="fl-6"/>
      </object_component>
      <object_component id="oc-262">
         <name>.text:__TI_printfi</name>
         <load_address>0xc0</load_address>
         <readonly>true</readonly>
         <executable>true</executable>
         <run_address>0xc0</run_address>
         <size>0x9d0</size>
         <alignment>0x4</alignment>
         <input_file_ref idref="fl-49"/>
      </object_component>
      <object_component id="oc-67">
         <name>.text.Sweep_Process</name>
         <load_address>0xa90</load_address>
         <readonly>true</readonly>
         <executable>true</executable>
         <run_address>0xa90</run_address>
         <size>0x338</size>
         <alignment>0x4</alignment>
         <input_file_ref idref="fl-2"/>
      </object_component>
      <object_component id="oc-14f">
         <name>.text.oled_draw_graph</name>
         <load_address>0xdc8</load_address>
         <readonly>true</readonly>
         <executable>true</executable>
         <run_address>0xdc8</run_address>
         <size>0x318</size>
         <alignment>0x4</alignment>
         <input_file_ref idref="fl-2"/>
      </object_component>
      <object_component id="oc-66">
         <name>.text.Key_Process</name>
         <load_address>0x10e0</load_address>
         <readonly>true</readonly>
         <executable>true</executable>
         <run_address>0x10e0</run_address>
         <size>0x2cc</size>
         <alignment>0x4</alignment>
         <input_file_ref idref="fl-4"/>
      </object_component>
      <object_component id="oc-2bc">
         <name>.text._pconv_a</name>
         <load_address>0x13ac</load_address>
         <readonly>true</readonly>
         <executable>true</executable>
         <run_address>0x13ac</run_address>
         <size>0x220</size>
         <alignment>0x4</alignment>
         <input_file_ref idref="fl-49"/>
      </object_component>
      <object_component id="oc-160">
         <name>.text.SYSCFG_DL_GPIO_init</name>
         <load_address>0x15cc</load_address>
         <readonly>true</readonly>
         <executable>true</executable>
         <run_address>0x15cc</run_address>
         <size>0x200</size>
         <alignment>0x4</alignment>
         <input_file_ref idref="fl-5"/>
      </object_component>
      <object_component id="oc-2c1">
         <name>.text._pconv_g</name>
         <load_address>0x17cc</load_address>
         <readonly>true</readonly>
         <executable>true</executable>
         <run_address>0x17cc</run_address>
         <size>0x1dc</size>
         <alignment>0x4</alignment>
         <input_file_ref idref="fl-49"/>
      </object_component>
      <object_component id="oc-e9">
         <name>.text.OLED_ShowStr</name>
         <load_address>0x19a8</load_address>
         <readonly>true</readonly>
         <executable>true</executable>
         <run_address>0x19a8</run_address>
         <size>0x198</size>
         <alignment>0x4</alignment>
         <input_file_ref idref="fl-e"/>
      </object_component>
      <object_component id="oc-24e">
         <name>.text.log10f</name>
         <load_address>0x1b40</load_address>
         <readonly>true</readonly>
         <executable>true</executable>
         <run_address>0x1b40</run_address>
         <size>0x194</size>
         <alignment>0x4</alignment>
         <input_file_ref idref="fl-50"/>
      </object_component>
      <object_component id="oc-2fe">
         <name>.text.adddf3_subdf3</name>
         <load_address>0x1cd4</load_address>
         <readonly>true</readonly>
         <executable>true</executable>
         <run_address>0x1cd4</run_address>
         <size>0x192</size>
         <alignment>0x4</alignment>
         <input_file_ref idref="fl-115"/>
      </object_component>
      <object_component id="oc-17e">
         <name>.text.OLED_I2C_Init</name>
         <load_address>0x1e66</load_address>
         <readonly>true</readonly>
         <executable>true</executable>
         <run_address>0x1e66</run_address>
         <size>0x2</size>
         <alignment>0x2</alignment>
         <input_file_ref idref="fl-e"/>
      </object_component>
      <object_component id="oc-150">
         <name>.text.classify_filter</name>
         <load_address>0x1e68</load_address>
         <readonly>true</readonly>
         <executable>true</executable>
         <run_address>0x1e68</run_address>
         <size>0x158</size>
         <alignment>0x4</alignment>
         <input_file_ref idref="fl-2"/>
      </object_component>
      <object_component id="oc-7b">
         <name>.text.main</name>
         <load_address>0x1fc0</load_address>
         <readonly>true</readonly>
         <executable>true</executable>
         <run_address>0x1fc0</run_address>
         <size>0x158</size>
         <alignment>0x4</alignment>
         <input_file_ref idref="fl-4"/>
      </object_component>
      <object_component id="oc-302">
         <name>.text.fcvt</name>
         <load_address>0x2118</load_address>
         <readonly>true</readonly>
         <executable>true</executable>
         <run_address>0x2118</run_address>
         <size>0x13c</size>
         <alignment>0x4</alignment>
         <input_file_ref idref="fl-49"/>
      </object_component>
      <object_component id="oc-2c3">
         <name>.text._pconv_e</name>
         <load_address>0x2254</load_address>
         <readonly>true</readonly>
         <executable>true</executable>
         <run_address>0x2254</run_address>
         <size>0x120</size>
         <alignment>0x4</alignment>
         <input_file_ref idref="fl-49"/>
      </object_component>
      <object_component id="oc-12e">
         <name>.text.__divdf3</name>
         <load_address>0x2374</load_address>
         <readonly>true</readonly>
         <executable>true</executable>
         <run_address>0x2374</run_address>
         <size>0x10c</size>
         <alignment>0x4</alignment>
         <input_file_ref idref="fl-11a"/>
      </object_component>
      <object_component id="oc-1f5">
         <name>.text.DL_Timer_initFourCCPWMMode</name>
         <load_address>0x2480</load_address>
         <readonly>true</readonly>
         <executable>true</executable>
         <run_address>0x2480</run_address>
         <size>0x104</size>
         <alignment>0x4</alignment>
         <input_file_ref idref="fl-2f"/>
      </object_component>
      <object_component id="oc-88">
         <name>.text.Update_OLED_Display</name>
         <load_address>0x2584</load_address>
         <readonly>true</readonly>
         <executable>true</executable>
         <run_address>0x2584</run_address>
         <size>0xec</size>
         <alignment>0x4</alignment>
         <input_file_ref idref="fl-4"/>
      </object_component>
      <object_component id="oc-1fe">
         <name>.text.DL_Timer_initTimerMode</name>
         <load_address>0x2670</load_address>
         <readonly>true</readonly>
         <executable>true</executable>
         <run_address>0x2670</run_address>
         <size>0xe8</size>
         <alignment>0x4</alignment>
         <input_file_ref idref="fl-2f"/>
      </object_component>
      <object_component id="oc-15f">
         <name>.text.SYSCFG_DL_initPower</name>
         <load_address>0x2758</load_address>
         <readonly>true</readonly>
         <executable>true</executable>
         <run_address>0x2758</run_address>
         <size>0xe4</size>
         <alignment>0x4</alignment>
         <input_file_ref idref="fl-5"/>
      </object_component>
      <object_component id="oc-12a">
         <name>.text.__muldf3</name>
         <load_address>0x283c</load_address>
         <readonly>true</readonly>
         <executable>true</executable>
         <run_address>0x283c</run_address>
         <size>0xe4</size>
         <alignment>0x4</alignment>
         <input_file_ref idref="fl-116"/>
      </object_component>
      <object_component id="oc-91">
         <name>.text.Sweep_DisplayOLED</name>
         <load_address>0x2920</load_address>
         <readonly>true</readonly>
         <executable>true</executable>
         <run_address>0x2920</run_address>
         <size>0xd8</size>
         <alignment>0x4</alignment>
         <input_file_ref idref="fl-2"/>
      </object_component>
      <object_component id="oc-2e1">
         <name>.text.scalbn</name>
         <load_address>0x29f8</load_address>
         <readonly>true</readonly>
         <executable>true</executable>
         <run_address>0x29f8</run_address>
         <size>0xd8</size>
         <alignment>0x4</alignment>
         <input_file_ref idref="fl-4f"/>
      </object_component>
      <object_component id="oc-98">
         <name>.text</name>
         <load_address>0x2ad0</load_address>
         <readonly>true</readonly>
         <executable>true</executable>
         <run_address>0x2ad0</run_address>
         <size>0xd8</size>
         <alignment>0x4</alignment>
         <input_file_ref idref="fl-114"/>
      </object_component>
      <object_component id="oc-17a">
         <name>.text.AmplitudeControl_SetVoltage</name>
         <load_address>0x2ba8</load_address>
         <readonly>true</readonly>
         <executable>true</executable>
         <run_address>0x2ba8</run_address>
         <size>0xd0</size>
         <alignment>0x4</alignment>
         <input_file_ref idref="fl-9"/>
      </object_component>
      <object_component id="oc-d8">
         <name>.text.OLED_Init</name>
         <load_address>0x2c78</load_address>
         <readonly>true</readonly>
         <executable>true</executable>
         <run_address>0x2c78</run_address>
         <size>0xc4</size>
         <alignment>0x4</alignment>
         <input_file_ref idref="fl-e"/>
      </object_component>
      <object_component id="oc-259">
         <name>.text.I2C_WriteByte</name>
         <load_address>0x2d3c</load_address>
         <readonly>true</readonly>
         <executable>true</executable>
         <run_address>0x2d3c</run_address>
         <size>0xb4</size>
         <alignment>0x4</alignment>
         <input_file_ref idref="fl-e"/>
      </object_component>
      <object_component id="oc-92">
         <name>.text.start_adc_dma</name>
         <load_address>0x2df0</load_address>
         <readonly>true</readonly>
         <executable>true</executable>
         <run_address>0x2df0</run_address>
         <size>0xac</size>
         <alignment>0x4</alignment>
         <input_file_ref idref="fl-2"/>
      </object_component>
      <object_component id="oc-2d8">
         <name>.text</name>
         <load_address>0x2e9c</load_address>
         <readonly>true</readonly>
         <executable>true</executable>
         <run_address>0x2e9c</run_address>
         <size>0xa2</size>
         <alignment>0x4</alignment>
         <input_file_ref idref="fl-130"/>
      </object_component>
      <object_component id="oc-16b">
         <name>.text.SYSCFG_DL_SYSTICK_init</name>
         <load_address>0x2f3e</load_address>
         <readonly>true</readonly>
         <executable>true</executable>
         <run_address>0x2f3e</run_address>
         <size>0x2</size>
         <alignment>0x2</alignment>
         <input_file_ref idref="fl-5"/>
      </object_component>
      <object_component id="oc-1a3">
         <name>.text.Sweep_StartLinear</name>
         <load_address>0x2f40</load_address>
         <readonly>true</readonly>
         <executable>true</executable>
         <run_address>0x2f40</run_address>
         <size>0xa0</size>
         <alignment>0x4</alignment>
         <input_file_ref idref="fl-2"/>
      </object_component>
      <object_component id="oc-26e">
         <name>.text.generate_freq_list_linear</name>
         <load_address>0x2fe0</load_address>
         <readonly>true</readonly>
         <executable>true</executable>
         <run_address>0x2fe0</run_address>
         <size>0x98</size>
         <alignment>0x4</alignment>
         <input_file_ref idref="fl-2"/>
      </object_component>
      <object_component id="oc-162">
         <name>.text.SYSCFG_DL_PWM_0_init</name>
         <load_address>0x3078</load_address>
         <readonly>true</readonly>
         <executable>true</executable>
         <run_address>0x3078</run_address>
         <size>0x8c</size>
         <alignment>0x4</alignment>
         <input_file_ref idref="fl-5"/>
      </object_component>
      <object_component id="oc-e5">
         <name>.text.__mulsf3</name>
         <load_address>0x3104</load_address>
         <readonly>true</readonly>
         <executable>true</executable>
         <run_address>0x3104</run_address>
         <size>0x8c</size>
         <alignment>0x4</alignment>
         <input_file_ref idref="fl-118"/>
      </object_component>
      <object_component id="oc-245">
         <name>.text.DL_DAC12_init</name>
         <load_address>0x3190</load_address>
         <readonly>true</readonly>
         <executable>true</executable>
         <run_address>0x3190</run_address>
         <size>0x88</size>
         <alignment>0x4</alignment>
         <input_file_ref idref="fl-2a"/>
      </object_component>
      <object_component id="oc-a8">
         <name>.text.compute_avg_voltage_from_dma</name>
         <load_address>0x3218</load_address>
         <readonly>true</readonly>
         <executable>true</executable>
         <run_address>0x3218</run_address>
         <size>0x88</size>
         <alignment>0x4</alignment>
         <input_file_ref idref="fl-2"/>
      </object_component>
      <object_component id="oc-a0">
         <name>.text.__divsf3</name>
         <load_address>0x32a0</load_address>
         <readonly>true</readonly>
         <executable>true</executable>
         <run_address>0x32a0</run_address>
         <size>0x82</size>
         <alignment>0x4</alignment>
         <input_file_ref idref="fl-119"/>
      </object_component>
      <object_component id="oc-1a4">
         <name>.text.__aeabi_idiv0</name>
         <load_address>0x3322</load_address>
         <readonly>true</readonly>
         <executable>true</executable>
         <run_address>0x3322</run_address>
         <size>0x2</size>
         <alignment>0x2</alignment>
         <input_file_ref idref="fl-133"/>
      </object_component>
      <object_component id="oc-1c">
         <name>.text:decompress:lzss</name>
         <load_address>0x3324</load_address>
         <readonly>true</readonly>
         <executable>true</executable>
         <run_address>0x3324</run_address>
         <size>0x7c</size>
         <alignment>0x4</alignment>
         <input_file_ref idref="fl-64"/>
      </object_component>
      <object_component id="oc-2fc">
         <name>.text.__gedf2</name>
         <load_address>0x33a0</load_address>
         <readonly>true</readonly>
         <executable>true</executable>
         <run_address>0x33a0</run_address>
         <size>0x74</size>
         <alignment>0x4</alignment>
         <input_file_ref idref="fl-132"/>
      </object_component>
      <object_component id="oc-148">
         <name>.text.ADC_Internal_Read</name>
         <load_address>0x3414</load_address>
         <readonly>true</readonly>
         <executable>true</executable>
         <run_address>0x3414</run_address>
         <size>0x70</size>
         <alignment>0x4</alignment>
         <input_file_ref idref="fl-1"/>
      </object_component>
      <object_component id="oc-a4">
         <name>.text.Sweep_DisplayResultOLED</name>
         <load_address>0x3484</load_address>
         <readonly>true</readonly>
         <executable>true</executable>
         <run_address>0x3484</run_address>
         <size>0x70</size>
         <alignment>0x4</alignment>
         <input_file_ref idref="fl-2"/>
      </object_component>
      <object_component id="oc-182">
         <name>.text.OLED_Fill</name>
         <load_address>0x34f4</load_address>
         <readonly>true</readonly>
         <executable>true</executable>
         <run_address>0x34f4</run_address>
         <size>0x68</size>
         <alignment>0x2</alignment>
         <input_file_ref idref="fl-e"/>
      </object_component>
      <object_component id="oc-c0">
         <name>.text.SYSCFG_DL_init</name>
         <load_address>0x355c</load_address>
         <readonly>true</readonly>
         <executable>true</executable>
         <run_address>0x355c</run_address>
         <size>0x68</size>
         <alignment>0x4</alignment>
         <input_file_ref idref="fl-5"/>
      </object_component>
      <object_component id="oc-2f6">
         <name>.text.__ledf2</name>
         <load_address>0x35c4</load_address>
         <readonly>true</readonly>
         <executable>true</executable>
         <run_address>0x35c4</run_address>
         <size>0x68</size>
         <alignment>0x4</alignment>
         <input_file_ref idref="fl-132"/>
      </object_component>
      <object_component id="oc-2f5">
         <name>.text._mcpy</name>
         <load_address>0x362c</load_address>
         <readonly>true</readonly>
         <executable>true</executable>
         <run_address>0x362c</run_address>
         <size>0x66</size>
         <alignment>0x2</alignment>
         <input_file_ref idref="fl-49"/>
      </object_component>
      <object_component id="oc-304">
         <name>.text.__aeabi_ldiv0</name>
         <load_address>0x3692</load_address>
         <readonly>true</readonly>
         <executable>true</executable>
         <run_address>0x3692</run_address>
         <size>0x2</size>
         <alignment>0x2</alignment>
         <input_file_ref idref="fl-133"/>
      </object_component>
      <object_component id="oc-aa">
         <name>.text.adc_start_conversion_and_wait</name>
         <load_address>0x3694</load_address>
         <readonly>true</readonly>
         <executable>true</executable>
         <run_address>0x3694</run_address>
         <size>0x64</size>
         <alignment>0x4</alignment>
         <input_file_ref idref="fl-2"/>
      </object_component>
      <object_component id="oc-2bd">
         <name>.text.__aeabi_dcmp</name>
         <load_address>0x36f8</load_address>
         <readonly>true</readonly>
         <executable>true</executable>
         <run_address>0x36f8</run_address>
         <size>0x62</size>
         <alignment>0x4</alignment>
         <input_file_ref idref="fl-127"/>
      </object_component>
      <object_component id="oc-1ab">
         <name>.text.__aeabi_fcmp</name>
         <load_address>0x375c</load_address>
         <readonly>true</readonly>
         <executable>true</executable>
         <run_address>0x375c</run_address>
         <size>0x62</size>
         <alignment>0x4</alignment>
         <input_file_ref idref="fl-128"/>
      </object_component>
      <object_component id="oc-2a1">
         <name>.text.DL_I2C_fillControllerTXFIFO</name>
         <load_address>0x37be</load_address>
         <readonly>true</readonly>
         <executable>true</executable>
         <run_address>0x37be</run_address>
         <size>0x5e</size>
         <alignment>0x2</alignment>
         <input_file_ref idref="fl-2c"/>
      </object_component>
      <object_component id="oc-2dd">
         <name>.text.frexp</name>
         <load_address>0x381c</load_address>
         <readonly>true</readonly>
         <executable>true</executable>
         <run_address>0x381c</run_address>
         <size>0x5c</size>
         <alignment>0x4</alignment>
         <input_file_ref idref="fl-4e"/>
      </object_component>
      <object_component id="oc-168">
         <name>.text.SYSCFG_DL_ADC12_0_init</name>
         <load_address>0x3878</load_address>
         <readonly>true</readonly>
         <executable>true</executable>
         <run_address>0x3878</run_address>
         <size>0x58</size>
         <alignment>0x4</alignment>
         <input_file_ref idref="fl-5"/>
      </object_component>
      <object_component id="oc-164">
         <name>.text.SYSCFG_DL_I2C_1_init</name>
         <load_address>0x38d0</load_address>
         <readonly>true</readonly>
         <executable>true</executable>
         <run_address>0x38d0</run_address>
         <size>0x58</size>
         <alignment>0x4</alignment>
         <input_file_ref idref="fl-5"/>
      </object_component>
      <object_component id="oc-166">
         <name>.text.SYSCFG_DL_SPI_0_init</name>
         <load_address>0x3928</load_address>
         <readonly>true</readonly>
         <executable>true</executable>
         <run_address>0x3928</run_address>
         <size>0x58</size>
         <alignment>0x4</alignment>
         <input_file_ref idref="fl-5"/>
      </object_component>
      <object_component id="oc-2e9">
         <name>.text.__TI_ltoa</name>
         <load_address>0x3980</load_address>
         <readonly>true</readonly>
         <executable>true</executable>
         <run_address>0x3980</run_address>
         <size>0x58</size>
         <alignment>0x2</alignment>
         <input_file_ref idref="fl-55"/>
      </object_component>
      <object_component id="oc-2c2">
         <name>.text._pconv_f</name>
         <load_address>0x39d8</load_address>
         <readonly>true</readonly>
         <executable>true</executable>
         <run_address>0x39d8</run_address>
         <size>0x58</size>
         <alignment>0x2</alignment>
         <input_file_ref idref="fl-49"/>
      </object_component>
      <object_component id="oc-311">
         <name>.text.__aeabi_idivmod</name>
         <load_address>0x3a30</load_address>
         <readonly>true</readonly>
         <executable>true</executable>
         <run_address>0x3a30</run_address>
         <size>0x56</size>
         <alignment>0x4</alignment>
         <input_file_ref idref="fl-129"/>
      </object_component>
      <object_component id="oc-2f3">
         <name>.text._ecpy</name>
         <load_address>0x3a86</load_address>
         <readonly>true</readonly>
         <executable>true</executable>
         <run_address>0x3a86</run_address>
         <size>0x52</size>
         <alignment>0x2</alignment>
         <input_file_ref idref="fl-49"/>
      </object_component>
      <object_component id="oc-2a0">
         <name>.text.DL_I2C_startControllerTransfer</name>
         <load_address>0x3ad8</load_address>
         <readonly>true</readonly>
         <executable>true</executable>
         <run_address>0x3ad8</run_address>
         <size>0x50</size>
         <alignment>0x4</alignment>
         <input_file_ref idref="fl-e"/>
      </object_component>
      <object_component id="oc-a5">
         <name>.text.pump_adc_conversions_until_dma_done</name>
         <load_address>0x3b28</load_address>
         <readonly>true</readonly>
         <executable>true</executable>
         <run_address>0x3b28</run_address>
         <size>0x4e</size>
         <alignment>0x2</alignment>
         <input_file_ref idref="fl-2"/>
      </object_component>
      <object_component id="oc-235">
         <name>.text.DL_ADC12_initSingleSample</name>
         <load_address>0x3b78</load_address>
         <readonly>true</readonly>
         <executable>true</executable>
         <run_address>0x3b78</run_address>
         <size>0x4c</size>
         <alignment>0x4</alignment>
         <input_file_ref idref="fl-5"/>
      </object_component>
      <object_component id="oc-28d">
         <name>.text.DL_DMA_initChannel</name>
         <load_address>0x3bc4</load_address>
         <readonly>true</readonly>
         <executable>true</executable>
         <run_address>0x3bc4</run_address>
         <size>0x4c</size>
         <alignment>0x4</alignment>
         <input_file_ref idref="fl-2b"/>
      </object_component>
      <object_component id="oc-219">
         <name>.text.DL_UART_setBaudRateDivisor</name>
         <load_address>0x3c10</load_address>
         <readonly>true</readonly>
         <executable>true</executable>
         <run_address>0x3c10</run_address>
         <size>0x4c</size>
         <alignment>0x4</alignment>
         <input_file_ref idref="fl-5"/>
      </object_component>
      <object_component id="oc-236">
         <name>.text.DL_ADC12_configConversionMem</name>
         <load_address>0x3c5c</load_address>
         <readonly>true</readonly>
         <executable>true</executable>
         <run_address>0x3c5c</run_address>
         <size>0x4a</size>
         <alignment>0x2</alignment>
         <input_file_ref idref="fl-5"/>
      </object_component>
      <object_component id="oc-2e5">
         <name>.text.__fixdfsi</name>
         <load_address>0x3ca8</load_address>
         <readonly>true</readonly>
         <executable>true</executable>
         <run_address>0x3ca8</run_address>
         <size>0x4a</size>
         <alignment>0x4</alignment>
         <input_file_ref idref="fl-11c"/>
      </object_component>
      <object_component id="oc-13e">
         <name>.text.clamp_u16</name>
         <load_address>0x3cf2</load_address>
         <readonly>true</readonly>
         <executable>true</executable>
         <run_address>0x3cf2</run_address>
         <size>0x4a</size>
         <alignment>0x2</alignment>
         <input_file_ref idref="fl-2"/>
      </object_component>
      <object_component id="oc-217">
         <name>.text.DL_UART_init</name>
         <load_address>0x3d3c</load_address>
         <readonly>true</readonly>
         <executable>true</executable>
         <run_address>0x3d3c</run_address>
         <size>0x48</size>
         <alignment>0x4</alignment>
         <input_file_ref idref="fl-30"/>
      </object_component>
      <object_component id="oc-165">
         <name>.text.SYSCFG_DL_UART_0_init</name>
         <load_address>0x3d84</load_address>
         <readonly>true</readonly>
         <executable>true</executable>
         <run_address>0x3d84</run_address>
         <size>0x48</size>
         <alignment>0x4</alignment>
         <input_file_ref idref="fl-5"/>
      </object_component>
      <object_component id="oc-8c">
         <name>.text.AD9834_SetOutput</name>
         <load_address>0x3dcc</load_address>
         <readonly>true</readonly>
         <executable>true</executable>
         <run_address>0x3dcc</run_address>
         <size>0x44</size>
         <alignment>0x4</alignment>
         <input_file_ref idref="fl-8"/>
      </object_component>
      <object_component id="oc-136">
         <name>.text.AD9834_Set_Frequency</name>
         <load_address>0x3e10</load_address>
         <readonly>true</readonly>
         <executable>true</executable>
         <run_address>0x3e10</run_address>
         <size>0x44</size>
         <alignment>0x4</alignment>
         <input_file_ref idref="fl-8"/>
      </object_component>
      <object_component id="oc-1b4">
         <name>.text.AD9834_Set_Register</name>
         <load_address>0x3e54</load_address>
         <readonly>true</readonly>
         <executable>true</executable>
         <run_address>0x3e54</run_address>
         <size>0x44</size>
         <alignment>0x4</alignment>
         <input_file_ref idref="fl-8"/>
      </object_component>
      <object_component id="oc-224">
         <name>.text.DL_SPI_init</name>
         <load_address>0x3e98</load_address>
         <readonly>true</readonly>
         <executable>true</executable>
         <run_address>0x3e98</run_address>
         <size>0x44</size>
         <alignment>0x4</alignment>
         <input_file_ref idref="fl-2e"/>
      </object_component>
      <object_component id="oc-d5">
         <name>.text.Sweep_Init</name>
         <load_address>0x3edc</load_address>
         <readonly>true</readonly>
         <executable>true</executable>
         <run_address>0x3edc</run_address>
         <size>0x44</size>
         <alignment>0x4</alignment>
         <input_file_ref idref="fl-2"/>
      </object_component>
      <object_component id="oc-1be">
         <name>.text.oled_write_page</name>
         <load_address>0x3f20</load_address>
         <readonly>true</readonly>
         <executable>true</executable>
         <run_address>0x3f20</run_address>
         <size>0x44</size>
         <alignment>0x2</alignment>
         <input_file_ref idref="fl-2"/>
      </object_component>
      <object_component id="oc-132">
         <name>.text.__fixunsdfsi</name>
         <load_address>0x3f64</load_address>
         <readonly>true</readonly>
         <executable>true</executable>
         <run_address>0x3f64</run_address>
         <size>0x42</size>
         <alignment>0x4</alignment>
         <input_file_ref idref="fl-11e"/>
      </object_component>
      <object_component id="oc-22f">
         <name>.text.DL_ADC12_setClockConfig</name>
         <load_address>0x3fa8</load_address>
         <readonly>true</readonly>
         <executable>true</executable>
         <run_address>0x3fa8</run_address>
         <size>0x40</size>
         <alignment>0x4</alignment>
         <input_file_ref idref="fl-28"/>
      </object_component>
      <object_component id="oc-123">
         <name>.text.FreqControl_DecreaseFreq</name>
         <load_address>0x3fe8</load_address>
         <readonly>true</readonly>
         <executable>true</executable>
         <run_address>0x3fe8</run_address>
         <size>0x40</size>
         <alignment>0x4</alignment>
         <input_file_ref idref="fl-c"/>
      </object_component>
      <object_component id="oc-167">
         <name>.text.SYSCFG_DL_SPI_1_init</name>
         <load_address>0x4028</load_address>
         <readonly>true</readonly>
         <executable>true</executable>
         <run_address>0x4028</run_address>
         <size>0x40</size>
         <alignment>0x4</alignment>
         <input_file_ref idref="fl-5"/>
      </object_component>
      <object_component id="oc-115">
         <name>.text.__aeabi_uidivmod</name>
         <load_address>0x4068</load_address>
         <readonly>true</readonly>
         <executable>true</executable>
         <run_address>0x4068</run_address>
         <size>0x40</size>
         <alignment>0x4</alignment>
         <input_file_ref idref="fl-12d"/>
      </object_component>
      <object_component id="oc-f0">
         <name>.text.__extendsfdf2</name>
         <load_address>0x40a8</load_address>
         <readonly>true</readonly>
         <executable>true</executable>
         <run_address>0x40a8</run_address>
         <size>0x40</size>
         <alignment>0x4</alignment>
         <input_file_ref idref="fl-11b"/>
      </object_component>
      <object_component id="oc-2ab">
         <name>.text.atoi</name>
         <load_address>0x40e8</load_address>
         <readonly>true</readonly>
         <executable>true</executable>
         <run_address>0x40e8</run_address>
         <size>0x40</size>
         <alignment>0x4</alignment>
         <input_file_ref idref="fl-57"/>
      </object_component>
      <object_component id="oc-1d9">
         <name>.text.DL_GPIO_initPeripheralInputFunctionFeatures</name>
         <load_address>0x4128</load_address>
         <readonly>true</readonly>
         <executable>true</executable>
         <run_address>0x4128</run_address>
         <size>0x3c</size>
         <alignment>0x4</alignment>
         <input_file_ref idref="fl-5"/>
      </object_component>
      <object_component id="oc-1f6">
         <name>.text.DL_Timer_setCounterControl</name>
         <load_address>0x4164</load_address>
         <readonly>true</readonly>
         <executable>true</executable>
         <run_address>0x4164</run_address>
         <size>0x3c</size>
         <alignment>0x4</alignment>
         <input_file_ref idref="fl-5"/>
      </object_component>
      <object_component id="oc-125">
         <name>.text.Relay_1_Toggle</name>
         <load_address>0x41a0</load_address>
         <readonly>true</readonly>
         <executable>true</executable>
         <run_address>0x41a0</run_address>
         <size>0x3c</size>
         <alignment>0x4</alignment>
         <input_file_ref idref="fl-4"/>
      </object_component>
      <object_component id="oc-9c">
         <name>.text.__floatsisf</name>
         <load_address>0x41dc</load_address>
         <readonly>true</readonly>
         <executable>true</executable>
         <run_address>0x41dc</run_address>
         <size>0x3c</size>
         <alignment>0x4</alignment>
         <input_file_ref idref="fl-121"/>
      </object_component>
      <object_component id="oc-277">
         <name>.text.__gtsf2</name>
         <load_address>0x4218</load_address>
         <readonly>true</readonly>
         <executable>true</executable>
         <run_address>0x4218</run_address>
         <size>0x3c</size>
         <alignment>0x4</alignment>
         <input_file_ref idref="fl-12f"/>
      </object_component>
      <object_component id="oc-fe">
         <name>.text:__TI_auto_init_nobinit_nopinit</name>
         <load_address>0x4254</load_address>
         <readonly>true</readonly>
         <executable>true</executable>
         <run_address>0x4254</run_address>
         <size>0x3c</size>
         <alignment>0x4</alignment>
         <input_file_ref idref="fl-5f"/>
      </object_component>
      <object_component id="oc-272">
         <name>.text.__eqsf2</name>
         <load_address>0x4290</load_address>
         <readonly>true</readonly>
         <executable>true</executable>
         <run_address>0x4290</run_address>
         <size>0x3a</size>
         <alignment>0x4</alignment>
         <input_file_ref idref="fl-12f"/>
      </object_component>
      <object_component id="oc-184">
         <name>.text.__muldsi3</name>
         <load_address>0x42cc</load_address>
         <readonly>true</readonly>
         <executable>true</executable>
         <run_address>0x42cc</run_address>
         <size>0x3a</size>
         <alignment>0x4</alignment>
         <input_file_ref idref="fl-117"/>
      </object_component>
      <object_component id="oc-121">
         <name>.text.AmplitudeControl_Decrease</name>
         <load_address>0x4308</load_address>
         <readonly>true</readonly>
         <executable>true</executable>
         <run_address>0x4308</run_address>
         <size>0x38</size>
         <alignment>0x4</alignment>
         <input_file_ref idref="fl-9"/>
      </object_component>
      <object_component id="oc-124">
         <name>.text.AmplitudeControl_Increase</name>
         <load_address>0x4340</load_address>
         <readonly>true</readonly>
         <executable>true</executable>
         <run_address>0x4340</run_address>
         <size>0x38</size>
         <alignment>0x4</alignment>
         <input_file_ref idref="fl-9"/>
      </object_component>
      <object_component id="oc-161">
         <name>.text.SYSCFG_DL_SYSCTL_init</name>
         <load_address>0x4378</load_address>
         <readonly>true</readonly>
         <executable>true</executable>
         <run_address>0x4378</run_address>
         <size>0x38</size>
         <alignment>0x2</alignment>
         <input_file_ref idref="fl-5"/>
      </object_component>
      <object_component id="oc-1ba">
         <name>.text.__fixsfsi</name>
         <load_address>0x43b0</load_address>
         <readonly>true</readonly>
         <executable>true</executable>
         <run_address>0x43b0</run_address>
         <size>0x38</size>
         <alignment>0x4</alignment>
         <input_file_ref idref="fl-11d"/>
      </object_component>
      <object_component id="oc-a9">
         <name>.text.get_voltage_from_mem0</name>
         <load_address>0x43e8</load_address>
         <readonly>true</readonly>
         <executable>true</executable>
         <run_address>0x43e8</run_address>
         <size>0x38</size>
         <alignment>0x4</alignment>
         <input_file_ref idref="fl-2"/>
      </object_component>
      <object_component id="oc-ea">
         <name>.text.sprintf</name>
         <load_address>0x4420</load_address>
         <readonly>true</readonly>
         <executable>true</executable>
         <run_address>0x4420</run_address>
         <size>0x38</size>
         <alignment>0x4</alignment>
         <input_file_ref idref="fl-4a"/>
      </object_component>
      <object_component id="oc-189">
         <name>.text.OLED_SetPos</name>
         <load_address>0x4458</load_address>
         <readonly>true</readonly>
         <executable>true</executable>
         <run_address>0x4458</run_address>
         <size>0x36</size>
         <alignment>0x2</alignment>
         <input_file_ref idref="fl-e"/>
      </object_component>
      <object_component id="oc-c9">
         <name>.text.DL_GPIO_initDigitalInputFeatures</name>
         <load_address>0x4490</load_address>
         <readonly>true</readonly>
         <executable>true</executable>
         <run_address>0x4490</run_address>
         <size>0x34</size>
         <alignment>0x4</alignment>
         <input_file_ref idref="fl-4"/>
      </object_component>
      <object_component id="oc-1dd">
         <name>.text.DL_GPIO_initDigitalInputFeatures</name>
         <load_address>0x44c4</load_address>
         <readonly>true</readonly>
         <executable>true</executable>
         <run_address>0x44c4</run_address>
         <size>0x34</size>
         <alignment>0x4</alignment>
         <input_file_ref idref="fl-5"/>
      </object_component>
      <object_component id="oc-34">
         <name>.text.SPI1_IRQHandler</name>
         <load_address>0x44f8</load_address>
         <readonly>true</readonly>
         <executable>true</executable>
         <run_address>0x44f8</run_address>
         <size>0x34</size>
         <alignment>0x4</alignment>
         <input_file_ref idref="fl-7"/>
      </object_component>
      <object_component id="oc-163">
         <name>.text.SYSCFG_DL_TIMER_0_init</name>
         <load_address>0x452c</load_address>
         <readonly>true</readonly>
         <executable>true</executable>
         <run_address>0x452c</run_address>
         <size>0x34</size>
         <alignment>0x4</alignment>
         <input_file_ref idref="fl-5"/>
      </object_component>
      <object_component id="oc-254">
         <name>.text.__fixunssfsi</name>
         <load_address>0x4560</load_address>
         <readonly>true</readonly>
         <executable>true</executable>
         <run_address>0x4560</run_address>
         <size>0x32</size>
         <alignment>0x4</alignment>
         <input_file_ref idref="fl-11f"/>
      </object_component>
      <object_component id="oc-1b9">
         <name>.text.DL_ADC12_getMemResult</name>
         <load_address>0x4594</load_address>
         <readonly>true</readonly>
         <executable>true</executable>
         <run_address>0x4594</run_address>
         <size>0x30</size>
         <alignment>0x4</alignment>
         <input_file_ref idref="fl-1"/>
      </object_component>
      <object_component id="oc-153">
         <name>.text.DL_ADC12_getMemResult</name>
         <load_address>0x45c4</load_address>
         <readonly>true</readonly>
         <executable>true</executable>
         <run_address>0x45c4</run_address>
         <size>0x30</size>
         <alignment>0x4</alignment>
         <input_file_ref idref="fl-2"/>
      </object_component>
      <object_component id="oc-e0">
         <name>.text.DL_ADC12_getMemResult</name>
         <load_address>0x45f4</load_address>
         <readonly>true</readonly>
         <executable>true</executable>
         <run_address>0x45f4</run_address>
         <size>0x30</size>
         <alignment>0x4</alignment>
         <input_file_ref idref="fl-4"/>
      </object_component>
      <object_component id="oc-143">
         <name>.text.DL_DMA_setTransferSize</name>
         <load_address>0x4624</load_address>
         <readonly>true</readonly>
         <executable>true</executable>
         <run_address>0x4624</run_address>
         <size>0x30</size>
         <alignment>0x4</alignment>
         <input_file_ref idref="fl-2"/>
      </object_component>
      <object_component id="oc-1de">
         <name>.text.DL_GPIO_initDigitalOutputFeatures</name>
         <load_address>0x4654</load_address>
         <readonly>true</readonly>
         <executable>true</executable>
         <run_address>0x4654</run_address>
         <size>0x30</size>
         <alignment>0x4</alignment>
         <input_file_ref idref="fl-5"/>
      </object_component>
      <object_component id="oc-228">
         <name>.text.DL_SPI_setFIFOThreshold</name>
         <load_address>0x4684</load_address>
         <readonly>true</readonly>
         <executable>true</executable>
         <run_address>0x4684</run_address>
         <size>0x30</size>
         <alignment>0x4</alignment>
         <input_file_ref idref="fl-5"/>
      </object_component>
      <object_component id="oc-122">
         <name>.text.FreqControl_IncreaseFreq</name>
         <load_address>0x46b4</load_address>
         <readonly>true</readonly>
         <executable>true</executable>
         <run_address>0x46b4</run_address>
         <size>0x30</size>
         <alignment>0x4</alignment>
         <input_file_ref idref="fl-c"/>
      </object_component>
      <object_component id="oc-2f4">
         <name>.text._fcpy</name>
         <load_address>0x46e4</load_address>
         <readonly>true</readonly>
         <executable>true</executable>
         <run_address>0x46e4</run_address>
         <size>0x30</size>
         <alignment>0x2</alignment>
         <input_file_ref idref="fl-49"/>
      </object_component>
      <object_component id="oc-1af">
         <name>.text.update_frequency_and_hardware</name>
         <load_address>0x4714</load_address>
         <readonly>true</readonly>
         <executable>true</executable>
         <run_address>0x4714</run_address>
         <size>0x30</size>
         <alignment>0x4</alignment>
         <input_file_ref idref="fl-c"/>
      </object_component>
      <object_component id="oc-93">
         <name>.text.ADC_Internal_GetVoltage</name>
         <load_address>0x4744</load_address>
         <readonly>true</readonly>
         <executable>true</executable>
         <run_address>0x4744</run_address>
         <size>0x2c</size>
         <alignment>0x4</alignment>
         <input_file_ref idref="fl-1"/>
      </object_component>
      <object_component id="oc-238">
         <name>.text.DL_ADC12_setDMASamplesCnt</name>
         <load_address>0x4770</load_address>
         <readonly>true</readonly>
         <executable>true</executable>
         <run_address>0x4770</run_address>
         <size>0x2c</size>
         <alignment>0x4</alignment>
         <input_file_ref idref="fl-5"/>
      </object_component>
      <object_component id="oc-87">
         <name>.text.Exit_Sweep_Result_If_Needed</name>
         <load_address>0x479c</load_address>
         <readonly>true</readonly>
         <executable>true</executable>
         <run_address>0x479c</run_address>
         <size>0x2c</size>
         <alignment>0x4</alignment>
         <input_file_ref idref="fl-4"/>
      </object_component>
      <object_component id="oc-d6">
         <name>.text.__NVIC_EnableIRQ</name>
         <load_address>0x47c8</load_address>
         <readonly>true</readonly>
         <executable>true</executable>
         <run_address>0x47c8</run_address>
         <size>0x2c</size>
         <alignment>0x4</alignment>
         <input_file_ref idref="fl-4"/>
      </object_component>
      <object_component id="oc-2ed">
         <name>.text.__floatsidf</name>
         <load_address>0x47f4</load_address>
         <readonly>true</readonly>
         <executable>true</executable>
         <run_address>0x47f4</run_address>
         <size>0x2c</size>
         <alignment>0x4</alignment>
         <input_file_ref idref="fl-120"/>
      </object_component>
      <object_component id="oc-27e">
         <name>.text.DL_Common_updateReg</name>
         <load_address>0x4820</load_address>
         <readonly>true</readonly>
         <executable>true</executable>
         <run_address>0x4820</run_address>
         <size>0x28</size>
         <alignment>0x2</alignment>
         <input_file_ref idref="fl-1"/>
      </object_component>
      <object_component id="oc-1c3">
         <name>.text.DL_Common_updateReg</name>
         <load_address>0x4848</load_address>
         <readonly>true</readonly>
         <executable>true</executable>
         <run_address>0x4848</run_address>
         <size>0x28</size>
         <alignment>0x2</alignment>
         <input_file_ref idref="fl-2"/>
      </object_component>
      <object_component id="oc-2cc">
         <name>.text.DL_Common_updateReg</name>
         <load_address>0x4870</load_address>
         <readonly>true</readonly>
         <executable>true</executable>
         <run_address>0x4870</run_address>
         <size>0x28</size>
         <alignment>0x2</alignment>
         <input_file_ref idref="fl-e"/>
      </object_component>
      <object_component id="oc-280">
         <name>.text.DL_Common_updateReg</name>
         <load_address>0x4898</load_address>
         <readonly>true</readonly>
         <executable>true</executable>
         <run_address>0x4898</run_address>
         <size>0x28</size>
         <alignment>0x2</alignment>
         <input_file_ref idref="fl-5"/>
      </object_component>
      <object_component id="oc-142">
         <name>.text.DL_DMA_setDestAddr</name>
         <load_address>0x48c0</load_address>
         <readonly>true</readonly>
         <executable>true</executable>
         <run_address>0x48c0</run_address>
         <size>0x28</size>
         <alignment>0x4</alignment>
         <input_file_ref idref="fl-2"/>
      </object_component>
      <object_component id="oc-141">
         <name>.text.DL_DMA_setSrcAddr</name>
         <load_address>0x48e8</load_address>
         <readonly>true</readonly>
         <executable>true</executable>
         <run_address>0x48e8</run_address>
         <size>0x28</size>
         <alignment>0x4</alignment>
         <input_file_ref idref="fl-2"/>
      </object_component>
      <object_component id="oc-20d">
         <name>.text.DL_I2C_setControllerRXFIFOThreshold</name>
         <load_address>0x4910</load_address>
         <readonly>true</readonly>
         <executable>true</executable>
         <run_address>0x4910</run_address>
         <size>0x28</size>
         <alignment>0x4</alignment>
         <input_file_ref idref="fl-5"/>
      </object_component>
      <object_component id="oc-20c">
         <name>.text.DL_I2C_setControllerTXFIFOThreshold</name>
         <load_address>0x4938</load_address>
         <readonly>true</readonly>
         <executable>true</executable>
         <run_address>0x4938</run_address>
         <size>0x28</size>
         <alignment>0x4</alignment>
         <input_file_ref idref="fl-5"/>
      </object_component>
      <object_component id="oc-e1">
         <name>.text.__floatunsisf</name>
         <load_address>0x4960</load_address>
         <readonly>true</readonly>
         <executable>true</executable>
         <run_address>0x4960</run_address>
         <size>0x28</size>
         <alignment>0x4</alignment>
         <input_file_ref idref="fl-123"/>
      </object_component>
      <object_component id="oc-59">
         <name>.text:_c_int00_noargs</name>
         <load_address>0x4988</load_address>
         <readonly>true</readonly>
         <executable>true</executable>
         <run_address>0x4988</run_address>
         <size>0x28</size>
         <alignment>0x4</alignment>
         <input_file_ref idref="fl-5d"/>
      </object_component>
      <object_component id="oc-13f">
         <name>.text.DL_DMA_disableChannel</name>
         <load_address>0x49b0</load_address>
         <readonly>true</readonly>
         <executable>true</executable>
         <run_address>0x49b0</run_address>
         <size>0x26</size>
         <alignment>0x2</alignment>
         <input_file_ref idref="fl-2"/>
      </object_component>
      <object_component id="oc-145">
         <name>.text.DL_DMA_enableChannel</name>
         <load_address>0x49d6</load_address>
         <readonly>true</readonly>
         <executable>true</executable>
         <run_address>0x49d6</run_address>
         <size>0x26</size>
         <alignment>0x2</alignment>
         <input_file_ref idref="fl-2"/>
      </object_component>
      <object_component id="oc-146">
         <name>.text.DL_DMA_startTransfer</name>
         <load_address>0x49fc</load_address>
         <readonly>true</readonly>
         <executable>true</executable>
         <run_address>0x49fc</run_address>
         <size>0x26</size>
         <alignment>0x2</alignment>
         <input_file_ref idref="fl-2"/>
      </object_component>
      <object_component id="oc-208">
         <name>.text.DL_I2C_setAnalogGlitchFilterPulseWidth</name>
         <load_address>0x4a22</load_address>
         <readonly>true</readonly>
         <executable>true</executable>
         <run_address>0x4a22</run_address>
         <size>0x26</size>
         <alignment>0x2</alignment>
         <input_file_ref idref="fl-5"/>
      </object_component>
      <object_component id="oc-202">
         <name>.text.DL_I2C_setClockConfig</name>
         <load_address>0x4a48</load_address>
         <readonly>true</readonly>
         <executable>true</executable>
         <run_address>0x4a48</run_address>
         <size>0x26</size>
[...]
         <object_component_ref idref="oc-c5"/>
      </symbol>
      <symbol id="sm-3e9">
         <name>DL_DAC12_init</name>
         <value>0x3191</value>
         <object_component_ref idref="oc-245"/>
      </symbol>
      <symbol id="sm-3f3">
         <name>DL_DMA_initChannel</name>
         <value>0x3bc5</value>
         <object_component_ref idref="oc-28d"/>
      </symbol>
      <symbol id="sm-3ff">
         <name>DL_I2C_setClockConfig</name>
         <value>0x4a49</value>
         <object_component_ref idref="oc-202"/>
      </symbol>
      <symbol id="sm-400">
         <name>DL_I2C_fillControllerTXFIFO</name>
         <value>0x37bf</value>
         <object_component_ref idref="oc-2a1"/>
      </symbol>
      <symbol id="sm-40e">
         <name>DL_SPI_init</name>
         <value>0x3e99</value>
         <object_component_ref idref="oc-224"/>
      </symbol>
      <symbol id="sm-40f">
         <name>DL_SPI_setClockConfig</name>
         <value>0x554b</value>
         <object_component_ref idref="oc-21e"/>
      </symbol>
      <symbol id="sm-42b">
         <name>DL_Timer_setClockConfig</name>
         <value>0x4f0d</value>
         <object_component_ref idref="oc-1ef"/>
      </symbol>
      <symbol id="sm-42c">
         <name>DL_Timer_initTimerMode</name>
         <value>0x2671</value>
         <object_component_ref idref="oc-1fe"/>
      </symbol>
      <symbol id="sm-42d">
         <name>DL_Timer_setCaptureCompareValue</name>
         <value>0x55f5</value>
         <object_component_ref idref="oc-1f9"/>
      </symbol>
      <symbol id="sm-42e">
         <name>DL_Timer_setCaptCompUpdateMethod</name>
         <value>0x4ef1</value>
         <object_component_ref idref="oc-1f8"/>
      </symbol>
      <symbol id="sm-42f">
         <name>DL_Timer_setCaptureCompareOutCtl</name>
         <value>0x5265</value>
         <object_component_ref idref="oc-1f7"/>
      </symbol>
      <symbol id="sm-430">
         <name>DL_Timer_initFourCCPWMMode</name>
         <value>0x2481</value>
         <object_component_ref idref="oc-1f5"/>
      </symbol>
      <symbol id="sm-43d">
         <name>DL_UART_init</name>
         <value>0x3d3d</value>
         <object_component_ref idref="oc-217"/>
      </symbol>
      <symbol id="sm-43e">
         <name>DL_UART_setClockConfig</name>
         <value>0x556f</value>
         <object_component_ref idref="oc-211"/>
      </symbol>
      <symbol id="sm-448">
         <name>DL_VREF_configReference</name>
         <value>0x4b6d</value>
         <object_component_ref idref="oc-23b"/>
      </symbol>
      <symbol id="sm-492">
         <name>__TI_printfi</name>
         <value>0xc1</value>
         <object_component_ref idref="oc-262"/>
      </symbol>
      <symbol id="sm-4a3">
         <name>sprintf</name>
         <value>0x4421</value>
         <object_component_ref idref="oc-ea"/>
      </symbol>
      <symbol id="sm-4b0">
         <name>frexp</name>
         <value>0x381d</value>
         <object_component_ref idref="oc-2dd"/>
      </symbol>
      <symbol id="sm-4b1">
         <name>frexpl</name>
         <value>0x381d</value>
         <object_component_ref idref="oc-2dd"/>
      </symbol>
      <symbol id="sm-4bb">
         <name>scalbn</name>
         <value>0x29f9</value>
         <object_component_ref idref="oc-2e1"/>
      </symbol>
      <symbol id="sm-4bc">
         <name>ldexp</name>
         <value>0x29f9</value>
         <object_component_ref idref="oc-2e1"/>
      </symbol>
      <symbol id="sm-4bd">
         <name>scalbnl</name>
         <value>0x29f9</value>
         <object_component_ref idref="oc-2e1"/>
      </symbol>
      <symbol id="sm-4be">
         <name>ldexpl</name>
         <value>0x29f9</value>
         <object_component_ref idref="oc-2e1"/>
      </symbol>
      <symbol id="sm-4cc">
         <name>log10f</name>
         <value>0x1b41</value>
         <object_component_ref idref="oc-24e"/>
      </symbol>
      <symbol id="sm-4d6">
         <name>wcslen</name>
         <value>0x5635</value>
         <object_component_ref idref="oc-2af"/>
      </symbol>
      <symbol id="sm-4e1">
         <name>__aeabi_errno_addr</name>
         <value>0x5709</value>
         <object_component_ref idref="oc-297"/>
      </symbol>
      <symbol id="sm-4e2">
         <name>__aeabi_errno</name>
         <value>0x20200c3c</value>
         <object_component_ref idref="oc-2c8"/>
      </symbol>
      <symbol id="sm-4ec">
         <name>__TI_ltoa</name>
         <value>0x3981</value>
         <object_component_ref idref="oc-2e9"/>
      </symbol>
      <symbol id="sm-4f7">
         <name>atoi</name>
         <value>0x40e9</value>
         <object_component_ref idref="oc-2ab"/>
      </symbol>
      <symbol id="sm-501">
         <name>memccpy</name>
         <value>0x4b8f</value>
         <object_component_ref idref="oc-2a4"/>
      </symbol>
      <symbol id="sm-50f">
         <name>_c_int00_noargs</name>
         <value>0x4989</value>
         <object_component_ref idref="oc-59"/>
      </symbol>
      <symbol id="sm-510">
         <name>__stack</name>
         <value>0x20203e00</value>
         <object_component_ref idref="oc-1a"/>
      </symbol>
      <symbol id="sm-51f">
         <name>__TI_auto_init_nobinit_nopinit</name>
         <value>0x4255</value>
         <object_component_ref idref="oc-fe"/>
      </symbol>
      <symbol id="sm-527">
         <name>_system_pre_init</name>
         <value>0x5751</value>
         <object_component_ref idref="oc-77"/>
      </symbol>
      <symbol id="sm-532">
         <name>__TI_zero_init</name>
         <value>0x5645</value>
         <object_component_ref idref="oc-56"/>
      </symbol>
      <symbol id="sm-53b">
         <name>__TI_decompress_none</name>
         <value>0x5593</value>
         <object_component_ref idref="oc-20"/>
      </symbol>
      <symbol id="sm-546">
         <name>__TI_decompress_lzss</name>
         <value>0x3325</value>
         <object_component_ref idref="oc-1c"/>
      </symbol>
      <symbol id="sm-549">
         <name>__aeabi_ctype_table_</name>
         <value>0x5f80</value>
         <object_component_ref idref="oc-2d0"/>
      </symbol>
      <symbol id="sm-54a">
         <name>__aeabi_ctype_table_C</name>
         <value>0x5f80</value>
         <object_component_ref idref="oc-2d0"/>
      </symbol>
      <symbol id="sm-554">
         <name>abort</name>
         <value>0x5719</value>
         <object_component_ref idref="oc-f7"/>
      </symbol>
      <symbol id="sm-55d">
         <name>HOSTexit</name>
         <value>0x5723</value>
         <object_component_ref idref="oc-193"/>
      </symbol>
      <symbol id="sm-55e">
         <name>C$$EXIT</name>
         <value>0x5722</value>
         <object_component_ref idref="oc-193"/>
      </symbol>
      <symbol id="sm-56e">
         <name>__aeabi_fadd</name>
         <value>0x2adb</value>
         <object_component_ref idref="oc-98"/>
      </symbol>
      <symbol id="sm-56f">
         <name>__addsf3</name>
         <value>0x2adb</value>
         <object_component_ref idref="oc-98"/>
      </symbol>
      <symbol id="sm-570">
         <name>__aeabi_fsub</name>
         <value>0x2ad1</value>
         <object_component_ref idref="oc-98"/>
      </symbol>
      <symbol id="sm-571">
         <name>__subsf3</name>
         <value>0x2ad1</value>
         <object_component_ref idref="oc-98"/>
      </symbol>
      <symbol id="sm-577">
         <name>__aeabi_dadd</name>
         <value>0x1cdf</value>
         <object_component_ref idref="oc-2fe"/>
      </symbol>
      <symbol id="sm-578">
         <name>__adddf3</name>
         <value>0x1cdf</value>
         <object_component_ref idref="oc-2fe"/>
      </symbol>
      <symbol id="sm-579">
         <name>__aeabi_dsub</name>
         <value>0x1cd5</value>
         <object_component_ref idref="oc-2fe"/>
      </symbol>
      <symbol id="sm-57a">
         <name>__subdf3</name>
         <value>0x1cd5</value>
         <object_component_ref idref="oc-2fe"/>
      </symbol>
      <symbol id="sm-583">
         <name>__aeabi_dmul</name>
         <value>0x283d</value>
         <object_component_ref idref="oc-12a"/>
      </symbol>
      <symbol id="sm-584">
         <name>__muldf3</name>
         <value>0x283d</value>
         <object_component_ref idref="oc-12a"/>
      </symbol>
      <symbol id="sm-58a">
         <name>__muldsi3</name>
         <value>0x42cd</value>
         <object_component_ref idref="oc-184"/>
      </symbol>
      <symbol id="sm-590">
         <name>__aeabi_fmul</name>
         <value>0x3105</value>
         <object_component_ref idref="oc-e5"/>
      </symbol>
      <symbol id="sm-591">
         <name>__mulsf3</name>
         <value>0x3105</value>
         <object_component_ref idref="oc-e5"/>
      </symbol>
      <symbol id="sm-59a">
         <name>__aeabi_fdiv</name>
         <value>0x32a1</value>
         <object_component_ref idref="oc-a0"/>
      </symbol>
      <symbol id="sm-59b">
         <name>__divsf3</name>
         <value>0x32a1</value>
         <object_component_ref idref="oc-a0"/>
      </symbol>
      <symbol id="sm-5a1">
         <name>__aeabi_ddiv</name>
         <value>0x2375</value>
         <object_component_ref idref="oc-12e"/>
      </symbol>
      <symbol id="sm-5a2">
         <name>__divdf3</name>
         <value>0x2375</value>
         <object_component_ref idref="oc-12e"/>
      </symbol>
      <symbol id="sm-5a8">
         <name>__aeabi_f2d</name>
         <value>0x40a9</value>
         <object_component_ref idref="oc-f0"/>
      </symbol>
      <symbol id="sm-5a9">
         <name>__extendsfdf2</name>
         <value>0x40a9</value>
         <object_component_ref idref="oc-f0"/>
      </symbol>
      <symbol id="sm-5af">
         <name>__aeabi_d2iz</name>
         <value>0x3ca9</value>
         <object_component_ref idref="oc-2e5"/>
      </symbol>
      <symbol id="sm-5b0">
         <name>__fixdfsi</name>
         <value>0x3ca9</value>
         <object_component_ref idref="oc-2e5"/>
      </symbol>
      <symbol id="sm-5b6">
         <name>__aeabi_f2iz</name>
         <value>0x43b1</value>
         <object_component_ref idref="oc-1ba"/>
      </symbol>
      <symbol id="sm-5b7">
         <name>__fixsfsi</name>
         <value>0x43b1</value>
         <object_component_ref idref="oc-1ba"/>
      </symbol>
      <symbol id="sm-5bd">
         <name>__aeabi_d2uiz</name>
         <value>0x3f65</value>
         <object_component_ref idref="oc-132"/>
      </symbol>
      <symbol id="sm-5be">
         <name>__fixunsdfsi</name>
         <value>0x3f65</value>
         <object_component_ref idref="oc-132"/>
      </symbol>
      <symbol id="sm-5c4">
         <name>__aeabi_f2uiz</name>
         <value>0x4561</value>
         <object_component_ref idref="oc-254"/>
      </symbol>
      <symbol id="sm-5c5">
         <name>__fixunssfsi</name>
         <value>0x4561</value>
         <object_component_ref idref="oc-254"/>
      </symbol>
      <symbol id="sm-5cb">
         <name>__aeabi_i2d</name>
         <value>0x47f5</value>
         <object_component_ref idref="oc-2ed"/>
      </symbol>
      <symbol id="sm-5cc">
         <name>__floatsidf</name>
         <value>0x47f5</value>
         <object_component_ref idref="oc-2ed"/>
      </symbol>
      <symbol id="sm-5d2">
         <name>__aeabi_i2f</name>
         <value>0x41dd</value>
         <object_component_ref idref="oc-9c"/>
      </symbol>
      <symbol id="sm-5d3">
         <name>__floatsisf</name>
         <value>0x41dd</value>
         <object_component_ref idref="oc-9c"/>
      </symbol>
      <symbol id="sm-5d9">
         <name>__aeabi_ui2d</name>
         <value>0x4b25</value>
         <object_component_ref idref="oc-126"/>
      </symbol>
      <symbol id="sm-5da">
         <name>__floatunsidf</name>
         <value>0x4b25</value>
         <object_component_ref idref="oc-126"/>
      </symbol>
      <symbol id="sm-5e0">
         <name>__aeabi_ui2f</name>
         <value>0x4961</value>
         <object_component_ref idref="oc-e1"/>
      </symbol>
      <symbol id="sm-5e1">
         <name>__floatunsisf</name>
         <value>0x4961</value>
         <object_component_ref idref="oc-e1"/>
      </symbol>
      <symbol id="sm-5e7">
         <name>__aeabi_lmul</name>
         <value>0x4b49</value>
         <object_component_ref idref="oc-2b3"/>
      </symbol>
      <symbol id="sm-5e8">
         <name>__muldi3</name>
         <value>0x4b49</value>
         <object_component_ref idref="oc-2b3"/>
      </symbol>
      <symbol id="sm-5ef">
         <name>__aeabi_dcmpeq</name>
         <value>0x36f9</value>
         <object_component_ref idref="oc-2bd"/>
      </symbol>
      <symbol id="sm-5f0">
         <name>__aeabi_dcmplt</name>
         <value>0x370d</value>
         <object_component_ref idref="oc-2bd"/>
      </symbol>
      <symbol id="sm-5f1">
         <name>__aeabi_dcmple</name>
         <value>0x3721</value>
         <object_component_ref idref="oc-2bd"/>
      </symbol>
      <symbol id="sm-5f2">
         <name>__aeabi_dcmpge</name>
         <value>0x3735</value>
         <object_component_ref idref="oc-2bd"/>
      </symbol>
      <symbol id="sm-5f3">
         <name>__aeabi_dcmpgt</name>
         <value>0x3749</value>
         <object_component_ref idref="oc-2bd"/>
      </symbol>
      <symbol id="sm-5f9">
         <name>__aeabi_fcmpeq</name>
         <value>0x375d</value>
         <object_component_ref idref="oc-1ab"/>
      </symbol>
      <symbol id="sm-5fa">
         <name>__aeabi_fcmplt</name>
         <value>0x3771</value>
         <object_component_ref idref="oc-1ab"/>
      </symbol>
      <symbol id="sm-5fb">
         <name>__aeabi_fcmple</name>
         <value>0x3785</value>
         <object_component_ref idref="oc-1ab"/>
      </symbol>
      <symbol id="sm-5fc">
         <name>__aeabi_fcmpge</name>
         <value>0x3799</value>
         <object_component_ref idref="oc-1ab"/>
      </symbol>
      <symbol id="sm-5fd">
         <name>__aeabi_fcmpgt</name>
         <value>0x37ad</value>
         <object_component_ref idref="oc-1ab"/>
      </symbol>
      <symbol id="sm-603">
         <name>__aeabi_idiv</name>
         <value>0x3a31</value>
         <object_component_ref idref="oc-311"/>
      </symbol>
      <symbol id="sm-604">
         <name>__aeabi_idivmod</name>
         <value>0x3a31</value>
         <object_component_ref idref="oc-311"/>
      </symbol>
      <symbol id="sm-60a">
         <name>__aeabi_memcpy</name>
         <value>0x5711</value>
         <object_component_ref idref="oc-49"/>
      </symbol>
      <symbol id="sm-60b">
         <name>__aeabi_memcpy4</name>
         <value>0x5711</value>
         <object_component_ref idref="oc-49"/>
      </symbol>
      <symbol id="sm-60c">
         <name>__aeabi_memcpy8</name>
         <value>0x5711</value>
         <object_component_ref idref="oc-49"/>
      </symbol>
      <symbol id="sm-615">
         <name>__aeabi_memset</name>
         <value>0x5655</value>
         <object_component_ref idref="oc-2a3"/>
      </symbol>
      <symbol id="sm-616">
         <name>__aeabi_memset4</name>
         <value>0x5655</value>
         <object_component_ref idref="oc-2a3"/>
      </symbol>
      <symbol id="sm-617">
         <name>__aeabi_memset8</name>
         <value>0x5655</value>
         <object_component_ref idref="oc-2a3"/>
      </symbol>
      <symbol id="sm-618">
         <name>__aeabi_memclr</name>
         <value>0x56b1</value>
         <object_component_ref idref="oc-72"/>
      </symbol>
      <symbol id="sm-619">
         <name>__aeabi_memclr4</name>
         <value>0x56b1</value>
         <object_component_ref idref="oc-72"/>
      </symbol>
      <symbol id="sm-61a">
         <name>__aeabi_memclr8</name>
         <value>0x56b1</value>
         <object_component_ref idref="oc-72"/>
      </symbol>
      <symbol id="sm-620">
         <name>__aeabi_uidiv</name>
         <value>0x4069</value>
         <object_component_ref idref="oc-115"/>
      </symbol>
      <symbol id="sm-621">
         <name>__aeabi_uidivmod</name>
         <value>0x4069</value>
         <object_component_ref idref="oc-115"/>
      </symbol>
      <symbol id="sm-627">
         <name>__aeabi_uldivmod</name>
         <value>0x5511</value>
         <object_component_ref idref="oc-2b8"/>
      </symbol>
      <symbol id="sm-630">
         <name>__eqsf2</name>
         <value>0x4291</value>
         <object_component_ref idref="oc-272"/>
      </symbol>
      <symbol id="sm-631">
         <name>__lesf2</name>
         <value>0x4291</value>
         <object_component_ref idref="oc-272"/>
      </symbol>
      <symbol id="sm-632">
         <name>__ltsf2</name>
         <value>0x4291</value>
         <object_component_ref idref="oc-272"/>
      </symbol>
      <symbol id="sm-633">
         <name>__nesf2</name>
         <value>0x4291</value>
         <object_component_ref idref="oc-272"/>
      </symbol>
      <symbol id="sm-634">
         <name>__cmpsf2</name>
         <value>0x4291</value>
         <object_component_ref idref="oc-272"/>
      </symbol>
      <symbol id="sm-635">
         <name>__gtsf2</name>
         <value>0x4219</value>
         <object_component_ref idref="oc-277"/>
      </symbol>
      <symbol id="sm-636">
         <name>__gesf2</name>
         <value>0x4219</value>
         <object_component_ref idref="oc-277"/>
      </symbol>
      <symbol id="sm-63c">
         <name>__udivmoddi4</name>
         <value>0x2e9d</value>
         <object_component_ref idref="oc-2d8"/>
      </symbol>
      <symbol id="sm-642">
         <name>__aeabi_llsl</name>
         <value>0x4d11</value>
         <object_component_ref idref="oc-305"/>
      </symbol>
      <symbol id="sm-643">
         <name>__ashldi3</name>
         <value>0x4d11</value>
         <object_component_ref idref="oc-305"/>
      </symbol>
      <symbol id="sm-651">
         <name>__ledf2</name>
         <value>0x35c5</value>
         <object_component_ref idref="oc-2f6"/>
      </symbol>
      <symbol id="sm-652">
         <name>__gedf2</name>
         <value>0x33a1</value>
         <object_component_ref idref="oc-2fc"/>
      </symbol>
      <symbol id="sm-653">
         <name>__cmpdf2</name>
         <value>0x35c5</value>
         <object_component_ref idref="oc-2f6"/>
      </symbol>
      <symbol id="sm-654">
         <name>__eqdf2</name>
         <value>0x35c5</value>
         <object_component_ref idref="oc-2f6"/>
      </symbol>
      <symbol id="sm-655">
         <name>__ltdf2</name>
         <value>0x35c5</value>
         <object_component_ref idref="oc-2f6"/>
      </symbol>
      <symbol id="sm-656">
         <name>__nedf2</name>
         <value>0x35c5</value>
         <object_component_ref idref="oc-2f6"/>
      </symbol>
      <symbol id="sm-657">
         <name>__gtdf2</name>
         <value>0x33a1</value>
         <object_component_ref idref="oc-2fc"/>
      </symbol>
      <symbol id="sm-663">
         <name>__aeabi_idiv0</name>
         <value>0x3323</value>
         <object_component_ref idref="oc-1a4"/>
      </symbol>
      <symbol id="sm-664">
         <name>__aeabi_ldiv0</name>
         <value>0x3693</value>
         <object_component_ref idref="oc-304"/>
      </symbol>
      <symbol id="sm-66d">
         <name>TI_memcpy_small</name>
         <value>0x5581</value>
         <object_component_ref idref="oc-b6"/>
      </symbol>
      <symbol id="sm-676">
         <name>TI_memset_small</name>
         <value>0x5671</value>
         <object_component_ref idref="oc-159"/>
      </symbol>
      <symbol id="sm-678">
         <name>__TI_static_base__</name>
         <value>0x0</value>
      </symbol>
      <symbol id="sm-67c">
         <name>__mpu_init</name>
         <value>0x0</value>
      </symbol>
      <symbol id="sm-67d">
         <name>_system_post_cinit</name>
         <value>0x0</value>
      </symbol>
   </symbol_table>
   <title>Link successful</title>
</link_info>
