******************************************************************************
            TI ARM Clang Linker PC v4.0.3                      
******************************************************************************
>> Linked Wed May  6 03:42:35 2026

OUTPUT FILE NAME:   <signal.out>
ENTRY POINT SYMBOL: "_c_int00_noargs"  address: 00004b39


MEMORY CONFIGURATION

         name            origin    length      used     unused   attr    fill
----------------------  --------  ---------  --------  --------  ----  --------
  FLASH                 00000000   00008000  000065f8  00001a08  R  X
  SRAM                  20200000   00004000  00000e5b  000031a5  RW X
  BCR_CONFIG            41c00000   000000ff  00000000  000000ff  R   
  BSL_CONFIG            41c00100   00000080  00000000  00000080  R   


SEGMENT ALLOCATION MAP

run origin  load origin   length   init length attrs members
----------  ----------- ---------- ----------- ----- -------
00000000    00000000    000065f8   000065f8    r-x
  00000000    00000000    000000c0   000000c0    r-- .intvecs
  000000c0    000000c0    000059c0   000059c0    r-x .text
  00005a80    00005a80    00000b00   00000b00    r-- .rodata
  00006580    00006580    00000078   00000078    r-- .cinit
20200000    20200000    00000c5b   00000000    rw-
  20200000    20200000    00000bac   00000000    rw- .bss
  20200bac    20200bac    000000af   00000000    rw- .data
20203e00    20203e00    00000200   00000000    rw-
  20203e00    20203e00    00000200   00000000    rw- .stack


SECTION ALLOCATION MAP

 output                                  attributes/
section   page    origin      length       input sections
--------  ----  ----------  ----------   ----------------
.intvecs   0    00000000    000000c0     
                  00000000    000000c0     startup_mspm0g350x_ticlang.o (.intvecs)

.text      0    000000c0    000059c0     
                  000000c0    000009d0     libc.a : _printfi.c.obj (.text:__TI_printfi)
                  00000a90    00000338     Sweep.o (.text.Sweep_Process)
                  00000dc8    00000318     Sweep.o (.text.oled_draw_graph)
                  000010e0    000002cc     main.o (.text.Key_Process)
                  000013ac    00000220     libc.a : _printfi.c.obj (.text._pconv_a)
                  000015cc    00000208     ti_msp_dl_config.o (.text.SYSCFG_DL_GPIO_init)
                  000017d4    000001dc     libc.a : _printfi.c.obj (.text._pconv_g)
                  000019b0    00000198     oled.o (.text.OLED_ShowStr)
                  00001b48    00000194     libc.a : e_log10f.c.obj (.text.log10f)
                  00001cdc    00000192     libclang_rt.builtins.a : adddf3.S.obj (.text.adddf3_subdf3)
                  00001e6e    00000002     oled.o (.text.OLED_I2C_Init)
                  00001e70    00000158     Sweep.o (.text.classify_filter)
                  00001fc8    0000013c     libc.a : _printfi.c.obj (.text.fcvt)
                  00002104    00000120            : _printfi.c.obj (.text._pconv_e)
                  00002224    00000110     main.o (.text.main)
                  00002334    0000010c     libclang_rt.builtins.a : divdf3.S.obj (.text.__divdf3)
                  00002440    00000104     driverlib.a : dl_timer.o (.text.DL_Timer_initFourCCPWMMode)
                  00002544    000000ec     main.o (.text.Update_OLED_Display)
                  00002630    000000e8     driverlib.a : dl_timer.o (.text.DL_Timer_initTimerMode)
                  00002718    000000e4     ti_msp_dl_config.o (.text.SYSCFG_DL_initPower)
                  000027fc    000000e4     libclang_rt.builtins.a : muldf3.S.obj (.text.__muldf3)
                  000028e0    000000d8     Sweep.o (.text.Sweep_DisplayOLED)
                  000029b8    000000d8     libc.a : s_scalbn.c.obj (.text.scalbn)
                  00002a90    000000d8     libclang_rt.builtins.a : addsf3.S.obj (.text)
                  00002b68    000000d0     AmplitudeControl.o (.text.AmplitudeControl_SetVoltage)
                  00002c38    000000c8     Sweep.o (.text.start_adc_dma)
                  00002d00    000000c4     oled.o (.text.OLED_Init)
                  00002dc4    000000b4     oled.o (.text.I2C_WriteByte)
                  00002e78    000000a8     ADC_Internal.o (.text.ADC_Internal_Read)
                  00002f20    000000a2     libclang_rt.builtins.a : udivmoddi4.S.obj (.text)
                  00002fc2    00000002     ti_msp_dl_config.o (.text.SYSCFG_DL_SYSTICK_init)
                  00002fc4    000000a0     Sweep.o (.text.Sweep_StartLinear)
                  00003064    00000098     Sweep.o (.text.generate_freq_list_linear)
                  000030fc    0000008c     ti_msp_dl_config.o (.text.SYSCFG_DL_PWM_0_init)
                  00003188    0000008c     libclang_rt.builtins.a : mulsf3.S.obj (.text.__mulsf3)
                  00003214    00000088     driverlib.a : dl_dac12.o (.text.DL_DAC12_init)
                  0000329c    00000088     Sweep.o (.text.compute_avg_voltage_from_dma)
                  00003324    00000082     libclang_rt.builtins.a : divsf3.S.obj (.text.__divsf3)
                  000033a6    00000002                            : aeabi_div0.c.obj (.text.__aeabi_idiv0)
                  000033a8    0000007c     ti_msp_dl_config.o (.text.SYSCFG_DL_ADC12_0_init)
                  00003424    0000007c     libc.a : copy_decompress_lzss.c.obj (.text:decompress:lzss)
                  000034a0    00000074     libclang_rt.builtins.a : comparedf2.c.obj (.text.__gedf2)
                  00003514    00000070     Sweep.o (.text.Sweep_DisplayResultOLED)
                  00003584    00000068     oled.o (.text.OLED_Fill)
                  000035ec    00000068     ti_msp_dl_config.o (.text.SYSCFG_DL_init)
                  00003654    00000068     libclang_rt.builtins.a : comparedf2.c.obj (.text.__ledf2)
                  000036bc    00000068     ADC_Internal.o (.text.adc_internal_reinit)
                  00003724    00000066     libc.a : _printfi.c.obj (.text._mcpy)
                  0000378a    00000002     libclang_rt.builtins.a : aeabi_div0.c.obj (.text.__aeabi_ldiv0)
                  0000378c    00000064     AD9834.o (.text.AD9834_Init)
                  000037f0    00000062     libclang_rt.builtins.a : aeabi_dcmp.S.obj (.text.__aeabi_dcmp)
                  00003852    00000002     --HOLE-- [fill = 0]
                  00003854    00000062                            : aeabi_fcmp.S.obj (.text.__aeabi_fcmp)
                  000038b6    0000005e     driverlib.a : dl_i2c.o (.text.DL_I2C_fillControllerTXFIFO)
                  00003914    0000005c     libc.a : s_frexp.c.obj (.text.frexp)
                  00003970    00000058     ti_msp_dl_config.o (.text.SYSCFG_DL_I2C_1_init)
                  000039c8    00000058     ti_msp_dl_config.o (.text.SYSCFG_DL_SPI_0_init)
                  00003a20    00000058     libc.a : _ltoa.c.obj (.text.__TI_ltoa)
                  00003a78    00000058            : _printfi.c.obj (.text._pconv_f)
                  00003ad0    00000056     libclang_rt.builtins.a : aeabi_idivmod.S.obj (.text.__aeabi_idivmod)
                  00003b26    00000002     --HOLE-- [fill = 0]
                  00003b28    00000054     Sweep.o (.text.adc_start_conversion_and_wait)
                  00003b7c    00000052     libc.a : _printfi.c.obj (.text._ecpy)
                  00003bce    00000002     --HOLE-- [fill = 0]
                  00003bd0    00000050     oled.o (.text.DL_I2C_startControllerTransfer)
                  00003c20    0000004e     Sweep.o (.text.pump_adc_conversions_until_dma_done)
                  00003c6e    00000002     --HOLE-- [fill = 0]
                  00003c70    0000004c     ti_msp_dl_config.o (.text.DL_ADC12_initSingleSample)
                  00003cbc    0000004c     driverlib.a : dl_dma.o (.text.DL_DMA_initChannel)
                  00003d08    0000004c     ti_msp_dl_config.o (.text.DL_UART_setBaudRateDivisor)
                  00003d54    0000004a     ti_msp_dl_config.o (.text.DL_ADC12_configConversionMem)
                  00003d9e    00000002     --HOLE-- [fill = 0]
                  00003da0    0000004a     libclang_rt.builtins.a : fixdfsi.S.obj (.text.__fixdfsi)
                  00003dea    0000004a     Sweep.o (.text.clamp_u16)
                  00003e34    00000048     driverlib.a : dl_uart.o (.text.DL_UART_init)
                  00003e7c    00000048     ti_msp_dl_config.o (.text.SYSCFG_DL_UART_0_init)
                  00003ec4    00000044     AD9834.o (.text.AD9834_SetOutput)
                  00003f08    00000044     AD9834.o (.text.AD9834_Set_Frequency)
                  00003f4c    00000044     AD9834.o (.text.AD9834_Set_Register)
                  00003f90    00000044     driverlib.a : dl_spi.o (.text.DL_SPI_init)
                  00003fd4    00000044     Sweep.o (.text.Sweep_Init)
                  00004018    00000044     Sweep.o (.text.oled_write_page)
                  0000405c    00000042     libclang_rt.builtins.a : fixunsdfsi.S.obj (.text.__fixunsdfsi)
                  0000409e    00000002     --HOLE-- [fill = 0]
                  000040a0    00000040     driverlib.a : dl_adc12.o (.text.DL_ADC12_setClockConfig)
                  000040e0    00000040     FreqControl.o (.text.FreqControl_DecreaseFreq)
                  00004120    00000040     ti_msp_dl_config.o (.text.SYSCFG_DL_SPI_1_init)
                  00004160    00000040     libclang_rt.builtins.a : aeabi_uidivmod.S.obj (.text.__aeabi_uidivmod)
                  000041a0    00000040                            : extendsfdf2.S.obj (.text.__extendsfdf2)
                  000041e0    00000040     libc.a : atoi.c.obj (.text.atoi)
                  00004220    0000003c     ti_msp_dl_config.o (.text.DL_GPIO_initPeripheralInputFunctionFeatures)
                  0000425c    0000003c     ti_msp_dl_config.o (.text.DL_Timer_setCounterControl)
                  00004298    0000003c     main.o (.text.Relay_1_Toggle)
                  000042d4    0000003c     libclang_rt.builtins.a : floatsisf.S.obj (.text.__floatsisf)
                  00004310    0000003c                            : comparesf2.S.obj (.text.__gtsf2)
                  0000434c    0000003c     Sweep.o (.text.clear_adc_dma_done)
                  00004388    0000003c     libc.a : autoinit.c.obj (.text:__TI_auto_init_nobinit_nopinit)
                  000043c4    0000003a     libclang_rt.builtins.a : comparesf2.S.obj (.text.__eqsf2)
                  000043fe    00000002     --HOLE-- [fill = 0]
                  00004400    0000003a                            : muldsi3.S.obj (.text.__muldsi3)
                  0000443a    00000002     --HOLE-- [fill = 0]
                  0000443c    00000038     AmplitudeControl.o (.text.AmplitudeControl_Decrease)
                  00004474    00000038     AmplitudeControl.o (.text.AmplitudeControl_Increase)
                  000044ac    00000038     ti_msp_dl_config.o (.text.SYSCFG_DL_SYSCTL_init)
                  000044e4    00000038     libclang_rt.builtins.a : fixsfsi.S.obj (.text.__fixsfsi)
                  0000451c    00000038     Sweep.o (.text.get_voltage_from_mem0)
                  00004554    00000038     libc.a : sprintf.c.obj (.text.sprintf)
                  0000458c    00000036     oled.o (.text.OLED_SetPos)
                  000045c2    00000002     --HOLE-- [fill = 0]
                  000045c4    00000034     main.o (.text.DL_GPIO_initDigitalInputFeatures)
                  000045f8    00000034     ti_msp_dl_config.o (.text.DL_GPIO_initDigitalInputFeatures)
                  0000462c    00000034     SPI_AD7606.o (.text.SPI1_IRQHandler)
                  00004660    00000034     ti_msp_dl_config.o (.text.SYSCFG_DL_TIMER_0_init)
                  00004694    00000032     libclang_rt.builtins.a : fixunssfsi.S.obj (.text.__fixunssfsi)
                  000046c6    00000002     --HOLE-- [fill = 0]
                  000046c8    00000030     ADC_Internal.o (.text.DL_ADC12_getMemResult)
                  000046f8    00000030     Sweep.o (.text.DL_ADC12_getMemResult)
                  00004728    00000030     Sweep.o (.text.DL_DMA_setTransferSize)
                  00004758    00000030     ti_msp_dl_config.o (.text.DL_GPIO_initDigitalOutputFeatures)
                  00004788    00000030     ti_msp_dl_config.o (.text.DL_SPI_setFIFOThreshold)
                  000047b8    00000030     FreqControl.o (.text.FreqControl_IncreaseFreq)
                  000047e8    00000030     libc.a : _printfi.c.obj (.text._fcpy)
                  00004818    00000030     FreqControl.o (.text.update_frequency_and_hardware)
                  00004848    0000002c     ADC_Internal.o (.text.ADC_Internal_GetVoltage)
                  00004874    0000002c     Sweep.o (.text.DL_ADC12_setDMASamplesCnt)
                  000048a0    0000002c     ti_msp_dl_config.o (.text.DL_ADC12_setDMASamplesCnt)
                  000048cc    0000002c     Delay.o (.text.Delay_ms)
                  000048f8    0000002c     main.o (.text.Exit_Sweep_Result_If_Needed)
                  00004924    0000002c     ti_msp_dl_config.o (.text.SYSCFG_DL_DMA_init)
                  00004950    0000002c     main.o (.text.__NVIC_EnableIRQ)
                  0000497c    0000002c     libclang_rt.builtins.a : floatsidf.S.obj (.text.__floatsidf)
                  000049a8    00000028     ADC_Internal.o (.text.DL_Common_updateReg)
                  000049d0    00000028     Sweep.o (.text.DL_Common_updateReg)
                  000049f8    00000028     oled.o (.text.DL_Common_updateReg)
                  00004a20    00000028     ti_msp_dl_config.o (.text.DL_Common_updateReg)
                  00004a48    00000028     Sweep.o (.text.DL_DMA_setDestAddr)
                  00004a70    00000028     Sweep.o (.text.DL_DMA_setSrcAddr)
                  00004a98    00000028     ti_msp_dl_config.o (.text.DL_I2C_setControllerRXFIFOThreshold)
                  00004ac0    00000028     ti_msp_dl_config.o (.text.DL_I2C_setControllerTXFIFOThreshold)
                  00004ae8    00000028     FreqControl.o (.text.FreqControl_Init)
                  00004b10    00000028     libclang_rt.builtins.a : floatunsisf.S.obj (.text.__floatunsisf)
                  00004b38    00000028     libc.a : boot_cortex_m.c.obj (.text:_c_int00_noargs)
                  00004b60    00000026     Sweep.o (.text.DL_DMA_disableChannel)
                  00004b86    00000026     Sweep.o (.text.DL_DMA_enableChannel)
                  00004bac    00000026     Sweep.o (.text.DL_DMA_startTransfer)
                  00004bd2    00000026     ti_msp_dl_config.o (.text.DL_I2C_setAnalogGlitchFilterPulseWidth)
                  00004bf8    00000026     driverlib.a : dl_i2c.o (.text.DL_I2C_setClockConfig)
                  00004c1e    00000002     --HOLE-- [fill = 0]
                  00004c20    00000024     Sweep.o (.text.DL_ADC12_getMemResultAddress)
                  00004c44    00000024     Sweep.o (.text.DL_DMA_getTransferSize)
                  00004c68    00000024     ti_msp_dl_config.o (.text.DL_SPI_setBitRateSerialClockDivider)
                  00004c8c    00000024     Sweep.o (.text.Sweep_ClearComplete)
                  00004cb0    00000024     Sweep.o (.text.Sweep_GetResults)
                  00004cd4    00000024     libclang_rt.builtins.a : floatunsidf.S.obj (.text.__floatunsidf)
                  00004cf8    00000024                            : muldi3.S.obj (.text.__muldi3)
                  00004d1c    00000022     driverlib.a : dl_vref.o (.text.DL_VREF_configReference)
                  00004d3e    00000022     libc.a : memccpy.c.obj (.text.memccpy)
                  00004d60    00000020     ADC_Internal.o (.text.DL_ADC12_setEndAddress)
                  00004d80    00000020     ADC_Internal.o (.text.DL_ADC12_setStartAddress)
                  00004da0    00000020     ti_msp_dl_config.o (.text.DL_GPIO_initPeripheralInputFunction)
                  00004dc0    00000020     ti_msp_dl_config.o (.text.DL_GPIO_setAnalogInternalResistor)
                  00004de0    00000020     ti_msp_dl_config.o (.text.DL_SYSCTL_setMFPCLKSource)
                  00004e00    00000020     ti_msp_dl_config.o (.text.SYSCFG_DL_DAC12_init)
                  00004e20    00000020     main.o (.text.TIMA0_IRQHandler)
                  00004e40    00000020     Sweep.o (.text.is_adc_dma_done)
                  00004e60    0000001e     ti_msp_dl_config.o (.text.DL_DMA_setBurstSize)
                  00004e7e    0000001e     ti_msp_dl_config.o (.text.DL_UART_setOversampling)
                  00004e9c    0000001e     libclang_rt.builtins.a : ashldi3.S.obj (.text.__ashldi3)
                  00004eba    00000002     --HOLE-- [fill = 0]
                  00004ebc    0000001c     ADC_Internal.o (.text.DL_ADC12_clearInterruptStatus)
                  00004ed8    0000001c     Sweep.o (.text.DL_ADC12_clearInterruptStatus)
                  00004ef4    0000001c     ti_msp_dl_config.o (.text.DL_ADC12_clearInterruptStatus)
                  00004f10    0000001c     ADC_Internal.o (.text.DL_ADC12_disableDMA)
                  00004f2c    0000001c     Sweep.o (.text.DL_ADC12_disableDMA)
                  00004f48    0000001c     ADC_Internal.o (.text.DL_ADC12_disableDMATrigger)
                  00004f64    0000001c     Sweep.o (.text.DL_ADC12_disableDMATrigger)
                  00004f80    0000001c     Sweep.o (.text.DL_ADC12_enableDMA)
                  00004f9c    0000001c     ti_msp_dl_config.o (.text.DL_ADC12_enableDMA)
                  00004fb8    0000001c     Sweep.o (.text.DL_ADC12_enableDMATrigger)
                  00004fd4    0000001c     ti_msp_dl_config.o (.text.DL_ADC12_enableDMATrigger)
                  00004ff0    0000001c     ti_msp_dl_config.o (.text.DL_ADC12_enableInterrupt)
                  0000500c    0000001c     ADC_Internal.o (.text.DL_ADC12_startConversion)
                  00005028    0000001c     Sweep.o (.text.DL_ADC12_startConversion)
                  00005044    0000001c     AmplitudeControl.o (.text.DL_DAC12_output12)
                  00005060    0000001c     ti_msp_dl_config.o (.text.DL_GPIO_clearInterruptStatus)
                  0000507c    0000001c     ti_msp_dl_config.o (.text.DL_GPIO_enableHiZ)
                  00005098    0000001c     ti_msp_dl_config.o (.text.DL_GPIO_enableInterrupt)
                  000050b4    0000001c     ti_msp_dl_config.o (.text.DL_GPIO_initPeripheralOutputFunction)
                  000050d0    0000001c     ti_msp_dl_config.o (.text.DL_GPIO_setLowerPinsPolarity)
                  000050ec    0000001c     ti_msp_dl_config.o (.text.DL_SPI_enableInterrupt)
                  00005108    0000001c     ti_msp_dl_config.o (.text.DL_SYSCTL_setMCLKDivider)
                  00005124    0000001c     ti_msp_dl_config.o (.text.DL_SYSCTL_setSYSOSCFreq)
                  00005140    0000001c     ti_msp_dl_config.o (.text.DL_SYSCTL_setULPCLKDivider)
                  0000515c    0000001c     ti_msp_dl_config.o (.text.DL_Timer_enableInterrupt)
                  00005178    0000001c     driverlib.a : dl_timer.o (.text.DL_Timer_setCaptCompUpdateMethod)
                  00005194    0000001c                 : dl_timer.o (.text.DL_Timer_setClockConfig)
                  000051b0    0000001c     ti_msp_dl_config.o (.text.DL_UART_enableInterrupt)
                  000051cc    00000018     ADC_Internal.o (.text.DL_ADC12_enablePower)
                  000051e4    00000018     ti_msp_dl_config.o (.text.DL_ADC12_enablePower)
                  000051fc    00000018     ADC_Internal.o (.text.DL_ADC12_getRawInterruptStatus)
                  00005214    00000018     Sweep.o (.text.DL_ADC12_getRawInterruptStatus)
                  0000522c    00000018     ADC_Internal.o (.text.DL_ADC12_reset)
                  00005244    00000018     ti_msp_dl_config.o (.text.DL_ADC12_reset)
                  0000525c    00000018     ADC_Internal.o (.text.DL_ADC12_setSampleTime0)
                  00005274    00000018     ti_msp_dl_config.o (.text.DL_ADC12_setSampleTime0)
                  0000528c    00000018     ti_msp_dl_config.o (.text.DL_DAC12_enablePower)
                  000052a4    00000018     ti_msp_dl_config.o (.text.DL_DAC12_reset)
                  000052bc    00000018     ti_msp_dl_config.o (.text.DL_GPIO_enableOutput)
                  000052d4    00000018     ti_msp_dl_config.o (.text.DL_GPIO_enablePower)
                  000052ec    00000018     ti_msp_dl_config.o (.text.DL_GPIO_initDigitalOutput)
                  00005304    00000018     ADC_Internal.o (.text.DL_GPIO_initPeripheralAnalogFunction)
                  0000531c    00000018     ti_msp_dl_config.o (.text.DL_GPIO_reset)
                  00005334    00000018     AD9834.o (.text.DL_GPIO_setPins)
                  0000534c    00000018     SPI_AD7606.o (.text.DL_GPIO_setPins)
                  00005364    00000018     main.o (.text.DL_GPIO_setPins)
                  0000537c    00000018     ti_msp_dl_config.o (.text.DL_GPIO_setPins)
                  00005394    00000018     ti_msp_dl_config.o (.text.DL_GPIO_setUpperPinsPolarity)
                  000053ac    00000018     FreqControl.o (.text.DL_GPIO_togglePins)
                  000053c4    00000018     ti_msp_dl_config.o (.text.DL_I2C_enableAnalogGlitchFilter)
                  000053dc    00000018     ti_msp_dl_config.o (.text.DL_I2C_enableController)
                  000053f4    00000018     ti_msp_dl_config.o (.text.DL_I2C_enableControllerClockStretching)
                  0000540c    00000018     ti_msp_dl_config.o (.text.DL_I2C_enablePower)
                  00005424    00000018     ti_msp_dl_config.o (.text.DL_I2C_reset)
                  0000543c    00000018     ti_msp_dl_config.o (.text.DL_I2C_setTimerPeriod)
                  00005454    00000018     ti_msp_dl_config.o (.text.DL_MathACL_enablePower)
                  0000546c    00000018     ti_msp_dl_config.o (.text.DL_MathACL_reset)
                  00005484    00000018     ti_msp_dl_config.o (.text.DL_SPI_enable)
                  0000549c    00000018     ti_msp_dl_config.o (.text.DL_SPI_enableDMAReceiveEvent)
                  000054b4    00000018     ti_msp_dl_config.o (.text.DL_SPI_enablePower)
                  000054cc    00000018     AD9834.o (.text.DL_SPI_isBusy)
                  000054e4    00000018     ti_msp_dl_config.o (.text.DL_SPI_reset)
                  000054fc    00000018     ti_msp_dl_config.o (.text.DL_SYSCTL_setBORThreshold)
                  00005514    00000018     ti_msp_dl_config.o (.text.DL_Timer_enablePower)
                  0000552c    00000018     ti_msp_dl_config.o (.text.DL_Timer_reset)
                  00005544    00000018     driverlib.a : dl_timer.o (.text.DL_Timer_setCaptureCompareOutCtl)
                  0000555c    00000018     main.o (.text.DL_Timer_startCounter)
                  00005574    00000018     ti_msp_dl_config.o (.text.DL_UART_enablePower)
                  0000558c    00000018     ti_msp_dl_config.o (.text.DL_UART_reset)
                  000055a4    00000018     ti_msp_dl_config.o (.text.DL_VREF_enablePower)
                  000055bc    00000018     ti_msp_dl_config.o (.text.DL_VREF_reset)
                  000055d4    00000018     ti_msp_dl_config.o (.text.SYSCFG_DL_DMA_CH0_init)
                  000055ec    00000018     ti_msp_dl_config.o (.text.SYSCFG_DL_DMA_CH1_init)
                  00005604    00000018     ti_msp_dl_config.o (.text.SYSCFG_DL_DMA_CH2_init)
                  0000561c    00000018     ti_msp_dl_config.o (.text.SYSCFG_DL_DMA_CH3_init)
                  00005634    00000018     ti_msp_dl_config.o (.text.SYSCFG_DL_SYSCTL_CLK_init)
                  0000564c    00000018     main.o (.text.Start_Sweep_Task)
                  00005664    00000018     libc.a : sprintf.c.obj (.text._outs)
                  0000567c    00000016     ADC_Internal.o (.text.DL_ADC12_disableConversions)
                  00005692    00000016     Sweep.o (.text.DL_ADC12_disableConversions)
                  000056a8    00000016     ADC_Internal.o (.text.DL_ADC12_enableConversions)
                  000056be    00000016     Sweep.o (.text.DL_ADC12_enableConversions)
                  000056d4    00000016     ti_msp_dl_config.o (.text.DL_ADC12_enableConversions)
                  000056ea    00000016     ti_msp_dl_config.o (.text.DL_DAC12_enable)
                  00005700    00000016     ti_msp_dl_config.o (.text.DL_DMA_enableRoundRobinPriority)
                  00005716    00000016     main.o (.text.DL_GPIO_readPins)
                  0000572c    00000016     AD9834.o (.text.DL_SPI_transmitData16)
                  00005742    00000016     ti_msp_dl_config.o (.text.DL_UART_enable)
                  00005758    00000016     oled.o (.text.WriteCmd)
                  0000576e    00000016     oled.o (.text.WriteData)
                  00005784    00000014     AD9834.o (.text.AD9834_Set_Wave)
                  00005798    00000014     AD9834.o (.text.DL_GPIO_clearPins)
                  000057ac    00000014     main.o (.text.DL_GPIO_clearPins)
                  000057c0    00000014     ti_msp_dl_config.o (.text.DL_GPIO_clearPins)
                  000057d4    00000014     oled.o (.text.DL_I2C_getControllerStatus)
                  000057e8    00000014     ti_msp_dl_config.o (.text.DL_I2C_resetControllerTransfer)
                  000057fc    00000014     ti_msp_dl_config.o (.text.DL_SPI_enableDMATransmitEvent)
                  00005810    00000014     ti_msp_dl_config.o (.text.DL_SYSCTL_disableSYSPLL)
                  00005824    00000014     ti_msp_dl_config.o (.text.DL_SYSCTL_enableMFCLK)
                  00005838    00000014     ti_msp_dl_config.o (.text.DL_Timer_enableClock)
                  0000584c    00000014     ti_msp_dl_config.o (.text.DL_Timer_setCCPDirection)
                  00005860    00000014     ti_msp_dl_config.o (.text.SYSCFG_DL_VREF_init)
                  00005874    00000014     libclang_rt.builtins.a : aeabi_uldivmod.S.obj (.text.__aeabi_uldivmod)
                  00005888    00000014     libc.a : _printfi.c.obj (.text.strchr)
                  0000589c    00000012     SPI_AD7606.o (.text.DL_SPI_getPendingInterrupt)
                  000058ae    00000012     driverlib.a : dl_spi.o (.text.DL_SPI_setClockConfig)
                  000058c0    00000012     main.o (.text.DL_Timer_getPendingInterrupt)
                  000058d2    00000012     driverlib.a : dl_uart.o (.text.DL_UART_setClockConfig)
                  000058e4    00000012     libc.a : memcpy16.S.obj (.text:TI_memcpy_small)
                  000058f6    00000012            : copy_decompress_none.c.obj (.text:decompress:none)
                  00005908    00000010     ti_msp_dl_config.o (.text.DL_SYSCTL_disableHFXT)
                  00005918    00000010     ti_msp_dl_config.o (.text.DL_SYSCTL_enableMFPCLK)
                  00005928    00000010     driverlib.a : dl_timer.o (.text.DL_Timer_setCaptureCompareValue)
                  00005938    00000010     Sweep.o (.text.Sweep_IsComplete)
                  00005948    00000010     Sweep.o (.text.Sweep_IsRunning)
                  00005958    00000010     libc.a : wcslen.c.obj (.text.wcslen)
                  00005968    00000010            : copy_zero_init.c.obj (.text:decompress:ZI)
                  00005978    0000000e     ADC_Internal.o (.text.ADC_Internal_Init)
                  00005986    00000002     --HOLE-- [fill = 0]
                  00005988    0000000e     libclang_rt.builtins.a : aeabi_memset.S.obj (.text.__aeabi_memset)
                  00005996    0000000e     libc.a : _printfi.c.obj (.text.strlen)
                  000059a4    0000000e            : memset16.S.obj (.text:TI_memset_small)
                  000059b2    00000002     --HOLE-- [fill = 0]
                  000059b4    0000000c     AmplitudeControl.o (.text.AmplitudeControl_GetCurrentVoltage)
                  000059c0    0000000c     AmplitudeControl.o (.text.AmplitudeControl_Init)
                  000059cc    0000000c     ti_msp_dl_config.o (.text.DL_SYSCTL_getClockStatus)
                  000059d8    0000000c     FreqControl.o (.text.FreqControl_GetCurrentFreq)
                  000059e4    0000000c     libclang_rt.builtins.a : aeabi_memset.S.obj (.text.__aeabi_memclr)
                  000059f0    0000000a     driverlib.a : dl_common.o (.text.DL_Common_delayCycles)
                  000059fa    0000000a     oled.o (.text.OLED_Clear)
                  00005a04    0000000a     libc.a : _printfi.c.obj (.text.OUTLINED_FUNCTION_0)
                  00005a0e    00000002     --HOLE-- [fill = 0]
                  00005a10    00000010     libclang_rt.builtins.a : adddf3.S.obj (.tramp.__aeabi_dsub.1)
                  00005a20    0000000a     libc.a : _printfi.c.obj (.text.OUTLINED_FUNCTION_1)
                  00005a2a    0000000a            : sprintf.c.obj (.text._outc)
                  00005a34    00000008            : aeabi_portable.c.obj (.text.__aeabi_errno_addr)
                  00005a3c    00000008     libclang_rt.builtins.a : aeabi_memcpy.S.obj (.text.__aeabi_memcpy)
                  00005a44    00000006     libc.a : exit.c.obj (.text:abort)
                  00005a4a    00000004     startup_mspm0g350x_ticlang.o (.text.Default_Handler)
                  00005a4e    00000004     libsysbm.a : hostexit.c.obj (.text.HOSTexit)
                  00005a52    00000004     libc.a : e_log10f.c.obj (.text.OUTLINED_FUNCTION_0)
                  00005a56    00000002     --HOLE-- [fill = 0]
                  00005a58    00000010     libclang_rt.builtins.a : mulsf3.S.obj (.tramp.__aeabi_fmul.1)
                  00005a68    00000004     startup_mspm0g350x_ticlang.o (.text.Reset_Handler)
                  00005a6c    00000010     libc.a : boot_cortex_m.c.obj (.tramp._c_int00_noargs.1)
                  00005a7c    00000004            : pre_init.c.obj (.text._system_pre_init)

.cinit     0    00006580    00000078     
                  00006580    00000051     (.cinit..data.load) [load image, compression = lzss]
                  000065d1    00000003     --HOLE-- [fill = 0]
                  000065d4    0000000c     (__TI_handler_table)
                  000065e0    00000008     (.cinit..bss.load) [load image, compression = zero_init]
                  000065e8    00000010     (__TI_cinit_table)

.rodata    0    00005a80    00000b00     
                  00005a80    000005f0     oled.o (.rodata.F8X16)
                  00006070    00000228     oled.o (.rodata.F6x8)
                  00006298    00000008     ti_msp_dl_config.o (.rodata.gADC12_0ClockConfig)
                  000062a0    00000101     libc.a : aeabi_ctype.S.obj (.rodata:__aeabi_ctype_table_)
                  000063a1    00000003     ti_msp_dl_config.o (.rodata.gPWM_0ClockConfig)
                  000063a4    00000020     ti_msp_dl_config.o (.rodata.gDAC12Config)
                  000063c4    00000018     ti_msp_dl_config.o (.rodata.gDMA_CH0Config)
                  000063dc    00000018     ti_msp_dl_config.o (.rodata.gDMA_CH1Config)
                  000063f4    00000018     ti_msp_dl_config.o (.rodata.gDMA_CH2Config)
                  0000640c    00000018     ti_msp_dl_config.o (.rodata.gDMA_CH3Config)
                  00006424    00000014     ti_msp_dl_config.o (.rodata.gTIMER_0TimerConfig)
                  00006438    00000013     main.o (.rodata.str1.2846389346932560359.1)
                  0000644b    00000011     libc.a : _printfi.c.obj (.rodata.str1.10348868589481759720.1)
                  0000645c    00000011     main.o (.rodata.str1.12180500075719773345.1)
                  0000646d    00000011     libc.a : _printfi.c.obj (.rodata.str1.15363888844622738466.1)
                  0000647e    00000010     main.o (.rodata.str1.288608917962107522.1)
                  0000648e    00000010     Sweep.o (.rodata.str1.6658759388294020774.1)
                  0000649e    0000000f     main.o (.rodata.str1.14112174005742061988.1)
                  000064ad    0000000f     main.o (.rodata.str1.18227636981041470289.1)
                  000064bc    0000000f     main.o (.rodata.str1.7702501944640899365.1)
                  000064cb    0000000d     Sweep.o (.rodata.str1.18418514611037618166.1)
                  000064d8    0000000d     Sweep.o (.rodata.str1.2255372329092335701.1)
                  000064e5    0000000d     Sweep.o (.rodata.str1.5625658170783369472.1)
                  000064f2    00000002     ti_msp_dl_config.o (.rodata.gI2C_1ClockConfig)
                  000064f4    0000000c     ti_msp_dl_config.o (.rodata.gVREFConfig)
                  00006500    0000000b     main.o (.rodata.str1.17100691992556644108.1)
                  0000650b    0000000b     Sweep.o (.rodata.str1.1801022413699164935.1)
                  00006516    0000000b     main.o (.rodata.str1.8154729771448623357.1)
                  00006521    00000001     --HOLE-- [fill = 0]
                  00006522    0000000a     ti_msp_dl_config.o (.rodata.gSPI_0_config)
                  0000652c    0000000a     ti_msp_dl_config.o (.rodata.gSPI_1_config)
                  00006536    0000000a     ti_msp_dl_config.o (.rodata.gUART_0Config)
                  00006540    0000000a     Sweep.o (.rodata.str1.5940176622597871381.1)
                  0000654a    00000009     Sweep.o (.rodata.str1.1266957605029303715.1)
                  00006553    00000009     main.o (.rodata.str1.15159059442110792349.1)
                  0000655c    00000009     Sweep.o (.rodata.str1.420750442338328547.1)
                  00006565    00000009     Sweep.o (.rodata.str1.717442735100131163.1)
                  0000656e    00000002     ti_msp_dl_config.o (.rodata.gSPI_0_clockConfig)
                  00006570    00000008     ti_msp_dl_config.o (.rodata.gPWM_0Config)
                  00006578    00000003     ti_msp_dl_config.o (.rodata.gTIMER_0ClockConfig)
                  0000657b    00000002     ti_msp_dl_config.o (.rodata.gSPI_1_clockConfig)
                  0000657d    00000002     ti_msp_dl_config.o (.rodata.gUART_0ClockConfig)
                  0000657f    00000001     --HOLE-- [fill = 0]

.init_array 
*          0    00000000    00000000     UNINITIALIZED

.binit     0    00000000    00000000     

.bss       0    20200000    00000bac     UNINITIALIZED
                  20200000    00000640     Sweep.o (.bss.g_results)
                  20200640    00000320     Sweep.o (.bss.g_freqList)
                  20200960    000000bc     (.common:gTIMER_0Backup)
                  20200a1c    000000a0     (.common:gPWM_0Backup)
                  20200abc    00000080     Sweep.o (.bss.g_adcDmaBuf)
                  20200b3c    00000028     (.common:gSPI_0Backup)
                  20200b64    00000028     (.common:gSPI_1Backup)
                  20200b8c    00000020     Sweep.o (.bss.g_sweep)

.data      0    20200bac    000000af     UNINITIALIZED
                  20200bac    00000090     main.o (.data.keys)
                  20200c3c    00000004     libc.a : aeabi_portable.c.obj (.data.__aeabi_errno)
                  20200c40    00000004     FreqControl.o (.data.currentFreqHz)
                  20200c44    00000004     AmplitudeControl.o (.data.currentVoutVpp)
                  20200c48    00000004     Sweep.o (.data.g_lastOledUpdateMs)
                  20200c4c    00000004     Sweep.o (.data.g_sampleSum)
                  20200c50    00000004     Sweep.o (.data.g_timerMs)
                  20200c54    00000002     Sweep.o (.data.g_resultCount)
                  20200c56    00000002     Sweep.o (.data.g_sampleCount)
                  20200c58    00000001     SPI_AD7606.o (.data.AD7606_RX_flag)
                  20200c59    00000001     main.o (.data.g_relay_state)
                  20200c5a    00000001     Sweep.o (.data.g_subState)

.stack     0    20203e00    00000200     UNINITIALIZED
                  20203e00    00000004     libc.a : boot_cortex_m.c.obj (.stack)
                  20203e04    000001fc     --HOLE--

__llvm_prf_cnts 
*          0    20200000    00000000     UNINITIALIZED

__llvm_prf_bits 
*          0    20200000    00000000     UNINITIALIZED

MODULE SUMMARY

       Module                         code    ro data   rw data
       ------                         ----    -------   -------
    .\
       Sweep.o                        4242    103       2577   
       ti_msp_dl_config.o             4054    220       428    
       main.o                         1588    128       145    
       ADC_Internal.o                 758     0         0      
       startup_mspm0g350x_ticlang.o   8       192       0      
    +--+------------------------------+-------+---------+---------+
       Total:                         10650   643       3150   
                                                               
    .\AD7606\
       SPI_AD7606.o                   94      0         1      
    +--+------------------------------+-------+---------+---------+
       Total:                         94      0         1      
                                                               
    .\AD9834\
       AD9834.o                       414     0         0      
    +--+------------------------------+-------+---------+---------+
       Total:                         414     0         0      
                                                               
    .\AmplitudeControl\
       AmplitudeControl.o             372     0         4      
    +--+------------------------------+-------+---------+---------+
       Total:                         372     0         4      
                                                               
    .\Delay\
       Delay.o                        44      0         0      
    +--+------------------------------+-------+---------+---------+
       Total:                         44      0         0      
                                                               
    .\FreqControl\
       FreqControl.o                  236     0         4      
    +--+------------------------------+-------+---------+---------+
       Total:                         236     0         4      
                                                               
    .\OLED\
       oled.o                         1138    2072      0      
    +--+------------------------------+-------+---------+---------+
       Total:                         1138    2072      0      
                                                               
    E:/Program/TI/SDK/mspm0_sdk_2_04_00_06/source/ti/driverlib/lib/ticlang/m0p/mspm0g1x0x_g3x0x/driverlib.a
       dl_timer.o                     588     0         0      
       dl_dac12.o                     136     0         0      
       dl_i2c.o                       132     0         0      
       dl_uart.o                      90      0         0      
       dl_spi.o                       86      0         0      
       dl_dma.o                       76      0         0      
       dl_adc12.o                     64      0         0      
       dl_vref.o                      34      0         0      
       dl_common.o                    10      0         0      
    +--+------------------------------+-------+---------+---------+
       Total:                         1216    0         0      
                                                               
    E:\Program\TI\ccs\tools\compiler\ti-cgt-armllvm_4.0.3.LTS\lib\armv6m-ti-none-eabi/c/libc.a
       _printfi.c.obj                 4510    34        0      
       e_log10f.c.obj                 408     0         0      
       aeabi_ctype.S.obj              0       257       0      
       s_scalbn.c.obj                 216     0         0      
       copy_decompress_lzss.c.obj     124     0         0      
       s_frexp.c.obj                  92      0         0      
       sprintf.c.obj                  90      0         0      
       _ltoa.c.obj                    88      0         0      
       atoi.c.obj                     64      0         0      
       autoinit.c.obj                 60      0         0      
       boot_cortex_m.c.obj            56      0         0      
       memccpy.c.obj                  34      0         0      
       copy_decompress_none.c.obj     18      0         0      
       memcpy16.S.obj                 18      0         0      
       copy_zero_init.c.obj           16      0         0      
       wcslen.c.obj                   16      0         0      
       memset16.S.obj                 14      0         0      
       aeabi_portable.c.obj           8       0         4      
       exit.c.obj                     6       0         0      
       pre_init.c.obj                 4       0         0      
    +--+------------------------------+-------+---------+---------+
       Total:                         5842    291       4      
                                                               
    E:\Program\TI\ccs\tools\compiler\ti-cgt-armllvm_4.0.3.LTS\lib\armv6m-ti-none-eabi/c/libsysbm.a
       hostexit.c.obj                 4       0         0      
    +--+------------------------------+-------+---------+---------+
       Total:                         4       0         0      
                                                               
    E:\Program\TI\ccs\tools\compiler\ti-cgt-armllvm_4.0.3.LTS\lib\armv6m-ti-none-eabi/libclang_rt.builtins.a
       adddf3.S.obj                   418     0         0      
       divdf3.S.obj                   268     0         0      
       muldf3.S.obj                   228     0         0      
       comparedf2.c.obj               220     0         0      
       addsf3.S.obj                   216     0         0      
       udivmoddi4.S.obj               162     0         0      
       mulsf3.S.obj                   156     0         0      
       divsf3.S.obj                   130     0         0      
       comparesf2.S.obj               118     0         0      
       aeabi_dcmp.S.obj               98      0         0      
       aeabi_fcmp.S.obj               98      0         0      
       aeabi_idivmod.S.obj            86      0         0      
       fixdfsi.S.obj                  74      0         0      
       fixunsdfsi.S.obj               66      0         0      
       aeabi_uidivmod.S.obj           64      0         0      
       extendsfdf2.S.obj              64      0         0      
       floatsisf.S.obj                60      0         0      
       muldsi3.S.obj                  58      0         0      
       fixsfsi.S.obj                  56      0         0      
       fixunssfsi.S.obj               50      0         0      
       floatsidf.S.obj                44      0         0      
       floatunsisf.S.obj              40      0         0      
       floatunsidf.S.obj              36      0         0      
       muldi3.S.obj                   36      0         0      
       ashldi3.S.obj                  30      0         0      
       aeabi_memset.S.obj             26      0         0      
       aeabi_uldivmod.S.obj           20      0         0      
       aeabi_memcpy.S.obj             8       0         0      
       aeabi_div0.c.obj               4       0         0      
    +--+------------------------------+-------+---------+---------+
       Total:                         2934    0         0      
                                                               
       Stack:                         0       0         512    
       Linker Generated:              0       117       0      
    +--+------------------------------+-------+---------+---------+
       Grand Total:                   22944   3123      3675   


LINKER GENERATED COPY TABLES

__TI_cinit_table @ 000065e8 records: 2, size/record: 8, table size: 16
	.data: load addr=00006580, load size=00000051 bytes, run addr=20200bac, run size=000000af bytes, compression=lzss
	.bss: load addr=000065e0, load size=00000008 bytes, run addr=20200000, run size=00000bac bytes, compression=zero_init


LINKER GENERATED HANDLER TABLE

__TI_handler_table @ 000065d4 records: 3, size/record: 4, table size: 12
	index: 0, handler: __TI_decompress_lzss
	index: 1, handler: __TI_decompress_none
	index: 2, handler: __TI_zero_init


FAR CALL TRAMPOLINES

callee name               trampoline name
   callee addr  tramp addr   call addr  call info
--------------  -----------  ---------  ----------------
__aeabi_dsub              $Tramp$TT$L$PI$$__aeabi_dsub
   00001cdd     00005a10     00005a0c   libc.a : _printfi.c.obj (.text.OUTLINED_FUNCTION_0)
__aeabi_fmul              $Tramp$TT$L$PI$$__aeabi_fmul
   00003189     00005a58     00005a54   libc.a : e_log10f.c.obj (.text.OUTLINED_FUNCTION_0)
_c_int00_noargs           $Tramp$TT$L$PI$$_c_int00_noargs
   00004b39     00005a6c     00005a68   startup_mspm0g350x_ticlang.o (.text.Reset_Handler)

[3 trampolines]
[3 trampoline calls]


GLOBAL SYMBOLS: SORTED ALPHABETICALLY BY Name 

address   name                              
-------   ----                              
20200c58  AD7606_RX_flag                    
0000378d  AD9834_Init                       
00003ec5  AD9834_SetOutput                  
00003f09  AD9834_Set_Frequency              
00003f4d  AD9834_Set_Register               
00005785  AD9834_Set_Wave                   
00005a4b  ADC0_IRQHandler                   
00005a4b  ADC1_IRQHandler                   
00004849  ADC_Internal_GetVoltage           
00005979  ADC_Internal_Init                 
00002e79  ADC_Internal_Read                 
00005a4b  AES_IRQHandler                    
0000443d  AmplitudeControl_Decrease         
000059b5  AmplitudeControl_GetCurrentVoltage
00004475  AmplitudeControl_Increase         
000059c1  AmplitudeControl_Init             
00002b69  AmplitudeControl_SetVoltage       
00005a4e  C$$EXIT                           
00005a4b  CANFD0_IRQHandler                 
00005a4b  DAC0_IRQHandler                   
000040a1  DL_ADC12_setClockConfig           
000059f1  DL_Common_delayCycles             
00003215  DL_DAC12_init                     
00003cbd  DL_DMA_initChannel                
000038b7  DL_I2C_fillControllerTXFIFO       
00004bf9  DL_I2C_setClockConfig             
00003f91  DL_SPI_init                       
000058af  DL_SPI_setClockConfig             
00002441  DL_Timer_initFourCCPWMMode        
00002631  DL_Timer_initTimerMode            
00005179  DL_Timer_setCaptCompUpdateMethod  
00005545  DL_Timer_setCaptureCompareOutCtl  
00005929  DL_Timer_setCaptureCompareValue   
00005195  DL_Timer_setClockConfig           
00003e35  DL_UART_init                      
000058d3  DL_UART_setClockConfig            
00004d1d  DL_VREF_configReference           
00005a4b  DMA_IRQHandler                    
00005a4b  Default_Handler                   
000048cd  Delay_ms                          
00006070  F6x8                              
00005a80  F8X16                             
000040e1  FreqControl_DecreaseFreq          
000059d9  FreqControl_GetCurrentFreq        
000047b9  FreqControl_IncreaseFreq          
00004ae9  FreqControl_Init                  
00005a4b  GROUP0_IRQHandler                 
00005a4b  GROUP1_IRQHandler                 
00005a4f  HOSTexit                          
00005a4b  HardFault_Handler                 
00005a4b  I2C0_IRQHandler                   
00005a4b  I2C1_IRQHandler                   
00002dc5  I2C_WriteByte                     
000010e1  Key_Process                       
00005a4b  NMI_Handler                       
000059fb  OLED_Clear                        
00003585  OLED_Fill                         
00001e6f  OLED_I2C_Init                     
00002d01  OLED_Init                         
0000458d  OLED_SetPos                       
000019b1  OLED_ShowStr                      
00005a4b  PendSV_Handler                    
00005a4b  RTC_IRQHandler                    
00004299  Relay_1_Toggle                    
00005a69  Reset_Handler                     
00005a4b  SPI0_IRQHandler                   
0000462d  SPI1_IRQHandler                   
00005a4b  SVC_Handler                       
000033a9  SYSCFG_DL_ADC12_0_init            
00004e01  SYSCFG_DL_DAC12_init              
000055d5  SYSCFG_DL_DMA_CH0_init            
000055ed  SYSCFG_DL_DMA_CH1_init            
00005605  SYSCFG_DL_DMA_CH2_init            
0000561d  SYSCFG_DL_DMA_CH3_init            
00004925  SYSCFG_DL_DMA_init                
000015cd  SYSCFG_DL_GPIO_init               
00003971  SYSCFG_DL_I2C_1_init              
000030fd  SYSCFG_DL_PWM_0_init              
000039c9  SYSCFG_DL_SPI_0_init              
00004121  SYSCFG_DL_SPI_1_init              
00005635  SYSCFG_DL_SYSCTL_CLK_init         
000044ad  SYSCFG_DL_SYSCTL_init             
00002fc3  SYSCFG_DL_SYSTICK_init            
00004661  SYSCFG_DL_TIMER_0_init            
00003e7d  SYSCFG_DL_UART_0_init             
00005861  SYSCFG_DL_VREF_init               
000035ed  SYSCFG_DL_init                    
00002719  SYSCFG_DL_initPower               
0000564d  Start_Sweep_Task                  
00004c8d  Sweep_ClearComplete               
000028e1  Sweep_DisplayOLED                 
00003515  Sweep_DisplayResultOLED           
00004cb1  Sweep_GetResults                  
00003fd5  Sweep_Init                        
00005939  Sweep_IsComplete                  
00005949  Sweep_IsRunning                   
00000a91  Sweep_Process                     
00002fc5  Sweep_StartLinear                 
00005a4b  SysTick_Handler                   
00004e21  TIMA0_IRQHandler                  
00005a4b  TIMA1_IRQHandler                  
00005a4b  TIMG0_IRQHandler                  
00005a4b  TIMG12_IRQHandler                 
00005a4b  TIMG6_IRQHandler                  
00005a4b  TIMG7_IRQHandler                  
00005a4b  TIMG8_IRQHandler                  
000058e5  TI_memcpy_small                   
000059a5  TI_memset_small                   
00005a4b  UART0_IRQHandler                  
00005a4b  UART1_IRQHandler                  
00005a4b  UART2_IRQHandler                  
00005a4b  UART3_IRQHandler                  
00002545  Update_OLED_Display               
00005759  WriteCmd                          
0000576f  WriteData                         
20204000  __STACK_END                       
00000200  __STACK_SIZE                      
00000000  __TI_ATRegion0_region_sz          
00000000  __TI_ATRegion0_src_addr           
00000000  __TI_ATRegion0_trg_addr           
00000000  __TI_ATRegion1_region_sz          
00000000  __TI_ATRegion1_src_addr           
00000000  __TI_ATRegion1_trg_addr           
00000000  __TI_ATRegion2_region_sz          
00000000  __TI_ATRegion2_src_addr           
00000000  __TI_ATRegion2_trg_addr           
000065e8  __TI_CINIT_Base                   
000065f8  __TI_CINIT_Limit                  
000065f8  __TI_CINIT_Warm                   
000065d4  __TI_Handler_Table_Base           
000065e0  __TI_Handler_Table_Limit          
00004389  __TI_auto_init_nobinit_nopinit    
00003425  __TI_decompress_lzss              
000058f7  __TI_decompress_none              
00003a21  __TI_ltoa                         
ffffffff  __TI_pprof_out_hndl               
000000c1  __TI_printfi                      
ffffffff  __TI_prof_data_size               
ffffffff  __TI_prof_data_start              
00000000  __TI_static_base__                
00005969  __TI_zero_init                    
00001ce7  __adddf3                          
00002a9b  __addsf3                          
000062a0  __aeabi_ctype_table_              
000062a0  __aeabi_ctype_table_C             
00003da1  __aeabi_d2iz                      
0000405d  __aeabi_d2uiz                     
00001ce7  __aeabi_dadd                      
000037f1  __aeabi_dcmpeq                    
0000382d  __aeabi_dcmpge                    
00003841  __aeabi_dcmpgt                    
00003819  __aeabi_dcmple                    
00003805  __aeabi_dcmplt                    
00002335  __aeabi_ddiv                      
000027fd  __aeabi_dmul                      
00001cdd  __aeabi_dsub                      
20200c3c  __aeabi_errno                     
00005a35  __aeabi_errno_addr                
000041a1  __aeabi_f2d                       
000044e5  __aeabi_f2iz                      
00004695  __aeabi_f2uiz                     
00002a9b  __aeabi_fadd                      
00003855  __aeabi_fcmpeq                    
00003891  __aeabi_fcmpge                    
000038a5  __aeabi_fcmpgt                    
0000387d  __aeabi_fcmple                    
00003869  __aeabi_fcmplt                    
00003325  __aeabi_fdiv                      
00003189  __aeabi_fmul                      
00002a91  __aeabi_fsub                      
0000497d  __aeabi_i2d                       
000042d5  __aeabi_i2f                       
00003ad1  __aeabi_idiv                      
000033a7  __aeabi_idiv0                     
00003ad1  __aeabi_idivmod                   
0000378b  __aeabi_ldiv0                     
00004e9d  __aeabi_llsl                      
00004cf9  __aeabi_lmul                      
000059e5  __aeabi_memclr                    
000059e5  __aeabi_memclr4                   
000059e5  __aeabi_memclr8                   
00005a3d  __aeabi_memcpy                    
00005a3d  __aeabi_memcpy4                   
00005a3d  __aeabi_memcpy8                   
00005989  __aeabi_memset                    
00005989  __aeabi_memset4                   
00005989  __aeabi_memset8                   
00004cd5  __aeabi_ui2d                      
00004b11  __aeabi_ui2f                      
00004161  __aeabi_uidiv                     
00004161  __aeabi_uidivmod                  
00005875  __aeabi_uldivmod                  
00004e9d  __ashldi3                         
ffffffff  __binit__                         
00003655  __cmpdf2                          
000043c5  __cmpsf2                          
00002335  __divdf3                          
00003325  __divsf3                          
00003655  __eqdf2                           
000043c5  __eqsf2                           
000041a1  __extendsfdf2                     
00003da1  __fixdfsi                         
000044e5  __fixsfsi                         
0000405d  __fixunsdfsi                      
00004695  __fixunssfsi                      
0000497d  __floatsidf                       
000042d5  __floatsisf                       
00004cd5  __floatunsidf                     
00004b11  __floatunsisf                     
000034a1  __gedf2                           
00004311  __gesf2                           
000034a1  __gtdf2                           
00004311  __gtsf2                           
00003655  __ledf2                           
000043c5  __lesf2                           
00003655  __ltdf2                           
000043c5  __ltsf2                           
UNDEFED   __mpu_init                        
000027fd  __muldf3                          
00004cf9  __muldi3                          
00004401  __muldsi3                         
00003189  __mulsf3                          
00003655  __nedf2                           
000043c5  __nesf2                           
20203e00  __stack                           
20200000  __start___llvm_prf_bits           
20200000  __start___llvm_prf_cnts           
20200000  __stop___llvm_prf_bits            
20200000  __stop___llvm_prf_cnts            
00001cdd  __subdf3                          
00002a91  __subsf3                          
00002f21  __udivmoddi4                      
00004b39  _c_int00_noargs                   
UNDEFED   _system_post_cinit                
00005a7d  _system_pre_init                  
00005a45  abort                             
000041e1  atoi                              
ffffffff  binit                             
00003915  frexp                             
00003915  frexpl                            
20200a1c  gPWM_0Backup                      
20200b3c  gSPI_0Backup                      
20200b64  gSPI_1Backup                      
20200960  gTIMER_0Backup                    
00000000  interruptVectors                  
000029b9  ldexp                             
000029b9  ldexpl                            
00001b49  log10f                            
00002225  main                              
00004d3f  memccpy                           
000029b9  scalbn                            
000029b9  scalbnl                           
00004555  sprintf                           
00005959  wcslen                            


GLOBAL SYMBOLS: SORTED BY Symbol Address 

address   name                              
-------   ----                              
00000000  __TI_ATRegion0_region_sz          
00000000  __TI_ATRegion0_src_addr           
00000000  __TI_ATRegion0_trg_addr           
00000000  __TI_ATRegion1_region_sz          
00000000  __TI_ATRegion1_src_addr           
00000000  __TI_ATRegion1_trg_addr           
00000000  __TI_ATRegion2_region_sz          
00000000  __TI_ATRegion2_src_addr           
00000000  __TI_ATRegion2_trg_addr           
00000000  __TI_static_base__                
00000000  interruptVectors                  
000000c1  __TI_printfi                      
00000200  __STACK_SIZE                      
00000a91  Sweep_Process                     
000010e1  Key_Process                       
000015cd  SYSCFG_DL_GPIO_init               
000019b1  OLED_ShowStr                      
00001b49  log10f                            
00001cdd  __aeabi_dsub                      
00001cdd  __subdf3                          
00001ce7  __adddf3                          
00001ce7  __aeabi_dadd                      
00001e6f  OLED_I2C_Init                     
00002225  main                              
00002335  __aeabi_ddiv                      
00002335  __divdf3                          
00002441  DL_Timer_initFourCCPWMMode        
00002545  Update_OLED_Display               
00002631  DL_Timer_initTimerMode            
00002719  SYSCFG_DL_initPower               
000027fd  __aeabi_dmul                      
000027fd  __muldf3                          
000028e1  Sweep_DisplayOLED                 
000029b9  ldexp                             
000029b9  ldexpl                            
000029b9  scalbn                            
000029b9  scalbnl                           
00002a91  __aeabi_fsub                      
00002a91  __subsf3                          
00002a9b  __addsf3                          
00002a9b  __aeabi_fadd                      
00002b69  AmplitudeControl_SetVoltage       
00002d01  OLED_Init                         
00002dc5  I2C_WriteByte                     
00002e79  ADC_Internal_Read                 
00002f21  __udivmoddi4                      
00002fc3  SYSCFG_DL_SYSTICK_init            
00002fc5  Sweep_StartLinear                 
000030fd  SYSCFG_DL_PWM_0_init              
00003189  __aeabi_fmul                      
00003189  __mulsf3                          
00003215  DL_DAC12_init                     
00003325  __aeabi_fdiv                      
00003325  __divsf3                          
000033a7  __aeabi_idiv0                     
000033a9  SYSCFG_DL_ADC12_0_init            
00003425  __TI_decompress_lzss              
000034a1  __gedf2                           
000034a1  __gtdf2                           
00003515  Sweep_DisplayResultOLED           
00003585  OLED_Fill                         
000035ed  SYSCFG_DL_init                    
00003655  __cmpdf2                          
00003655  __eqdf2                           
00003655  __ledf2                           
00003655  __ltdf2                           
00003655  __nedf2                           
0000378b  __aeabi_ldiv0                     
0000378d  AD9834_Init                       
000037f1  __aeabi_dcmpeq                    
00003805  __aeabi_dcmplt                    
00003819  __aeabi_dcmple                    
0000382d  __aeabi_dcmpge                    
00003841  __aeabi_dcmpgt                    
00003855  __aeabi_fcmpeq                    
00003869  __aeabi_fcmplt                    
0000387d  __aeabi_fcmple                    
00003891  __aeabi_fcmpge                    
000038a5  __aeabi_fcmpgt                    
000038b7  DL_I2C_fillControllerTXFIFO       
00003915  frexp                             
00003915  frexpl                            
00003971  SYSCFG_DL_I2C_1_init              
000039c9  SYSCFG_DL_SPI_0_init              
00003a21  __TI_ltoa                         
00003ad1  __aeabi_idiv                      
00003ad1  __aeabi_idivmod                   
00003cbd  DL_DMA_initChannel                
00003da1  __aeabi_d2iz                      
00003da1  __fixdfsi                         
00003e35  DL_UART_init                      
00003e7d  SYSCFG_DL_UART_0_init             
00003ec5  AD9834_SetOutput                  
00003f09  AD9834_Set_Frequency              
00003f4d  AD9834_Set_Register               
00003f91  DL_SPI_init                       
00003fd5  Sweep_Init                        
0000405d  __aeabi_d2uiz                     
0000405d  __fixunsdfsi                      
000040a1  DL_ADC12_setClockConfig           
000040e1  FreqControl_DecreaseFreq          
00004121  SYSCFG_DL_SPI_1_init              
00004161  __aeabi_uidiv                     
00004161  __aeabi_uidivmod                  
000041a1  __aeabi_f2d                       
000041a1  __extendsfdf2                     
000041e1  atoi                              
00004299  Relay_1_Toggle                    
000042d5  __aeabi_i2f                       
000042d5  __floatsisf                       
00004311  __gesf2                           
00004311  __gtsf2                           
00004389  __TI_auto_init_nobinit_nopinit    
000043c5  __cmpsf2                          
000043c5  __eqsf2                           
000043c5  __lesf2                           
000043c5  __ltsf2                           
000043c5  __nesf2                           
00004401  __muldsi3                         
0000443d  AmplitudeControl_Decrease         
00004475  AmplitudeControl_Increase         
000044ad  SYSCFG_DL_SYSCTL_init             
000044e5  __aeabi_f2iz                      
000044e5  __fixsfsi                         
00004555  sprintf                           
0000458d  OLED_SetPos                       
0000462d  SPI1_IRQHandler                   
00004661  SYSCFG_DL_TIMER_0_init            
00004695  __aeabi_f2uiz                     
00004695  __fixunssfsi                      
000047b9  FreqControl_IncreaseFreq          
00004849  ADC_Internal_GetVoltage           
000048cd  Delay_ms                          
00004925  SYSCFG_DL_DMA_init                
0000497d  __aeabi_i2d                       
0000497d  __floatsidf                       
00004ae9  FreqControl_Init                  
00004b11  __aeabi_ui2f                      
00004b11  __floatunsisf                     
00004b39  _c_int00_noargs                   
00004bf9  DL_I2C_setClockConfig             
00004c8d  Sweep_ClearComplete               
00004cb1  Sweep_GetResults                  
00004cd5  __aeabi_ui2d                      
00004cd5  __floatunsidf                     
00004cf9  __aeabi_lmul                      
00004cf9  __muldi3                          
00004d1d  DL_VREF_configReference           
00004d3f  memccpy                           
00004e01  SYSCFG_DL_DAC12_init              
00004e21  TIMA0_IRQHandler                  
00004e9d  __aeabi_llsl                      
00004e9d  __ashldi3                         
00005179  DL_Timer_setCaptCompUpdateMethod  
00005195  DL_Timer_setClockConfig           
00005545  DL_Timer_setCaptureCompareOutCtl  
000055d5  SYSCFG_DL_DMA_CH0_init            
000055ed  SYSCFG_DL_DMA_CH1_init            
00005605  SYSCFG_DL_DMA_CH2_init            
0000561d  SYSCFG_DL_DMA_CH3_init            
00005635  SYSCFG_DL_SYSCTL_CLK_init         
0000564d  Start_Sweep_Task                  
00005759  WriteCmd                          
0000576f  WriteData                         
00005785  AD9834_Set_Wave                   
00005861  SYSCFG_DL_VREF_init               
00005875  __aeabi_uldivmod                  
000058af  DL_SPI_setClockConfig             
000058d3  DL_UART_setClockConfig            
000058e5  TI_memcpy_small                   
000058f7  __TI_decompress_none              
00005929  DL_Timer_setCaptureCompareValue   
00005939  Sweep_IsComplete                  
00005949  Sweep_IsRunning                   
00005959  wcslen                            
00005969  __TI_zero_init                    
00005979  ADC_Internal_Init                 
00005989  __aeabi_memset                    
00005989  __aeabi_memset4                   
00005989  __aeabi_memset8                   
000059a5  TI_memset_small                   
000059b5  AmplitudeControl_GetCurrentVoltage
000059c1  AmplitudeControl_Init             
000059d9  FreqControl_GetCurrentFreq        
000059e5  __aeabi_memclr                    
000059e5  __aeabi_memclr4                   
000059e5  __aeabi_memclr8                   
000059f1  DL_Common_delayCycles             
000059fb  OLED_Clear                        
00005a35  __aeabi_errno_addr                
00005a3d  __aeabi_memcpy                    
00005a3d  __aeabi_memcpy4                   
00005a3d  __aeabi_memcpy8                   
00005a45  abort                             
00005a4b  ADC0_IRQHandler                   
00005a4b  ADC1_IRQHandler                   
00005a4b  AES_IRQHandler                    
00005a4b  CANFD0_IRQHandler                 
00005a4b  DAC0_IRQHandler                   
00005a4b  DMA_IRQHandler                    
00005a4b  Default_Handler                   
00005a4b  GROUP0_IRQHandler                 
00005a4b  GROUP1_IRQHandler                 
00005a4b  HardFault_Handler                 
00005a4b  I2C0_IRQHandler                   
00005a4b  I2C1_IRQHandler                   
00005a4b  NMI_Handler                       
00005a4b  PendSV_Handler                    
00005a4b  RTC_IRQHandler                    
00005a4b  SPI0_IRQHandler                   
00005a4b  SVC_Handler                       
00005a4b  SysTick_Handler                   
00005a4b  TIMA1_IRQHandler                  
00005a4b  TIMG0_IRQHandler                  
00005a4b  TIMG12_IRQHandler                 
00005a4b  TIMG6_IRQHandler                  
00005a4b  TIMG7_IRQHandler                  
00005a4b  TIMG8_IRQHandler                  
00005a4b  UART0_IRQHandler                  
00005a4b  UART1_IRQHandler                  
00005a4b  UART2_IRQHandler                  
00005a4b  UART3_IRQHandler                  
00005a4e  C$$EXIT                           
00005a4f  HOSTexit                          
00005a69  Reset_Handler                     
00005a7d  _system_pre_init                  
00005a80  F8X16                             
00006070  F6x8                              
000062a0  __aeabi_ctype_table_              
000062a0  __aeabi_ctype_table_C             
000065d4  __TI_Handler_Table_Base           
000065e0  __TI_Handler_Table_Limit          
000065e8  __TI_CINIT_Base                   
000065f8  __TI_CINIT_Limit                  
000065f8  __TI_CINIT_Warm                   
20200000  __start___llvm_prf_bits           
20200000  __start___llvm_prf_cnts           
20200000  __stop___llvm_prf_bits            
20200000  __stop___llvm_prf_cnts            
20200960  gTIMER_0Backup                    
20200a1c  gPWM_0Backup                      
20200b3c  gSPI_0Backup                      
20200b64  gSPI_1Backup                      
20200c3c  __aeabi_errno                     
20200c58  AD7606_RX_flag                    
20203e00  __stack                           
20204000  __STACK_END                       
ffffffff  __TI_pprof_out_hndl               
ffffffff  __TI_prof_data_size               
ffffffff  __TI_prof_data_start              
ffffffff  __binit__                         
ffffffff  binit                             
UNDEFED   __mpu_init                        
UNDEFED   _system_post_cinit                

[254 symbols]
