******************************************************************************
            TI ARM Clang Linker PC v3.2.2                      
******************************************************************************
>> Linked Fri Jul 12 19:27:44 2024

OUTPUT FILE NAME:   <Switch_Led.out>
ENTRY POINT SYMBOL: "_c_int00_noargs"  address: 000031e9


MEMORY CONFIGURATION

         name            origin    length      used     unused   attr    fill
----------------------  --------  ---------  --------  --------  ----  --------
  FLASH                 00000000   00020000  00003d00  0001c300  R  X
  SRAM                  20200000   00008000  00000204  00007dfc  RW X
  BCR_CONFIG            41c00000   00000080  00000000  00000080  R   
  BSL_CONFIG            41c00100   00000080  00000000  00000080  R   


SEGMENT ALLOCATION MAP

run origin  load origin   length   init length attrs members
----------  ----------- ---------- ----------- ----- -------
00000000    00000000    00003398   00003398    r-x
  00000000    00000000    000000c0   000000c0    r-- .intvecs
  000000c0    000000c0    000032d8   000032d8    r-x .text
000033a0    000033a0    00000968   00000968    r--
  000033a0    000033a0    00000950   00000950    r-- .rodata
  00003cf0    00003cf0    00000018   00000018    r-- .cinit
20200000    20200000    00000004   00000000    rw-
  20200000    20200000    00000004   00000000    rw- .data
20207e00    20207e00    00000200   00000000    rw-
  20207e00    20207e00    00000200   00000000    rw- .stack


SECTION ALLOCATION MAP

 output                                  attributes/
section   page    origin      length       input sections
--------  ----  ----------  ----------   ----------------
.intvecs   0    00000000    000000c0     
                  00000000    000000c0     startup_mspm0g350x_ticlang.o (.intvecs)

.text      0    000000c0    000032d8     
                  000000c0    00000ab0     oled.o (.text.OLED_Init)
                  00000b70    00000a00     libc.a : _printfi.c.obj (.text:__TI_printfi)
                  00001570    000003c8     oled.o (.text.OLED_ShowStr)
                  00001938    000002ac     oled.o (.text.OLED_Fill)
                  00001be4    00000220     libc.a : _printfi.c.obj (.text._pconv_a)
                  00001e04    000001dc            : _printfi.c.obj (.text._pconv_g)
                  00001fe0    00000192     libclang_rt.builtins.a : adddf3.S.obj (.text.adddf3_subdf3)
                  00002172    00000002     startup_mspm0g350x_ticlang.o (.text.Default_Handler)
                  00002174    0000013c     libc.a : _printfi.c.obj (.text.fcvt)
                  000022b0    00000138     oled.o (.text.OLED_SetPos)
                  000023e8    00000120     libc.a : _printfi.c.obj (.text._pconv_e)
                  00002508    0000010c     libclang_rt.builtins.a : divdf3.S.obj (.text.__divdf3)
                  00002614    000000e4                            : muldf3.S.obj (.text.__muldf3)
                  000026f8    000000d8     libc.a : s_scalbn.c.obj (.text.scalbn)
                  000027d0    000000a2     libclang_rt.builtins.a : udivmoddi4.S.obj (.text)
                  00002872    00000002                            : aeabi_div0.c.obj (.text.__aeabi_idiv0)
                  00002874    000000a0     ti_msp_dl_config.o (.text.SYSCFG_DL_GPIO_init)
                  00002914    0000009a     libc.a : memcpy16.S.obj (.text:memcpy)
                  000029ae    00000002     libclang_rt.builtins.a : aeabi_div0.c.obj (.text.__aeabi_ldiv0)
                  000029b0    00000078     libc.a : copy_decompress_lzss.c.obj (.text:decompress:lzss)
                  00002a28    00000070     libclang_rt.builtins.a : comparedf2.c.obj (.text.__gedf2)
                  00002a98    0000006c                            : comparedf2.c.obj (.text.__ledf2)
                  00002b04    00000066     libc.a : _printfi.c.obj (.text._mcpy)
                  00002b6a    00000002     --HOLE-- [fill = 0]
                  00002b6c    00000062     libclang_rt.builtins.a : aeabi_dcmp.S.obj (.text.__aeabi_dcmp)
                  00002bce    00000062     libc.a : memset16.S.obj (.text:memset)
                  00002c30    0000005e     driverlib.a : dl_i2c.o (.text.DL_I2C_fillControllerTXFIFO)
                  00002c8e    00000002     --HOLE-- [fill = 0]
                  00002c90    0000005c     libc.a : s_frexp.c.obj (.text.frexp)
                  00002cec    00000058            : _ltoa.c.obj (.text.__TI_ltoa)
                  00002d44    00000058            : _printfi.c.obj (.text._pconv_f)
                  00002d9c    00000056     libclang_rt.builtins.a : aeabi_idivmod.S.obj (.text.__aeabi_idivmod)
                  00002df2    00000002     --HOLE-- [fill = 0]
                  00002df4    00000054     ti_msp_dl_config.o (.text.SYSCFG_DL_I2C_1_init)
                  00002e48    00000052     libc.a : _printfi.c.obj (.text._ecpy)
                  00002e9a    00000002     --HOLE-- [fill = 0]
                  00002e9c    00000050     Switch_Led_main.o (.text.GROUP1_IRQHandler)
                  00002eec    0000004c     Switch_Led_main.o (.text.main)
                  00002f38    0000004a     libclang_rt.builtins.a : fixdfsi.S.obj (.text.__fixdfsi)
                  00002f82    00000002     --HOLE-- [fill = 0]
                  00002f84    00000040                            : aeabi_uidivmod.S.obj (.text.__aeabi_uidivmod)
                  00002fc4    00000040                            : extendsfdf2.S.obj (.text.__extendsfdf2)
                  00003004    00000040     libc.a : atoi.c.obj (.text.atoi)
                  00003044    0000003c            : autoinit.c.obj (.text:__TI_auto_init_nobinit_nopinit)
                  00003080    0000003a     libclang_rt.builtins.a : muldsi3.S.obj (.text.__muldsi3)
                  000030ba    00000002     --HOLE-- [fill = 0]
                  000030bc    00000038     libc.a : sprintf.c.obj (.text.sprintf)
                  000030f4    00000034     oled.o (.text.OLED_Float_Num)
                  00003128    00000034     ti_msp_dl_config.o (.text.SYSCFG_DL_initPower)
                  0000315c    00000030     ti_msp_dl_config.o (.text.SYSCFG_DL_SYSCTL_init)
                  0000318c    00000030     libc.a : _printfi.c.obj (.text._fcpy)
                  000031bc    0000002c     libclang_rt.builtins.a : floatsidf.S.obj (.text.__floatsidf)
                  000031e8    00000028     libc.a : boot_cortex_m.c.obj (.text:_c_int00_noargs)
                  00003210    00000026     driverlib.a : dl_i2c.o (.text.DL_I2C_setClockConfig)
                  00003236    00000002     --HOLE-- [fill = 0]
                  00003238    00000024     libclang_rt.builtins.a : muldi3.S.obj (.text.__muldi3)
                  0000325c    00000022     libc.a : memccpy.c.obj (.text.memccpy)
                  0000327e    00000002     --HOLE-- [fill = 0]
                  00003280    0000001e     libclang_rt.builtins.a : ashldi3.S.obj (.text.__ashldi3)
                  0000329e    00000018     libc.a : sprintf.c.obj (.text._outs)
                  000032b6    00000014     ti_msp_dl_config.o (.text.SYSCFG_DL_init)
                  000032ca    00000002     --HOLE-- [fill = 0]
                  000032cc    00000014     libclang_rt.builtins.a : aeabi_uldivmod.S.obj (.text.__aeabi_uldivmod)
                  000032e0    00000014     libc.a : _printfi.c.obj (.text.strchr)
                  000032f4    00000012            : copy_decompress_none.c.obj (.text:decompress:none)
                  00003306    00000010            : wcslen.c.obj (.text.wcslen)
                  00003316    00000002     --HOLE-- [fill = 0]
                  00003318    0000000e     libclang_rt.builtins.a : aeabi_memset.S.obj (.text.__aeabi_memset)
                  00003326    0000000e     libc.a : _printfi.c.obj (.text.strlen)
                  00003334    0000000a     driverlib.a : dl_common.o (.text.DL_Common_delayCycles)
                  0000333e    0000000a     oled.o (.text.OLED_CLS)
                  00003348    0000000a     libc.a : _printfi.c.obj (.text.OUTLINED_FUNCTION_0)
                  00003352    00000002     --HOLE-- [fill = 0]
                  00003354    00000010     libclang_rt.builtins.a : adddf3.S.obj (.tramp.__aeabi_dsub.1)
                  00003364    0000000a     libc.a : _printfi.c.obj (.text.OUTLINED_FUNCTION_1)
                  0000336e    0000000a            : sprintf.c.obj (.text._outc)
                  00003378    00000008            : aeabi_portable.c.obj (.text.__aeabi_errno_addr)
                  00003380    00000008     libclang_rt.builtins.a : aeabi_memcpy.S.obj (.text.__aeabi_memcpy)
                  00003388    00000004     startup_mspm0g350x_ticlang.o (.text.Reset_Handler)
                  0000338c    00000004     libc.a : pre_init.c.obj (.text._system_pre_init)
                  00003390    00000004            : exit.c.obj (.text:abort)
                  00003394    00000004     --HOLE-- [fill = 0]

.cinit     0    00003cf0    00000018     
                  00003cf0    00000008     (__TI_handler_table)
                  00003cf8    00000007     (.cinit..data.load) [load image, compression = lzss]
                  00003cff    00000001     --HOLE-- [fill = 0]
                  00003d00    00000008     (__TI_cinit_table)

.rodata    0    000033a0    00000950     
                  000033a0    000005f0     oled.o (.rodata.F8X16)
                  00003990    00000228     oled.o (.rodata.F6x8)
                  00003bb8    00000005     oled.o (.rodata.str1.144172019884332786661)
                  00003bbd    00000003     Switch_Led_main.o (.rodata.str1.147279101645487323341)
                  00003bc0    00000101     libc.a : aeabi_ctype.S.obj (.rodata:__aeabi_ctype_table_)
                  00003cc1    00000011            : _printfi.c.obj (.rodata.str1.11645776875810915891)
                  00003cd2    00000011            : _printfi.c.obj (.rodata.str1.44690500295887128011)
                  00003ce3    00000003     Switch_Led_main.o (.rodata.str1.40906570417240058201)
                  00003ce6    00000002     ti_msp_dl_config.o (.rodata.gI2C_1ClockConfig)
                  00003ce8    00000008     --HOLE-- [fill = 0]

.init_array 
*          0    00000000    00000000     UNINITIALIZED

.binit     0    00000000    00000000     

.data      0    20200000    00000004     UNINITIALIZED
                  20200000    00000004     libc.a : aeabi_portable.c.obj (.data.__aeabi_errno)

.stack     0    20207e00    00000200     UNINITIALIZED
                  20207e00    00000004     libc.a : boot_cortex_m.c.obj (.stack)
                  20207e04    000001fc     --HOLE--

__llvm_prf_cnts 
*          0    20200000    00000000     UNINITIALIZED

__llvm_prf_bits 
*          0    20200000    00000000     UNINITIALIZED

MODULE SUMMARY

       Module                         code    ro data   rw data
       ------                         ----    -------   -------
    .\
       ti_msp_dl_config.o             364     2         0      
       startup_mspm0g350x_ticlang.o   6       192       0      
       Switch_Led_main.o              156     6         0      
    +--+------------------------------+-------+---------+---------+
       Total:                         526     200       0      
                                                               
    .\OLED\
       oled.o                         4762    2077      0      
    +--+------------------------------+-------+---------+---------+
       Total:                         4762    2077      0      
                                                               
    D:/CCS/mspm0_sdk_2_01_00_03/source/ti/driverlib/lib/ticlang/m0p/mspm0g1x0x_g3x0x/driverlib.a
       dl_i2c.o                       132     0         0      
       dl_common.o                    10      0         0      
    +--+------------------------------+-------+---------+---------+
       Total:                         142     0         0      
                                                               
    D:\CCS\ccs\tools\compiler\ti-cgt-armllvm_3.2.2.LTS\lib\armv6m-ti-none-eabi/c/libc.a
       _printfi.c.obj                 4558    34        0      
       aeabi_ctype.S.obj              0       257       0      
       s_scalbn.c.obj                 216     0         0      
       memcpy16.S.obj                 154     0         0      
       copy_decompress_lzss.c.obj     120     0         0      
       memset16.S.obj                 98      0         0      
       s_frexp.c.obj                  92      0         0      
       sprintf.c.obj                  90      0         0      
       _ltoa.c.obj                    88      0         0      
       atoi.c.obj                     64      0         0      
       autoinit.c.obj                 60      0         0      
       boot_cortex_m.c.obj            40      0         0      
       memccpy.c.obj                  34      0         0      
       copy_decompress_none.c.obj     18      0         0      
       wcslen.c.obj                   16      0         0      
       aeabi_portable.c.obj           8       0         4      
       exit.c.obj                     4       0         0      
       pre_init.c.obj                 4       0         0      
    +--+------------------------------+-------+---------+---------+
       Total:                         5664    291       4      
                                                               
    D:\CCS\ccs\tools\compiler\ti-cgt-armllvm_3.2.2.LTS\lib\clang/15.0.7/lib/armv6m-ti-none-eabi/libclang_rt.builtins.a
       adddf3.S.obj                   418     0         0      
       divdf3.S.obj                   268     0         0      
       muldf3.S.obj                   228     0         0      
       comparedf2.c.obj               220     0         0      
       udivmoddi4.S.obj               162     0         0      
       aeabi_dcmp.S.obj               98      0         0      
       aeabi_idivmod.S.obj            86      0         0      
       fixdfsi.S.obj                  74      0         0      
       aeabi_uidivmod.S.obj           64      0         0      
       extendsfdf2.S.obj              64      0         0      
       muldsi3.S.obj                  58      0         0      
       floatsidf.S.obj                44      0         0      
       muldi3.S.obj                   36      0         0      
       ashldi3.S.obj                  30      0         0      
       aeabi_uldivmod.S.obj           20      0         0      
       aeabi_memset.S.obj             14      0         0      
       aeabi_memcpy.S.obj             8       0         0      
       aeabi_div0.c.obj               4       0         0      
    +--+------------------------------+-------+---------+---------+
       Total:                         1896    0         0      
                                                               
       Stack:                         0       0         512    
       Linker Generated:              0       23        0      
    +--+------------------------------+-------+---------+---------+
       Grand Total:                   12990   2591      516    


LINKER GENERATED COPY TABLES

__TI_cinit_table @ 00003d00 records: 1, size/record: 8, table size: 8
	.data: load addr=00003cf8, load size=00000007 bytes, run addr=20200000, run size=00000004 bytes, compression=lzss


LINKER GENERATED HANDLER TABLE

__TI_handler_table @ 00003cf0 records: 2, size/record: 4, table size: 8
	index: 0, handler: __TI_decompress_lzss
	index: 1, handler: __TI_decompress_none


FAR CALL TRAMPOLINES

callee name               trampoline name
   callee addr  tramp addr   call addr  call info
--------------  -----------  ---------  ----------------
__aeabi_dsub              $Tramp$TT$L$PI$$__aeabi_dsub
   00001fe1     00003354     00003350   libc.a : _printfi.c.obj (.text.OUTLINED_FUNCTION_0)

[1 trampolines]
[1 trampoline calls]


GLOBAL SYMBOLS: SORTED ALPHABETICALLY BY Name 

address   name                          
-------   ----                          
00002173  ADC0_IRQHandler               
00002173  ADC1_IRQHandler               
00002173  AES_IRQHandler                
00003390  C$$EXIT                       
00002173  CANFD0_IRQHandler             
00002173  DAC0_IRQHandler               
00003335  DL_Common_delayCycles         
00002c31  DL_I2C_fillControllerTXFIFO   
00003211  DL_I2C_setClockConfig         
00002173  DMA_IRQHandler                
00002173  Default_Handler               
00003990  F6x8                          
000033a0  F8X16                         
00002173  GROUP0_IRQHandler             
00002e9d  GROUP1_IRQHandler             
00002173  HardFault_Handler             
00002173  I2C0_IRQHandler               
00002173  I2C1_IRQHandler               
00002173  NMI_Handler                   
0000333f  OLED_CLS                      
00001939  OLED_Fill                     
000030f5  OLED_Float_Num                
000000c1  OLED_Init                     
000022b1  OLED_SetPos                   
00001571  OLED_ShowStr                  
00002173  PendSV_Handler                
00002173  RTC_IRQHandler                
00003389  Reset_Handler                 
00002173  SPI0_IRQHandler               
00002173  SPI1_IRQHandler               
00002173  SVC_Handler                   
00002875  SYSCFG_DL_GPIO_init           
00002df5  SYSCFG_DL_I2C_1_init          
0000315d  SYSCFG_DL_SYSCTL_init         
000032b7  SYSCFG_DL_init                
00003129  SYSCFG_DL_initPower           
00002173  SysTick_Handler               
00002173  TIMA0_IRQHandler              
00002173  TIMA1_IRQHandler              
00002173  TIMG0_IRQHandler              
00002173  TIMG12_IRQHandler             
00002173  TIMG6_IRQHandler              
00002173  TIMG7_IRQHandler              
00002173  TIMG8_IRQHandler              
00002173  UART0_IRQHandler              
00002173  UART1_IRQHandler              
00002173  UART2_IRQHandler              
00002173  UART3_IRQHandler              
20208000  __STACK_END                   
00000200  __STACK_SIZE                  
00000000  __TI_ATRegion0_region_sz      
00000000  __TI_ATRegion0_src_addr       
00000000  __TI_ATRegion0_trg_addr       
00000000  __TI_ATRegion1_region_sz      
00000000  __TI_ATRegion1_src_addr       
00000000  __TI_ATRegion1_trg_addr       
00000000  __TI_ATRegion2_region_sz      
00000000  __TI_ATRegion2_src_addr       
00000000  __TI_ATRegion2_trg_addr       
00003d00  __TI_CINIT_Base               
00003d08  __TI_CINIT_Limit              
00003d08  __TI_CINIT_Warm               
00003cf0  __TI_Handler_Table_Base       
00003cf8  __TI_Handler_Table_Limit      
00003045  __TI_auto_init_nobinit_nopinit
000029b1  __TI_decompress_lzss          
000032f5  __TI_decompress_none          
00002ced  __TI_ltoa                     
ffffffff  __TI_pprof_out_hndl           
00000b71  __TI_printfi                  
ffffffff  __TI_prof_data_size           
ffffffff  __TI_prof_data_start          
00000000  __TI_static_base__            
00001feb  __adddf3                      
00003bc0  __aeabi_ctype_table_          
00003bc0  __aeabi_ctype_table_C         
00002f39  __aeabi_d2iz                  
00001feb  __aeabi_dadd                  
00002b6d  __aeabi_dcmpeq                
00002ba9  __aeabi_dcmpge                
00002bbd  __aeabi_dcmpgt                
00002b95  __aeabi_dcmple                
00002b81  __aeabi_dcmplt                
00002509  __aeabi_ddiv                  
00002615  __aeabi_dmul                  
00001fe1  __aeabi_dsub                  
20200000  __aeabi_errno                 
00003379  __aeabi_errno_addr            
00002fc5  __aeabi_f2d                   
000031bd  __aeabi_i2d                   
00002d9d  __aeabi_idiv                  
00002873  __aeabi_idiv0                 
00002d9d  __aeabi_idivmod               
000029af  __aeabi_ldiv0                 
00003281  __aeabi_llsl                  
00003239  __aeabi_lmul                  
00003381  __aeabi_memcpy                
00003381  __aeabi_memcpy4               
00003381  __aeabi_memcpy8               
00003319  __aeabi_memset                
00003319  __aeabi_memset4               
00003319  __aeabi_memset8               
00002f85  __aeabi_uidiv                 
00002f85  __aeabi_uidivmod              
000032cd  __aeabi_uldivmod              
00003281  __ashldi3                     
ffffffff  __binit__                     
00002a99  __cmpdf2                      
00002509  __divdf3                      
00002a99  __eqdf2                       
00002fc5  __extendsfdf2                 
00002f39  __fixdfsi                     
000031bd  __floatsidf                   
00002a29  __gedf2                       
00002a29  __gtdf2                       
00002a99  __ledf2                       
00002a99  __ltdf2                       
UNDEFED   __mpu_init                    
00002615  __muldf3                      
00003239  __muldi3                      
00003081  __muldsi3                     
00002a99  __nedf2                       
20207e00  __stack                       
20200000  __start___llvm_prf_bits       
20200000  __start___llvm_prf_cnts       
20200000  __stop___llvm_prf_bits        
20200000  __stop___llvm_prf_cnts        
00001fe1  __subdf3                      
000027d1  __udivmoddi4                  
000031e9  _c_int00_noargs               
UNDEFED   _system_post_cinit            
0000338d  _system_pre_init              
00003391  abort                         
00003005  atoi                          
ffffffff  binit                         
00002c91  frexp                         
00002c91  frexpl                        
00000000  interruptVectors              
000026f9  ldexp                         
000026f9  ldexpl                        
00002eed  main                          
0000325d  memccpy                       
00002915  memcpy                        
00002bcf  memset                        
000026f9  scalbn                        
000026f9  scalbnl                       
000030bd  sprintf                       
00003307  wcslen                        


GLOBAL SYMBOLS: SORTED BY Symbol Address 

address   name                          
-------   ----                          
00000000  __TI_ATRegion0_region_sz      
00000000  __TI_ATRegion0_src_addr       
00000000  __TI_ATRegion0_trg_addr       
00000000  __TI_ATRegion1_region_sz      
00000000  __TI_ATRegion1_src_addr       
00000000  __TI_ATRegion1_trg_addr       
00000000  __TI_ATRegion2_region_sz      
00000000  __TI_ATRegion2_src_addr       
00000000  __TI_ATRegion2_trg_addr       
00000000  __TI_static_base__            
00000000  interruptVectors              
000000c1  OLED_Init                     
00000200  __STACK_SIZE                  
00000b71  __TI_printfi                  
00001571  OLED_ShowStr                  
00001939  OLED_Fill                     
00001fe1  __aeabi_dsub                  
00001fe1  __subdf3                      
00001feb  __adddf3                      
00001feb  __aeabi_dadd                  
00002173  ADC0_IRQHandler               
00002173  ADC1_IRQHandler               
00002173  AES_IRQHandler                
00002173  CANFD0_IRQHandler             
00002173  DAC0_IRQHandler               
00002173  DMA_IRQHandler                
00002173  Default_Handler               
00002173  GROUP0_IRQHandler             
00002173  HardFault_Handler             
00002173  I2C0_IRQHandler               
00002173  I2C1_IRQHandler               
00002173  NMI_Handler                   
00002173  PendSV_Handler                
00002173  RTC_IRQHandler                
00002173  SPI0_IRQHandler               
00002173  SPI1_IRQHandler               
00002173  SVC_Handler                   
00002173  SysTick_Handler               
00002173  TIMA0_IRQHandler              
00002173  TIMA1_IRQHandler              
00002173  TIMG0_IRQHandler              
00002173  TIMG12_IRQHandler             
00002173  TIMG6_IRQHandler              
00002173  TIMG7_IRQHandler              
00002173  TIMG8_IRQHandler              
00002173  UART0_IRQHandler              
00002173  UART1_IRQHandler              
00002173  UART2_IRQHandler              
00002173  UART3_IRQHandler              
000022b1  OLED_SetPos                   
00002509  __aeabi_ddiv                  
00002509  __divdf3                      
00002615  __aeabi_dmul                  
00002615  __muldf3                      
000026f9  ldexp                         
000026f9  ldexpl                        
000026f9  scalbn                        
000026f9  scalbnl                       
000027d1  __udivmoddi4                  
00002873  __aeabi_idiv0                 
00002875  SYSCFG_DL_GPIO_init           
00002915  memcpy                        
000029af  __aeabi_ldiv0                 
000029b1  __TI_decompress_lzss          
00002a29  __gedf2                       
00002a29  __gtdf2                       
00002a99  __cmpdf2                      
00002a99  __eqdf2                       
00002a99  __ledf2                       
00002a99  __ltdf2                       
00002a99  __nedf2                       
00002b6d  __aeabi_dcmpeq                
00002b81  __aeabi_dcmplt                
00002b95  __aeabi_dcmple                
00002ba9  __aeabi_dcmpge                
00002bbd  __aeabi_dcmpgt                
00002bcf  memset                        
00002c31  DL_I2C_fillControllerTXFIFO   
00002c91  frexp                         
00002c91  frexpl                        
00002ced  __TI_ltoa                     
00002d9d  __aeabi_idiv                  
00002d9d  __aeabi_idivmod               
00002df5  SYSCFG_DL_I2C_1_init          
00002e9d  GROUP1_IRQHandler             
00002eed  main                          
00002f39  __aeabi_d2iz                  
00002f39  __fixdfsi                     
00002f85  __aeabi_uidiv                 
00002f85  __aeabi_uidivmod              
00002fc5  __aeabi_f2d                   
00002fc5  __extendsfdf2                 
00003005  atoi                          
00003045  __TI_auto_init_nobinit_nopinit
00003081  __muldsi3                     
000030bd  sprintf                       
000030f5  OLED_Float_Num                
00003129  SYSCFG_DL_initPower           
0000315d  SYSCFG_DL_SYSCTL_init         
000031bd  __aeabi_i2d                   
000031bd  __floatsidf                   
000031e9  _c_int00_noargs               
00003211  DL_I2C_setClockConfig         
00003239  __aeabi_lmul                  
00003239  __muldi3                      
0000325d  memccpy                       
00003281  __aeabi_llsl                  
00003281  __ashldi3                     
000032b7  SYSCFG_DL_init                
000032cd  __aeabi_uldivmod              
000032f5  __TI_decompress_none          
00003307  wcslen                        
00003319  __aeabi_memset                
00003319  __aeabi_memset4               
00003319  __aeabi_memset8               
00003335  DL_Common_delayCycles         
0000333f  OLED_CLS                      
00003379  __aeabi_errno_addr            
00003381  __aeabi_memcpy                
00003381  __aeabi_memcpy4               
00003381  __aeabi_memcpy8               
00003389  Reset_Handler                 
0000338d  _system_pre_init              
00003390  C$$EXIT                       
00003391  abort                         
000033a0  F8X16                         
00003990  F6x8                          
00003bc0  __aeabi_ctype_table_          
00003bc0  __aeabi_ctype_table_C         
00003cf0  __TI_Handler_Table_Base       
00003cf8  __TI_Handler_Table_Limit      
00003d00  __TI_CINIT_Base               
00003d08  __TI_CINIT_Limit              
00003d08  __TI_CINIT_Warm               
20200000  __aeabi_errno                 
20200000  __start___llvm_prf_bits       
20200000  __start___llvm_prf_cnts       
20200000  __stop___llvm_prf_bits        
20200000  __stop___llvm_prf_cnts        
20207e00  __stack                       
20208000  __STACK_END                   
ffffffff  __TI_pprof_out_hndl           
ffffffff  __TI_prof_data_size           
ffffffff  __TI_prof_data_start          
ffffffff  __binit__                     
ffffffff  binit                         
UNDEFED   __mpu_init                    
UNDEFED   _system_post_cinit            

[148 symbols]
